Archive member included to satisfy reference by file (symbol)

c:/program files/stm32cubeide_1.12.1/st/stm32cubeide_1.12.1/stm32cubeide/plugins/com.st.stm32cube.ide.mcu.externaltools.gnu-tools-for-stm32.10.3-2021.10.win32_1.0.200.202301161003/tools/bin/../lib/gcc/arm-none-eabi/10.3.1/../../../../arm-none-eabi/lib/thumb/v7e-m+fp/hard\libc_nano.a(lib_a-errno.o)
                              ./Core/Src/syscalls.o (__errno)
c:/program files/stm32cubeide_1.12.1/st/stm32cubeide_1.12.1/stm32cubeide/plugins/com.st.stm32cube.ide.mcu.externaltools.gnu-tools-for-stm32.10.3-2021.10.win32_1.0.200.202301161003/tools/bin/../lib/gcc/arm-none-eabi/10.3.1/../../../../arm-none-eabi/lib/thumb/v7e-m+fp/hard\libc_nano.a(lib_a-exit.o)
                              c:/program files/stm32cubeide_1.12.1/st/stm32cubeide_1.12.1/stm32cubeide/plugins/com.st.stm32cube.ide.mcu.externaltools.gnu-tools-for-stm32.10.3-2021.10.win32_1.0.200.202301161003/tools/bin/../lib/gcc/arm-none-eabi/10.3.1/../../../../arm-none-eabi/lib/thumb/v7e-m+fp/hard/crt0.o (exit)
c:/program files/stm32cubeide_1.12.1/st/stm32cubeide_1.12.1/stm32cubeide/plugins/com.st.stm32cube.ide.mcu.externaltools.gnu-tools-for-stm32.10.3-2021.10.win32_1.0.200.202301161003/tools/bin/../lib/gcc/arm-none-eabi/10.3.1/../../../../arm-none-eabi/lib/thumb/v7e-m+fp/hard\libc_nano.a(lib_a-impure.o)
                              c:/program files/stm32cubeide_1.12.1/st/stm32cubeide_1.12.1/stm32cubeide/plugins/com.st.stm32cube.ide.mcu.externaltools.gnu-tools-for-stm32.10.3-2021.10.win32_1.0.200.202301161003/tools/bin/../lib/gcc/arm-none-eabi/10.3.1/../../../../arm-none-eabi/lib/thumb/v7e-m+fp/hard\libc_nano.a(lib_a-exit.o) (_global_impure_ptr)
c:/program files/stm32cubeide_1.12.1/st/stm32cubeide_1.12.1/stm32cubeide/plugins/com.st.stm32cube.ide.mcu.externaltools.gnu-tools-for-stm32.10.3-2021.10.win32_1.0.200.202301161003/tools/bin/../lib/gcc/arm-none-eabi/10.3.1/../../../../arm-none-eabi/lib/thumb/v7e-m+fp/hard\libc_nano.a(lib_a-init.o)
                              c:/program files/stm32cubeide_1.12.1/st/stm32cubeide_1.12.1/stm32cubeide/plugins/com.st.stm32cube.ide.mcu.externaltools.gnu-tools-for-stm32.10.3-2021.10.win32_1.0.200.202301161003/tools/bin/../lib/gcc/arm-none-eabi/10.3.1/../../../../arm-none-eabi/lib/thumb/v7e-m+fp/hard/crt0.o (__libc_init_array)
c:/program files/stm32cubeide_1.12.1/st/stm32cubeide_1.12.1/stm32cubeide/plugins/com.st.stm32cube.ide.mcu.externaltools.gnu-tools-for-stm32.10.3-2021.10.win32_1.0.200.202301161003/tools/bin/../lib/gcc/arm-none-eabi/10.3.1/../../../../arm-none-eabi/lib/thumb/v7e-m+fp/hard\libc_nano.a(lib_a-memset.o)
                              c:/program files/stm32cubeide_1.12.1/st/stm32cubeide_1.12.1/stm32cubeide/plugins/com.st.stm32cube.ide.mcu.externaltools.gnu-tools-for-stm32.10.3-2021.10.win32_1.0.200.202301161003/tools/bin/../lib/gcc/arm-none-eabi/10.3.1/../../../../arm-none-eabi/lib/thumb/v7e-m+fp/hard/crt0.o (memset)
c:/program files/stm32cubeide_1.12.1/st/stm32cubeide_1.12.1/stm32cubeide/plugins/com.st.stm32cube.ide.mcu.externaltools.gnu-tools-for-stm32.10.3-2021.10.win32_1.0.200.202301161003/tools/bin/../lib/gcc/arm-none-eabi/10.3.1/../../../../arm-none-eabi/lib/thumb/v7e-m+fp/hard\libc_nano.a(lib_a-nano-vfprintf_float.o)
                              (_printf_float)
c:/program files/stm32cubeide_1.12.1/st/stm32cubeide_1.12.1/stm32cubeide/plugins/com.st.stm32cube.ide.mcu.externaltools.gnu-tools-for-stm32.10.3-2021.10.win32_1.0.200.202301161003/tools/bin/../lib/gcc/arm-none-eabi/10.3.1/../../../../arm-none-eabi/lib/thumb/v7e-m+fp/hard\libc_nano.a(lib_a-nano-vfprintf_i.o)
                              c:/program files/stm32cubeide_1.12.1/st/stm32cubeide_1.12.1/stm32cubeide/plugins/com.st.stm32cube.ide.mcu.externaltools.gnu-tools-for-stm32.10.3-2021.10.win32_1.0.200.202301161003/tools/bin/../lib/gcc/arm-none-eabi/10.3.1/../../../../arm-none-eabi/lib/thumb/v7e-m+fp/hard\libc_nano.a(lib_a-nano-vfprintf_float.o) (_printf_common)
c:/program files/stm32cubeide_1.12.1/st/stm32cubeide_1.12.1/stm32cubeide/plugins/com.st.stm32cube.ide.mcu.externaltools.gnu-tools-for-stm32.10.3-2021.10.win32_1.0.200.202301161003/tools/bin/../lib/gcc/arm-none-eabi/10.3.1/../../../../arm-none-eabi/lib/thumb/v7e-m+fp/hard\libc_nano.a(lib_a-sprintf.o)
                              ./Core/Src/main.o (sprintf)
c:/program files/stm32cubeide_1.12.1/st/stm32cubeide_1.12.1/stm32cubeide/plugins/com.st.stm32cube.ide.mcu.externaltools.gnu-tools-for-stm32.10.3-2021.10.win32_1.0.200.202301161003/tools/bin/../lib/gcc/arm-none-eabi/10.3.1/../../../../arm-none-eabi/lib/thumb/v7e-m+fp/hard\libc_nano.a(lib_a-strlen.o)
                              c:/program files/stm32cubeide_1.12.1/st/stm32cubeide_1.12.1/stm32cubeide/plugins/com.st.stm32cube.ide.mcu.externaltools.gnu-tools-for-stm32.10.3-2021.10.win32_1.0.200.202301161003/tools/bin/../lib/gcc/arm-none-eabi/10.3.1/../../../../arm-none-eabi/lib/thumb/v7e-m+fp/hard\libc_nano.a(lib_a-nano-vfprintf_float.o) (strlen)
[...]
Memory Configuration

Name             Origin             Length             Attributes
RAM              0x0000000020000000 0x0000000000020000 xrw
FLASH            0x0000000008000000 0x0000000000080000 xr
*default*        0x0000000000000000 0xffffffffffffffff

Linker script and memory map

LOAD c:/program files/stm32cubeide_1.12.1/st/stm32cubeide_1.12.1/stm32cubeide/plugins/com.st.stm32cube.ide.mcu.externaltools.gnu-tools-for-stm32.10.3-2021.10.win32_1.0.200.202301161003/tools/bin/../lib/gcc/arm-none-eabi/10.3.1/thumb/v7e-m+fp/hard/crti.o
LOAD c:/program files/stm32cubeide_1.12.1/st/stm32cubeide_1.12.1/stm32cubeide/plugins/com.st.stm32cube.ide.mcu.externaltools.gnu-tools-for-stm32.10.3-2021.10.win32_1.0.200.202301161003/tools/bin/../lib/gcc/arm-none-eabi/10.3.1/thumb/v7e-m+fp/hard/crtbegin.o
LOAD c:/program files/stm32cubeide_1.12.1/st/stm32cubeide_1.12.1/stm32cubeide/plugins/com.st.stm32cube.ide.mcu.externaltools.gnu-tools-for-stm32.10.3-2021.10.win32_1.0.200.202301161003/tools/bin/../lib/gcc/arm-none-eabi/10.3.1/../../../../arm-none-eabi/lib/thumb/v7e-m+fp/hard/crt0.o
LOAD ./Core/Src/main.o
LOAD ./Core/Src/stm32f4xx_hal_msp.o
LOAD ./Core/Src/stm32f4xx_it.o
LOAD ./Core/Src/syscalls.o
LOAD ./Core/Src/sysmem.o
LOAD ./Core/Src/system_stm32f4xx.o
LOAD ./Core/Startup/startup_stm32f446retx.o
LOAD ./Drivers/STM32F4xx_HAL_Driver/stm32f4xx_hal.o
LOAD ./Drivers/STM32F4xx_HAL_Driver/stm32f4xx_hal_cortex.o
LOAD ./Drivers/STM32F4xx_HAL_Driver/stm32f4xx_hal_dma.o
LOAD ./Drivers/STM32F4xx_HAL_Driver/stm32f4xx_hal_dma_ex.o
LOAD ./Drivers/STM32F4xx_HAL_Driver/stm32f4xx_hal_exti.o
LOAD ./Drivers/STM32F4xx_HAL_Driver/stm32f4xx_hal_flash.o
LOAD ./Drivers/STM32F4xx_HAL_Driver/stm32f4xx_hal_flash_ex.o
LOAD ./Drivers/STM32F4xx_HAL_Driver/stm32f4xx_hal_flash_ramfunc.o
LOAD ./Drivers/STM32F4xx_HAL_Driver/stm32f4xx_hal_gpio.o
LOAD ./Drivers/STM32F4xx_HAL_Driver/stm32f4xx_hal_pwr.o
LOAD ./Drivers/STM32F4xx_HAL_Driver/stm32f4xx_hal_pwr_ex.o
LOAD ./Drivers/STM32F4xx_HAL_Driver/stm32f4xx_hal_rcc.o
LOAD ./Drivers/STM32F4xx_HAL_Driver/stm32f4xx_hal_rcc_ex.o
LOAD ./Drivers/STM32F4xx_HAL_Driver/stm32f4xx_hal_tim.o
LOAD ./Drivers/STM32F4xx_HAL_Driver/stm32f4xx_hal_tim_ex.o
LOAD ./Drivers/STM32F4xx_HAL_Driver/stm32f4xx_hal_uart.o
START GROUP
LOAD c:/program files/stm32cubeide_1.12.1/st/stm32cubeide_1.12.1/stm32cubeide/plugins/com.st.stm32cube.ide.mcu.externaltools.gnu-tools-for-stm32.10.3-2021.10.win32_1.0.200.202301161003/tools/bin/../lib/gcc/arm-none-eabi/10.3.1/../../../../arm-none-eabi/lib/thumb/v7e-m+fp/hard\libc_nano.a
LOAD c:/program files/stm32cubeide_1.12.1/st/stm32cubeide_1.12.1/stm32cubeide/plugins/com.st.stm32cube.ide.mcu.externaltools.gnu-tools-for-stm32.10.3-2021.10.win32_1.0.200.202301161003/tools/bin/../lib/gcc/arm-none-eabi/10.3.1/../../../../arm-none-eabi/lib/thumb/v7e-m+fp/hard\libm.a
END GROUP
START GROUP
LOAD c:/program files/stm32cubeide_1.12.1/st/stm32cubeide_1.12.1/stm32cubeide/plugins/com.st.stm32cube.ide.mcu.externaltools.gnu-tools-for-stm32.10.3-2021.10.win32_1.0.200.202301161003/tools/bin/../lib/gcc/arm-none-eabi/10.3.1/thumb/v7e-m+fp/hard\libgcc.a
LOAD c:/program files/stm32cubeide_1.12.1/st/stm32cubeide_1.12.1/stm32cubeide/plugins/com.st.stm32cube.ide.mcu.externaltools.gnu-tools-for-stm32.10.3-2021.10.win32_1.0.200.202301161003/tools/bin/../lib/gcc/arm-none-eabi/10.3.1/../../../../arm-none-eabi/lib/thumb/v7e-m+fp/hard\libc_nano.a
END GROUP
START GROUP
LOAD c:/program files/stm32cubeide_1.12.1/st/stm32cubeide_1.12.1/stm32cubeide/plugins/com.st.stm32cube.ide.mcu.externaltools.gnu-tools-for-stm32.10.3-2021.10.win32_1.0.200.202301161003/tools/bin/../lib/gcc/arm-none-eabi/10.3.1/thumb/v7e-m+fp/hard\libgcc.a
LOAD c:/program files/stm32cubeide_1.12.1/st/stm32cubeide_1.12.1/stm32cubeide/plugins/com.st.stm32cube.ide.mcu.externaltools.gnu-tools-for-stm32.10.3-2021.10.win32_1.0.200.202301161003/tools/bin/../lib/gcc/arm-none-eabi/10.3.1/../../../../arm-none-eabi/lib/thumb/v7e-m+fp/hard\libc_nano.a
LOAD c:/program files/stm32cubeide_1.12.1/st/stm32cubeide_1.12.1/stm32cubeide/plugins/com.st.stm32cube.ide.mcu.externaltools.gnu-tools-for-stm32.10.3-2021.10.win32_1.0.200.202301161003/tools/bin/../lib/gcc/arm-none-eabi/10.3.1/../../../../arm-none-eabi/lib/thumb/v7e-m+fp/hard\libnosys.a
END GROUP
START GROUP
LOAD c:/program files/stm32cubeide_1.12.1/st/stm32cubeide_1.12.1/stm32cubeide/plugins/com.st.stm32cube.ide.mcu.externaltools.gnu-tools-for-stm32.10.3-2021.10.win32_1.0.200.202301161003/tools/bin/../lib/gcc/arm-none-eabi/10.3.1/thumb/v7e-m+fp/hard\libgcc.a
LOAD c:/program files/stm32cubeide_1.12.1/st/stm32cubeide_1.12.1/stm32cubeide/plugins/com.st.stm32cube.ide.mcu.externaltools.gnu-tools-for-stm32.10.3-2021.10.win32_1.0.200.202301161003/tools/bin/../lib/gcc/arm-none-eabi/10.3.1/../../../../arm-none-eabi/lib/thumb/v7e-m+fp/hard\libc_nano.a
LOAD c:/program files/stm32cubeide_1.12.1/st/stm32cubeide_1.12.1/stm32cubeide/plugins/com.st.stm32cube.ide.mcu.externaltools.gnu-tools-for-stm32.10.3-2021.10.win32_1.0.200.202301161003/tools/bin/../lib/gcc/arm-none-eabi/10.3.1/../../../../arm-none-eabi/lib/thumb/v7e-m+fp/hard\libnosys.a
END GROUP
LOAD c:/program files/stm32cubeide_1.12.1/st/stm32cubeide_1.12.1/stm32cubeide/plugins/com.st.stm32cube.ide.mcu.externaltools.gnu-tools-for-stm32.10.3-2021.10.win32_1.0.200.202301161003/tools/bin/../lib/gcc/arm-none-eabi/10.3.1/thumb/v7e-m+fp/hard/crtend.o
LOAD c:/program files/stm32cubeide_1.12.1/st/stm32cubeide_1.12.1/stm32cubeide/plugins/com.st.stm32cube.ide.mcu.externaltools.gnu-tools-for-stm32.10.3-2021.10.win32_1.0.200.202301161003/tools/bin/../lib/gcc/arm-none-eabi/10.3.1/thumb/v7e-m+fp/hard/crtn.o
                0x0000000020020000                _estack = (ORIGIN (RAM) + LENGTH (RAM))
                0x0000000000000200                _Min_Heap_Size = 0x200
                0x0000000000000400                _Min_Stack_Size = 0x400

.isr_vector     0x0000000008000000      0x1c4
                0x0000000008000000                . = ALIGN (0x4)
 *(.isr_vector)
 .isr_vector    0x0000000008000000      0x1c4 ./Core/Startup/startup_stm32f446retx.o
                0x0000000008000000                g_pfnVectors
                0x00000000080001c4                . = ALIGN (0x4)

.text           0x00000000080001d0     0x7bc0
                0x00000000080001d0                . = ALIGN (0x4)
 *(.text)
 .text          0x00000000080001d0       0x40 c:/program files/stm32cubeide_1.12.1/st/stm32cubeide_1.12.1/stm32cubeide/plugins/com.st.stm32cube.ide.mcu.externaltools.gnu-tools-for-stm32.10.3-2021.10.win32_1.0.200.202301161003/tools/bin/../lib/gcc/arm-none-eabi/10.3.1/thumb/v7e-m+fp/hard/crtbegin.o
 .text          0x0000000008000210       0x10 c:/program files/stm32cubeide_1.12.1/st/stm32cubeide_1.12.1/stm32cubeide/plugins/com.st.stm32cube.ide.mcu.externaltools.gnu-tools-for-stm32.10.3-2021.10.win32_1.0.200.202301161003/tools/bin/../lib/gcc/arm-none-eabi/10.3.1/../../../../arm-none-eabi/lib/thumb/v7e-m+fp/hard\libc_nano.a(lib_a-strlen.o)
                0x0000000008000210                strlen
 .text          0x0000000008000220       0xa0 c:/program files/stm32cubeide_1.12.1/st/stm32cubeide_1.12.1/stm32cubeide/plugins/com.st.stm32cube.ide.mcu.externaltools.gnu-tools-for-stm32.10.3-2021.10.win32_1.0.200.202301161003/tools/bin/../lib/gcc/arm-none-eabi/10.3.1/../../../../arm-none-eabi/lib/thumb/v7e-m+fp/hard\libc_nano.a(lib_a-memchr.o)
                0x0000000008000220                memchr
 .text          0x00000000080002c0      0x378 c:/program files/stm32cubeide_1.12.1/st/stm32cubeide_1.12.1/stm32cubeide/plugins/com.st.stm32cube.ide.mcu.externaltools.gnu-tools-for-stm32.10.3-2021.10.win32_1.0.200.202301161003/tools/bin/../lib/gcc/arm-none-eabi/10.3.1/thumb/v7e-m+fp/hard\libgcc.a(_arm_addsubdf3.o)
                0x00000000080002c0                __aeabi_drsub
                0x00000000080002c8                __aeabi_dsub
                0x00000000080002c8                __subdf3
                0x00000000080002cc                __aeabi_dadd
                0x00000000080002cc                __adddf3
                0x0000000008000544                __floatunsidf
                0x0000000008000544                __aeabi_ui2d
                0x0000000008000564                __floatsidf
                0x0000000008000564                __aeabi_i2d
                0x0000000008000588                __aeabi_f2d
                0x0000000008000588                __extendsfdf2
                0x00000000080005cc                __floatundidf
                0x00000000080005cc                __aeabi_ul2d
                0x00000000080005dc                __floatdidf
                0x00000000080005dc                __aeabi_l2d
 .text          0x0000000008000638      0x424 c:/program files/stm32cubeide_1.12.1/st/stm32cubeide_1.12.1/stm32cubeide/plugins/com.st.stm32cube.ide.mcu.externaltools.gnu-tools-for-stm32.10.3-2021.10.win32_1.0.200.202301161003/tools/bin/../lib/gcc/arm-none-eabi/10.3.1/thumb/v7e-m+fp/hard\libgcc.a(_arm_muldivdf3.o)
                0x0000000008000638                __aeabi_dmul
                0x0000000008000638                __muldf3
                0x000000000800088c                __divdf3
                0x000000000800088c                __aeabi_ddiv
 .text          0x0000000008000a5c      0x110 c:/program files/stm32cubeide_1.12.1/st/stm32cubeide_1.12.1/stm32cubeide/plugins/com.st.stm32cube.ide.mcu.externaltools.gnu-tools-for-stm32.10.3-2021.10.win32_1.0.200.202301161003/tools/bin/../lib/gcc/arm-none-eabi/10.3.1/thumb/v7e-m+fp/hard\libgcc.a(_arm_cmpdf2.o)
                0x0000000008000a5c                __gtdf2
                0x0000000008000a5c                __gedf2
                0x0000000008000a64                __ltdf2
                0x0000000008000a64                __ledf2
                0x0000000008000a6c                __nedf2
                0x0000000008000a6c                __eqdf2
                0x0000000008000a6c                __cmpdf2
                0x0000000008000ae8                __aeabi_cdrcmple
                0x0000000008000af8                __aeabi_cdcmpeq
                0x0000000008000af8                __aeabi_cdcmple
                0x0000000008000b08                __aeabi_dcmpeq
                0x0000000008000b1c                __aeabi_dcmplt
                0x0000000008000b30                __aeabi_dcmple
                0x0000000008000b44                __aeabi_dcmpge
                0x0000000008000b58                __aeabi_dcmpgt
 .text          0x0000000008000b6c       0x2c c:/program files/stm32cubeide_1.12.1/st/stm32cubeide_1.12.1/stm32cubeide/plugins/com.st.stm32cube.ide.mcu.externaltools.gnu-tools-for-stm32.10.3-2021.10.win32_1.0.200.202301161003/tools/bin/../lib/gcc/arm-none-eabi/10.3.1/thumb/v7e-m+fp/hard\libgcc.a(_arm_unorddf2.o)
                0x0000000008000b6c                __unorddf2
                0x0000000008000b6c                __aeabi_dcmpun
 .text          0x0000000008000b98       0x50 c:/program files/stm32cubeide_1.12.1/st/stm32cubeide_1.12.1/stm32cubeide/plugins/com.st.stm32cube.ide.mcu.externaltools.gnu-tools-for-stm32.10.3-2021.10.win32_1.0.200.202301161003/tools/bin/../lib/gcc/arm-none-eabi/10.3.1/thumb/v7e-m+fp/hard\libgcc.a(_arm_fixdfsi.o)
                0x0000000008000b98                __aeabi_d2iz
                0x0000000008000b98                __fixdfsi
 .text          0x0000000008000be8       0xa0 c:/program files/stm32cubeide_1.12.1/st/stm32cubeide_1.12.1/stm32cubeide/plugins/com.st.stm32cube.ide.mcu.externaltools.gnu-tools-for-stm32.10.3-2021.10.win32_1.0.200.202301161003/tools/bin/../lib/gcc/arm-none-eabi/10.3.1/thumb/v7e-m+fp/hard\libgcc.a(_arm_truncdfsf2.o)
                0x0000000008000be8                __truncdfsf2
                0x0000000008000be8                __aeabi_d2f
 .text          0x0000000008000c88       0x30 c:/program files/stm32cubeide_1.12.1/st/stm32cubeide_1.12.1/stm32cubeide/plugins/com.st.stm32cube.ide.mcu.externaltools.gnu-tools-for-stm32.10.3-2021.10.win32_1.0.200.202301161003/tools/bin/../lib/gcc/arm-none-eabi/10.3.1/thumb/v7e-m+fp/hard\libgcc.a(_aeabi_uldivmod.o)
                0x0000000008000c88                __aeabi_uldivmod
 .text          0x0000000008000cb8      0x2d0 c:/program files/stm32cubeide_1.12.1/st/stm32cubeide_1.12.1/stm32cubeide/plugins/com.st.stm32cube.ide.mcu.externaltools.gnu-tools-for-stm32.10.3-2021.10.win32_1.0.200.202301161003/tools/bin/../lib/gcc/arm-none-eabi/10.3.1/thumb/v7e-m+fp/hard\libgcc.a(_udivmoddi4.o)
                0x0000000008000cb8                __udivmoddi4
 .text          0x0000000008000f88        0x4 c:/program files/stm32cubeide_1.12.1/st/stm32cubeide_1.12.1/stm32cubeide/plugins/com.st.stm32cube.ide.mcu.externaltools.gnu-tools-for-stm32.10.3-2021.10.win32_1.0.200.202301161003/tools/bin/../lib/gcc/arm-none-eabi/10.3.1/thumb/v7e-m+fp/hard\libgcc.a(_dvmd_tls.o)
                0x0000000008000f88                __aeabi_idiv0
                0x0000000008000f88                __aeabi_ldiv0
 *(.text*)
 .text.main     0x0000000008000f8c      0x234 ./Core/Src/main.o
                0x0000000008000f8c                main
 .text.SystemClock_Config
                0x00000000080011c0       0xdc ./Core/Src/main.o
                0x00000000080011c0                SystemClock_Config
 .text.MX_TIM6_Init
                0x000000000800129c       0x70 ./Core/Src/main.o
 .text.MX_TIM7_Init
                0x000000000800130c       0x70 ./Core/Src/main.o
 .text.MX_USART2_UART_Init
                0x000000000800137c       0x54 ./Core/Src/main.o
 .text.MX_GPIO_Init
                0x00000000080013d0      0x198 ./Core/Src/main.o
 .text.rot_get_state
                0x0000000008001568       0x2c ./Core/Src/main.o
                0x0000000008001568                rot_get_state
 .text.HAL_GPIO_EXTI_Callback
                0x0000000008001594      0x138 ./Core/Src/main.o
                0x0000000008001594                HAL_GPIO_EXTI_Callback
 *fill*         0x00000000080016cc        0x4 
 .text.Calculate_Rotation
                0x00000000080016d0      0x294 ./Core/Src/main.o
                0x00000000080016d0                Calculate_Rotation
 .text.GetConstantFilter
                0x0000000008001964      0x264 ./Core/Src/main.o
                0x0000000008001964                GetConstantFilter
 .text.EnablePhaseA
                0x0000000008001bc8       0x18 ./Core/Src/main.o
                0x0000000008001bc8                EnablePhaseA
 .text.EnablePhaseB
                0x0000000008001be0       0x18 ./Core/Src/main.o
                0x0000000008001be0                EnablePhaseB
 .text.CW_Direction
                0x0000000008001bf8      0x300 ./Core/Src/main.o
                0x0000000008001bf8                CW_Direction
 .text.HAL_TIM_PeriodElapsedCallback
                0x0000000008001ef8       0x38 ./Core/Src/main.o
                0x0000000008001ef8                HAL_TIM_PeriodElapsedCallback
 .text.Error_Handler
                0x0000000008001f30        0xa ./Core/Src/main.o
                0x0000000008001f30                Error_Handler
 .text.assert_failed
                0x0000000008001f3a       0x16 ./Core/Src/main.o
                0x0000000008001f3a                assert_failed
 .text.HAL_MspInit
                0x0000000008001f50       0x50 ./Core/Src/stm32f4xx_hal_msp.o
                0x0000000008001f50                HAL_MspInit
 .text.HAL_TIM_Base_MspInit
                0x0000000008001fa0       0x7c ./Core/Src/stm32f4xx_hal_msp.o
                0x0000000008001fa0                HAL_TIM_Base_MspInit
 .text.HAL_UART_MspInit
                0x000000000800201c       0x90 ./Core/Src/stm32f4xx_hal_msp.o
                0x000000000800201c                HAL_UART_MspInit
 .text.NMI_Handler
                0x00000000080020ac        0x6 ./Core/Src/stm32f4xx_it.o
                0x00000000080020ac                NMI_Handler
 .text.HardFault_Handler
                0x00000000080020b2        0x6 ./Core/Src/stm32f4xx_it.o
                0x00000000080020b2                HardFault_Handler
 .text.MemManage_Handler
                0x00000000080020b8        0x6 ./Core/Src/stm32f4xx_it.o
                0x00000000080020b8                MemManage_Handler
 .text.BusFault_Handler
                0x00000000080020be        0x6 ./Core/Src/stm32f4xx_it.o
                0x00000000080020be                BusFault_Handler
 .text.UsageFault_Handler
                0x00000000080020c4        0x6 ./Core/Src/stm32f4xx_it.o
                0x00000000080020c4                UsageFault_Handler
 .text.SVC_Handler
                0x00000000080020ca        0xe ./Core/Src/stm32f4xx_it.o
                0x00000000080020ca                SVC_Handler
 .text.DebugMon_Handler
                0x00000000080020d8        0xe ./Core/Src/stm32f4xx_it.o
                0x00000000080020d8                DebugMon_Handler
 .text.PendSV_Handler
                0x00000000080020e6        0xe ./Core/Src/stm32f4xx_it.o
                0x00000000080020e6                PendSV_Handler
 .text.SysTick_Handler
                0x00000000080020f4        0xc ./Core/Src/stm32f4xx_it.o
                0x00000000080020f4                SysTick_Handler
 .text.EXTI0_IRQHandler
                0x0000000008002100        0xe ./Core/Src/stm32f4xx_it.o
                0x0000000008002100                EXTI0_IRQHandler
 .text.EXTI1_IRQHandler
                0x000000000800210e        0xe ./Core/Src/stm32f4xx_it.o
                0x000000000800210e                EXTI1_IRQHandler
 .text.EXTI15_10_IRQHandler
                0x000000000800211c       0x10 ./Core/Src/stm32f4xx_it.o
                0x000000000800211c                EXTI15_10_IRQHandler
 .text.TIM7_IRQHandler
                0x000000000800212c       0x14 ./Core/Src/stm32f4xx_it.o
                0x000000000800212c                TIM7_IRQHandler
 .text._getpid  0x0000000008002140       0x10 ./Core/Src/syscalls.o
                0x0000000008002140                _getpid
 .text._kill    0x0000000008002150       0x20 ./Core/Src/syscalls.o
                0x0000000008002150                _kill
 .text._exit    0x0000000008002170       0x14 ./Core/Src/syscalls.o
                0x0000000008002170                _exit
 .text._read    0x0000000008002184       0x3a ./Core/Src/syscalls.o
                0x0000000008002184                _read
 .text._write   0x00000000080021be       0x38 ./Core/Src/syscalls.o
                0x00000000080021be                _write
 .text._close   0x00000000080021f6       0x18 ./Core/Src/syscalls.o
                0x00000000080021f6                _close
 .text._fstat   0x000000000800220e       0x20 ./Core/Src/syscalls.o
                0x000000000800220e                _fstat
 .text._isatty  0x000000000800222e       0x16 ./Core/Src/syscalls.o
                0x000000000800222e                _isatty
 .text._lseek   0x0000000008002244       0x1a ./Core/Src/syscalls.o
                0x0000000008002244                _lseek
 *fill*         0x000000000800225e        0x2 
 .text._sbrk    0x0000000008002260       0x6c ./Core/Src/sysmem.o
                0x0000000008002260                _sbrk
 .text.SystemInit
                0x00000000080022cc       0x24 ./Core/Src/system_stm32f4xx.o
                0x00000000080022cc                SystemInit
 .text.Reset_Handler
                0x00000000080022f0       0x50 ./Core/Startup/startup_stm32f446retx.o
                0x00000000080022f0                Reset_Handler
 .text.Default_Handler
                0x0000000008002340        0x2 ./Core/Startup/startup_stm32f446retx.o
                0x0000000008002340                RTC_Alarm_IRQHandler
                0x0000000008002340                EXTI2_IRQHandler
                0x0000000008002340                TIM8_CC_IRQHandler
                0x0000000008002340                FMPI2C1_EV_IRQHandler
                0x0000000008002340                SPI4_IRQHandler
                0x0000000008002340                TIM1_CC_IRQHandler
                0x0000000008002340                DMA2_Stream5_IRQHandler
                0x0000000008002340                DMA1_Stream5_IRQHandler
                0x0000000008002340                PVD_IRQHandler
                0x0000000008002340                SDIO_IRQHandler
                0x0000000008002340                TAMP_STAMP_IRQHandler
                0x0000000008002340                CAN2_RX1_IRQHandler
                0x0000000008002340                EXTI3_IRQHandler
                0x0000000008002340                TIM8_TRG_COM_TIM14_IRQHandler
                0x0000000008002340                TIM1_UP_TIM10_IRQHandler
                0x0000000008002340                TIM8_UP_TIM13_IRQHandler
                0x0000000008002340                I2C3_ER_IRQHandler
                0x0000000008002340                I2C2_EV_IRQHandler
                0x0000000008002340                DMA1_Stream2_IRQHandler
                0x0000000008002340                CAN1_RX0_IRQHandler
                0x0000000008002340                FPU_IRQHandler
                0x0000000008002340                OTG_HS_WKUP_IRQHandler
                0x0000000008002340                CAN2_SCE_IRQHandler
                0x0000000008002340                DMA2_Stream2_IRQHandler
                0x0000000008002340                SPI1_IRQHandler
                0x0000000008002340                TIM6_DAC_IRQHandler
                0x0000000008002340                TIM1_BRK_TIM9_IRQHandler
                0x0000000008002340                DCMI_IRQHandler
                0x0000000008002340                CAN2_RX0_IRQHandler
                0x0000000008002340                DMA2_Stream3_IRQHandler
                0x0000000008002340                SAI2_IRQHandler
                0x0000000008002340                USART6_IRQHandler
                0x0000000008002340                USART3_IRQHandler
                0x0000000008002340                CAN1_RX1_IRQHandler
                0x0000000008002340                UART5_IRQHandler
                0x0000000008002340                DMA2_Stream0_IRQHandler
                0x0000000008002340                TIM4_IRQHandler
                0x0000000008002340                QUADSPI_IRQHandler
                0x0000000008002340                I2C1_EV_IRQHandler
                0x0000000008002340                DMA1_Stream6_IRQHandler
                0x0000000008002340                DMA1_Stream1_IRQHandler
                0x0000000008002340                UART4_IRQHandler
                0x0000000008002340                TIM3_IRQHandler
                0x0000000008002340                RCC_IRQHandler
                0x0000000008002340                TIM8_BRK_TIM12_IRQHandler
                0x0000000008002340                Default_Handler
                0x0000000008002340                CEC_IRQHandler
                0x0000000008002340                ADC_IRQHandler
                0x0000000008002340                DMA1_Stream7_IRQHandler
                0x0000000008002340                CAN2_TX_IRQHandler
                0x0000000008002340                TIM5_IRQHandler
                0x0000000008002340                DMA2_Stream7_IRQHandler
                0x0000000008002340                I2C3_EV_IRQHandler
                0x0000000008002340                EXTI9_5_IRQHandler
                0x0000000008002340                RTC_WKUP_IRQHandler
                0x0000000008002340                SPDIF_RX_IRQHandler
                0x0000000008002340                SPI2_IRQHandler
                0x0000000008002340                OTG_HS_EP1_IN_IRQHandler
                0x0000000008002340                DMA1_Stream0_IRQHandler
                0x0000000008002340                CAN1_TX_IRQHandler
                0x0000000008002340                FMPI2C1_ER_IRQHandler
                0x0000000008002340                EXTI4_IRQHandler
                0x0000000008002340                OTG_HS_EP1_OUT_IRQHandler
                0x0000000008002340                WWDG_IRQHandler
                0x0000000008002340                TIM2_IRQHandler
                0x0000000008002340                OTG_FS_WKUP_IRQHandler
                0x0000000008002340                TIM1_TRG_COM_TIM11_IRQHandler
                0x0000000008002340                OTG_HS_IRQHandler
                0x0000000008002340                USART2_IRQHandler
                0x0000000008002340                I2C2_ER_IRQHandler
                0x0000000008002340                DMA2_Stream1_IRQHandler
                0x0000000008002340                CAN1_SCE_IRQHandler
                0x0000000008002340                FLASH_IRQHandler
                0x0000000008002340                DMA2_Stream4_IRQHandler
                0x0000000008002340                USART1_IRQHandler
                0x0000000008002340                OTG_FS_IRQHandler
                0x0000000008002340                SPI3_IRQHandler
                0x0000000008002340                DMA1_Stream4_IRQHandler
                0x0000000008002340                I2C1_ER_IRQHandler
                0x0000000008002340                FMC_IRQHandler
                0x0000000008002340                DMA2_Stream6_IRQHandler
                0x0000000008002340                SAI1_IRQHandler
                0x0000000008002340                DMA1_Stream3_IRQHandler
 *fill*         0x0000000008002342        0x2 
 .text.HAL_Init
                0x0000000008002344       0x44 ./Drivers/STM32F4xx_HAL_Driver/stm32f4xx_hal.o
                0x0000000008002344                HAL_Init
 .text.HAL_InitTick
                0x0000000008002388       0x60 ./Drivers/STM32F4xx_HAL_Driver/stm32f4xx_hal.o
                0x0000000008002388                HAL_InitTick
 .text.HAL_IncTick
                0x00000000080023e8       0x28 ./Drivers/STM32F4xx_HAL_Driver/stm32f4xx_hal.o
                0x00000000080023e8                HAL_IncTick
 .text.HAL_GetTick
                0x0000000008002410       0x18 ./Drivers/STM32F4xx_HAL_Driver/stm32f4xx_hal.o
                0x0000000008002410                HAL_GetTick
 .text.HAL_Delay
                0x0000000008002428       0x48 ./Drivers/STM32F4xx_HAL_Driver/stm32f4xx_hal.o
                0x0000000008002428                HAL_Delay
 .text.__NVIC_SetPriorityGrouping
                0x0000000008002470       0x48 ./Drivers/STM32F4xx_HAL_Driver/stm32f4xx_hal_cortex.o
 .text.__NVIC_GetPriorityGrouping
                0x00000000080024b8       0x1c ./Drivers/STM32F4xx_HAL_Driver/stm32f4xx_hal_cortex.o
 .text.__NVIC_EnableIRQ
                0x00000000080024d4       0x3c ./Drivers/STM32F4xx_HAL_Driver/stm32f4xx_hal_cortex.o
 .text.__NVIC_SetPriority
                0x0000000008002510       0x54 ./Drivers/STM32F4xx_HAL_Driver/stm32f4xx_hal_cortex.o
 .text.NVIC_EncodePriority
                0x0000000008002564       0x66 ./Drivers/STM32F4xx_HAL_Driver/stm32f4xx_hal_cortex.o
 *fill*         0x00000000080025ca        0x2 
 .text.SysTick_Config
                0x00000000080025cc       0x44 ./Drivers/STM32F4xx_HAL_Driver/stm32f4xx_hal_cortex.o
 .text.HAL_NVIC_SetPriorityGrouping
                0x0000000008002610       0x40 ./Drivers/STM32F4xx_HAL_Driver/stm32f4xx_hal_cortex.o
                0x0000000008002610                HAL_NVIC_SetPriorityGrouping
 .text.HAL_NVIC_SetPriority
                0x0000000008002650       0x58 ./Drivers/STM32F4xx_HAL_Driver/stm32f4xx_hal_cortex.o
                0x0000000008002650                HAL_NVIC_SetPriority
 .text.HAL_NVIC_EnableIRQ
                0x00000000080026a8       0x30 ./Drivers/STM32F4xx_HAL_Driver/stm32f4xx_hal_cortex.o
                0x00000000080026a8                HAL_NVIC_EnableIRQ
 .text.HAL_SYSTICK_Config
                0x00000000080026d8       0x18 ./Drivers/STM32F4xx_HAL_Driver/stm32f4xx_hal_cortex.o
                0x00000000080026d8                HAL_SYSTICK_Config
 .text.HAL_GPIO_Init
                0x00000000080026f0      0x648 ./Drivers/STM32F4xx_HAL_Driver/stm32f4xx_hal_gpio.o
                0x00000000080026f0                HAL_GPIO_Init
 .text.HAL_GPIO_ReadPin
                0x0000000008002d38       0x4c ./Drivers/STM32F4xx_HAL_Driver/stm32f4xx_hal_gpio.o
                0x0000000008002d38                HAL_GPIO_ReadPin
 .text.HAL_GPIO_WritePin
                0x0000000008002d84       0x64 ./Drivers/STM32F4xx_HAL_Driver/stm32f4xx_hal_gpio.o
                0x0000000008002d84                HAL_GPIO_WritePin
 .text.HAL_GPIO_TogglePin
                0x0000000008002de8       0x50 ./Drivers/STM32F4xx_HAL_Driver/stm32f4xx_hal_gpio.o
                0x0000000008002de8                HAL_GPIO_TogglePin
 .text.HAL_GPIO_EXTI_IRQHandler
                0x0000000008002e38       0x30 ./Drivers/STM32F4xx_HAL_Driver/stm32f4xx_hal_gpio.o
                0x0000000008002e38                HAL_GPIO_EXTI_IRQHandler
 .text.HAL_RCC_ClockConfig
                0x0000000008002e68      0x34c ./Drivers/STM32F4xx_HAL_Driver/stm32f4xx_hal_rcc.o
                0x0000000008002e68                HAL_RCC_ClockConfig
 .text.HAL_RCC_GetHCLKFreq
                0x00000000080031b4       0x18 ./Drivers/STM32F4xx_HAL_Driver/stm32f4xx_hal_rcc.o
                0x00000000080031b4                HAL_RCC_GetHCLKFreq
 .text.HAL_RCC_GetPCLK1Freq
                0x00000000080031cc       0x28 ./Drivers/STM32F4xx_HAL_Driver/stm32f4xx_hal_rcc.o
                0x00000000080031cc                HAL_RCC_GetPCLK1Freq
 .text.HAL_RCC_GetPCLK2Freq
                0x00000000080031f4       0x28 ./Drivers/STM32F4xx_HAL_Driver/stm32f4xx_hal_rcc.o
                0x00000000080031f4                HAL_RCC_GetPCLK2Freq
 .text.HAL_RCC_GetSysClockFreq
                0x000000000800321c      0x460 ./Drivers/STM32F4xx_HAL_Driver/stm32f4xx_hal_rcc_ex.o
                0x000000000800321c                HAL_RCC_GetSysClockFreq
 .text.HAL_RCC_OscConfig
                0x000000000800367c      0x6b8 ./Drivers/STM32F4xx_HAL_Driver/stm32f4xx_hal_rcc_ex.o
                0x000000000800367c                HAL_RCC_OscConfig
 .text.HAL_TIM_Base_Init
                0x0000000008003d34      0x1e0 ./Drivers/STM32F4xx_HAL_Driver/stm32f4xx_hal_tim.o
                0x0000000008003d34                HAL_TIM_Base_Init
 .text.HAL_TIM_Base_Start_IT
                0x0000000008003f14      0x18c ./Drivers/STM32F4xx_HAL_Driver/stm32f4xx_hal_tim.o
                0x0000000008003f14                HAL_TIM_Base_Start_IT
 .text.HAL_TIM_IRQHandler
                0x00000000080040a0      0x210 ./Drivers/STM32F4xx_HAL_Driver/stm32f4xx_hal_tim.o
                0x00000000080040a0                HAL_TIM_IRQHandler
 .text.HAL_TIM_OC_DelayElapsedCallback
                0x00000000080042b0       0x14 ./Drivers/STM32F4xx_HAL_Driver/stm32f4xx_hal_tim.o
                0x00000000080042b0                HAL_TIM_OC_DelayElapsedCallback
 .text.HAL_TIM_IC_CaptureCallback
                0x00000000080042c4       0x14 ./Drivers/STM32F4xx_HAL_Driver/stm32f4xx_hal_tim.o
                0x00000000080042c4                HAL_TIM_IC_CaptureCallback
 .text.HAL_TIM_PWM_PulseFinishedCallback
                0x00000000080042d8       0x14 ./Drivers/STM32F4xx_HAL_Driver/stm32f4xx_hal_tim.o
                0x00000000080042d8                HAL_TIM_PWM_PulseFinishedCallback
 .text.HAL_TIM_TriggerCallback
                0x00000000080042ec       0x14 ./Drivers/STM32F4xx_HAL_Driver/stm32f4xx_hal_tim.o
                0x00000000080042ec                HAL_TIM_TriggerCallback
 .text.TIM_Base_SetConfig
                0x0000000008004300      0x140 ./Drivers/STM32F4xx_HAL_Driver/stm32f4xx_hal_tim.o
                0x0000000008004300                TIM_Base_SetConfig
 .text.HAL_TIMEx_MasterConfigSynchronization
                0x0000000008004440      0x1bc ./Drivers/STM32F4xx_HAL_Driver/stm32f4xx_hal_tim_ex.o
                0x0000000008004440                HAL_TIMEx_MasterConfigSynchronization
 .text.HAL_TIMEx_CommutCallback
                0x00000000080045fc       0x14 ./Drivers/STM32F4xx_HAL_Driver/stm32f4xx_hal_tim_ex.o
                0x00000000080045fc                HAL_TIMEx_CommutCallback
 .text.HAL_TIMEx_BreakCallback
                0x0000000008004610       0x14 ./Drivers/STM32F4xx_HAL_Driver/stm32f4xx_hal_tim_ex.o
                0x0000000008004610                HAL_TIMEx_BreakCallback
 .text.HAL_UART_Init
                0x0000000008004624      0x1b4 ./Drivers/STM32F4xx_HAL_Driver/stm32f4xx_hal_uart.o
                0x0000000008004624                HAL_UART_Init
 .text.HAL_UART_Transmit
                0x00000000080047d8      0x124 ./Drivers/STM32F4xx_HAL_Driver/stm32f4xx_hal_uart.o
                0x00000000080047d8                HAL_UART_Transmit
 .text.UART_WaitOnFlagUntilTimeout
                0x00000000080048fc       0xdc ./Drivers/STM32F4xx_HAL_Driver/stm32f4xx_hal_uart.o
 .text.UART_SetConfig
                0x00000000080049d8      0x574 ./Drivers/STM32F4xx_HAL_Driver/stm32f4xx_hal_uart.o
 .text.__errno  0x0000000008004f4c        0xc c:/program files/stm32cubeide_1.12.1/st/stm32cubeide_1.12.1/stm32cubeide/plugins/com.st.stm32cube.ide.mcu.externaltools.gnu-tools-for-stm32.10.3-2021.10.win32_1.0.200.202301161003/tools/bin/../lib/gcc/arm-none-eabi/10.3.1/../../../../arm-none-eabi/lib/thumb/v7e-m+fp/hard\libc_nano.a(lib_a-errno.o)
                0x0000000008004f4c                __errno
 .text.__libc_init_array
                0x0000000008004f58       0x48 c:/program files/stm32cubeide_1.12.1/st/stm32cubeide_1.12.1/stm32cubeide/plugins/com.st.stm32cube.ide.mcu.externaltools.gnu-tools-for-stm32.10.3-2021.10.win32_1.0.200.202301161003/tools/bin/../lib/gcc/arm-none-eabi/10.3.1/../../../../arm-none-eabi/lib/thumb/v7e-m+fp/hard\libc_nano.a(lib_a-init.o)
                0x0000000008004f58                __libc_init_array
 .text.memset   0x0000000008004fa0       0x10 c:/program files/stm32cubeide_1.12.1/st/stm32cubeide_1.12.1/stm32cubeide/plugins/com.st.stm32cube.ide.mcu.externaltools.gnu-tools-for-stm32.10.3-2021.10.win32_1.0.200.202301161003/tools/bin/../lib/gcc/arm-none-eabi/10.3.1/../../../../arm-none-eabi/lib/thumb/v7e-m+fp/hard\libc_nano.a(lib_a-memset.o)
                0x0000000008004fa0                memset
 .text.__cvt    0x0000000008004fb0       0xc4 c:/program files/stm32cubeide_1.12.1/st/stm32cubeide_1.12.1/stm32cubeide/plugins/com.st.stm32cube.ide.mcu.externaltools.gnu-tools-for-stm32.10.3-2021.10.win32_1.0.200.202301161003/tools/bin/../lib/gcc/arm-none-eabi/10.3.1/../../../../arm-none-eabi/lib/thumb/v7e-m+fp/hard\libc_nano.a(lib_a-nano-vfprintf_float.o)
                0x0000000008004fb0                __cvt
 .text.__exponent
                0x0000000008005074       0x7c c:/program files/stm32cubeide_1.12.1/st/stm32cubeide_1.12.1/stm32cubeide/plugins/com.st.stm32cube.ide.mcu.externaltools.gnu-tools-for-stm32.10.3-2021.10.win32_1.0.200.202301161003/tools/bin/../lib/gcc/arm-none-eabi/10.3.1/../../../../arm-none-eabi/lib/thumb/v7e-m+fp/hard\libc_nano.a(lib_a-nano-vfprintf_float.o)
                0x0000000008005074                __exponent
 .text._printf_float
                0x00000000080050f0      0x46c c:/program files/stm32cubeide_1.12.1/st/stm32cubeide_1.12.1/stm32cubeide/plugins/com.st.stm32cube.ide.mcu.externaltools.gnu-tools-for-stm32.10.3-2021.10.win32_1.0.200.202301161003/tools/bin/../lib/gcc/arm-none-eabi/10.3.1/../../../../arm-none-eabi/lib/thumb/v7e-m+fp/hard\libc_nano.a(lib_a-nano-vfprintf_float.o)
                0x00000000080050f0                _printf_float
 .text._printf_common
                0x000000000800555c       0xda c:/program files/stm32cubeide_1.12.1/st/stm32cubeide_1.12.1/stm32cubeide/plugins/com.st.stm32cube.ide.mcu.externaltools.gnu-tools-for-stm32.10.3-2021.10.win32_1.0.200.202301161003/tools/bin/../lib/gcc/arm-none-eabi/10.3.1/../../../../arm-none-eabi/lib/thumb/v7e-m+fp/hard\libc_nano.a(lib_a-nano-vfprintf_i.o)
                0x000000000800555c                _printf_common
 *fill*         0x0000000008005636        0x2 
 .text._printf_i
                0x0000000008005638      0x24c c:/program files/stm32cubeide_1.12.1/st/stm32cubeide_1.12.1/stm32cubeide/plugins/com.st.stm32cube.ide.mcu.externaltools.gnu-tools-for-stm32.10.3-2021.10.win32_1.0.200.202301161003/tools/bin/../lib/gcc/arm-none-eabi/10.3.1/../../../../arm-none-eabi/lib/thumb/v7e-m+fp/hard\libc_nano.a(lib_a-nano-vfprintf_i.o)
                0x0000000008005638                _printf_i
 .text.sprintf  0x0000000008005884       0x40 c:/program files/stm32cubeide_1.12.1/st/stm32cubeide_1.12.1/stm32cubeide/plugins/com.st.stm32cube.ide.mcu.externaltools.gnu-tools-for-stm32.10.3-2021.10.win32_1.0.200.202301161003/tools/bin/../lib/gcc/arm-none-eabi/10.3.1/../../../../arm-none-eabi/lib/thumb/v7e-m+fp/hard\libc_nano.a(lib_a-sprintf.o)
                0x0000000008005884                siprintf
                0x0000000008005884                sprintf
 .text.quorem   0x00000000080058c4      0x116 c:/program files/stm32cubeide_1.12.1/st/stm32cubeide_1.12.1/stm32cubeide/plugins/com.st.stm32cube.ide.mcu.externaltools.gnu-tools-for-stm32.10.3-2021.10.win32_1.0.200.202301161003/tools/bin/../lib/gcc/arm-none-eabi/10.3.1/../../../../arm-none-eabi/lib/thumb/v7e-m+fp/hard\libc_nano.a(lib_a-dtoa.o)
 *fill*         0x00000000080059da        0x6 
 .text._dtoa_r  0x00000000080059e0      0xbdc c:/program files/stm32cubeide_1.12.1/st/stm32cubeide_1.12.1/stm32cubeide/plugins/com.st.stm32cube.ide.mcu.externaltools.gnu-tools-for-stm32.10.3-2021.10.win32_1.0.200.202301161003/tools/bin/../lib/gcc/arm-none-eabi/10.3.1/../../../../arm-none-eabi/lib/thumb/v7e-m+fp/hard\libc_nano.a(lib_a-dtoa.o)
                0x00000000080059e0                _dtoa_r
 .text._localeconv_r
                0x00000000080065bc        0x8 c:/program files/stm32cubeide_1.12.1/st/stm32cubeide_1.12.1/stm32cubeide/plugins/com.st.stm32cube.ide.mcu.externaltools.gnu-tools-for-stm32.10.3-2021.10.win32_1.0.200.202301161003/tools/bin/../lib/gcc/arm-none-eabi/10.3.1/../../../../arm-none-eabi/lib/thumb/v7e-m+fp/hard\libc_nano.a(lib_a-localeconv.o)
                0x00000000080065bc                _localeconv_r
 .text.malloc   0x00000000080065c4       0x10 c:/program files/stm32cubeide_1.12.1/st/stm32cubeide_1.12.1/stm32cubeide/plugins/com.st.stm32cube.ide.mcu.externaltools.gnu-tools-for-stm32.10.3-2021.10.win32_1.0.200.202301161003/tools/bin/../lib/gcc/arm-none-eabi/10.3.1/../../../../arm-none-eabi/lib/thumb/v7e-m+fp/hard\libc_nano.a(lib_a-malloc.o)
                0x00000000080065c4                malloc
 .text.memcpy   0x00000000080065d4       0x1c c:/program files/stm32cubeide_1.12.1/st/stm32cubeide_1.12.1/stm32cubeide/plugins/com.st.stm32cube.ide.mcu.externaltools.gnu-tools-for-stm32.10.3-2021.10.win32_1.0.200.202301161003/tools/bin/../lib/gcc/arm-none-eabi/10.3.1/../../../../arm-none-eabi/lib/thumb/v7e-m+fp/hard\libc_nano.a(lib_a-memcpy-stub.o)
                0x00000000080065d4                memcpy
 .text._Balloc  0x00000000080065f0       0x80 c:/program files/stm32cubeide_1.12.1/st/stm32cubeide_1.12.1/stm32cubeide/plugins/com.st.stm32cube.ide.mcu.externaltools.gnu-tools-for-stm32.10.3-2021.10.win32_1.0.200.202301161003/tools/bin/../lib/gcc/arm-none-eabi/10.3.1/../../../../arm-none-eabi/lib/thumb/v7e-m+fp/hard\libc_nano.a(lib_a-mprec.o)
                0x00000000080065f0                _Balloc
 .text._Bfree   0x0000000008006670       0x44 c:/program files/stm32cubeide_1.12.1/st/stm32cubeide_1.12.1/stm32cubeide/plugins/com.st.stm32cube.ide.mcu.externaltools.gnu-tools-for-stm32.10.3-2021.10.win32_1.0.200.202301161003/tools/bin/../lib/gcc/arm-none-eabi/10.3.1/../../../../arm-none-eabi/lib/thumb/v7e-m+fp/hard\libc_nano.a(lib_a-mprec.o)
                0x0000000008006670                _Bfree
 .text.__multadd
                0x00000000080066b4       0x8c c:/program files/stm32cubeide_1.12.1/st/stm32cubeide_1.12.1/stm32cubeide/plugins/com.st.stm32cube.ide.mcu.externaltools.gnu-tools-for-stm32.10.3-2021.10.win32_1.0.200.202301161003/tools/bin/../lib/gcc/arm-none-eabi/10.3.1/../../../../arm-none-eabi/lib/thumb/v7e-m+fp/hard\libc_nano.a(lib_a-mprec.o)
                0x00000000080066b4                __multadd
 .text.__hi0bits
                0x0000000008006740       0x40 c:/program files/stm32cubeide_1.12.1/st/stm32cubeide_1.12.1/stm32cubeide/plugins/com.st.stm32cube.ide.mcu.externaltools.gnu-tools-for-stm32.10.3-2021.10.win32_1.0.200.202301161003/tools/bin/../lib/gcc/arm-none-eabi/10.3.1/../../../../arm-none-eabi/lib/thumb/v7e-m+fp/hard\libc_nano.a(lib_a-mprec.o)
                0x0000000008006740                __hi0bits
 .text.__lo0bits
                0x0000000008006780       0x5e c:/program files/stm32cubeide_1.12.1/st/stm32cubeide_1.12.1/stm32cubeide/plugins/com.st.stm32cube.ide.mcu.externaltools.gnu-tools-for-stm32.10.3-2021.10.win32_1.0.200.202301161003/tools/bin/../lib/gcc/arm-none-eabi/10.3.1/../../../../arm-none-eabi/lib/thumb/v7e-m+fp/hard\libc_nano.a(lib_a-mprec.o)
                0x0000000008006780                __lo0bits
 *fill*         0x00000000080067de        0x2 
 .text.__i2b    0x00000000080067e0       0x2c c:/program files/stm32cubeide_1.12.1/st/stm32cubeide_1.12.1/stm32cubeide/plugins/com.st.stm32cube.ide.mcu.externaltools.gnu-tools-for-stm32.10.3-2021.10.win32_1.0.200.202301161003/tools/bin/../lib/gcc/arm-none-eabi/10.3.1/../../../../arm-none-eabi/lib/thumb/v7e-m+fp/hard\libc_nano.a(lib_a-mprec.o)
                0x00000000080067e0                __i2b
 .text.__multiply
                0x000000000800680c      0x154 c:/program files/stm32cubeide_1.12.1/st/stm32cubeide_1.12.1/stm32cubeide/plugins/com.st.stm32cube.ide.mcu.externaltools.gnu-tools-for-stm32.10.3-2021.10.win32_1.0.200.202301161003/tools/bin/../lib/gcc/arm-none-eabi/10.3.1/../../../../arm-none-eabi/lib/thumb/v7e-m+fp/hard\libc_nano.a(lib_a-mprec.o)
                0x000000000800680c                __multiply
 .text.__pow5mult
                0x0000000008006960       0xb4 c:/program files/stm32cubeide_1.12.1/st/stm32cubeide_1.12.1/stm32cubeide/plugins/com.st.stm32cube.ide.mcu.externaltools.gnu-tools-for-stm32.10.3-2021.10.win32_1.0.200.202301161003/tools/bin/../lib/gcc/arm-none-eabi/10.3.1/../../../../arm-none-eabi/lib/thumb/v7e-m+fp/hard\libc_nano.a(lib_a-mprec.o)
                0x0000000008006960                __pow5mult
 .text.__lshift
                0x0000000008006a14       0xe0 c:/program files/stm32cubeide_1.12.1/st/stm32cubeide_1.12.1/stm32cubeide/plugins/com.st.stm32cube.ide.mcu.externaltools.gnu-tools-for-stm32.10.3-2021.10.win32_1.0.200.202301161003/tools/bin/../lib/gcc/arm-none-eabi/10.3.1/../../../../arm-none-eabi/lib/thumb/v7e-m+fp/hard\libc_nano.a(lib_a-mprec.o)
                0x0000000008006a14                __lshift
 .text.__mcmp   0x0000000008006af4       0x38 c:/program files/stm32cubeide_1.12.1/st/stm32cubeide_1.12.1/stm32cubeide/plugins/com.st.stm32cube.ide.mcu.externaltools.gnu-tools-for-stm32.10.3-2021.10.win32_1.0.200.202301161003/tools/bin/../lib/gcc/arm-none-eabi/10.3.1/../../../../arm-none-eabi/lib/thumb/v7e-m+fp/hard\libc_nano.a(lib_a-mprec.o)
                0x0000000008006af4                __mcmp
 .text.__mdiff  0x0000000008006b2c      0x114 c:/program files/stm32cubeide_1.12.1/st/stm32cubeide_1.12.1/stm32cubeide/plugins/com.st.stm32cube.ide.mcu.externaltools.gnu-tools-for-stm32.10.3-2021.10.win32_1.0.200.202301161003/tools/bin/../lib/gcc/arm-none-eabi/10.3.1/../../../../arm-none-eabi/lib/thumb/v7e-m+fp/hard\libc_nano.a(lib_a-mprec.o)
                0x0000000008006b2c                __mdiff
 .text.__d2b    0x0000000008006c40       0xb8 c:/program files/stm32cubeide_1.12.1/st/stm32cubeide_1.12.1/stm32cubeide/plugins/com.st.stm32cube.ide.mcu.externaltools.gnu-tools-for-stm32.10.3-2021.10.win32_1.0.200.202301161003/tools/bin/../lib/gcc/arm-none-eabi/10.3.1/../../../../arm-none-eabi/lib/thumb/v7e-m+fp/hard\libc_nano.a(lib_a-mprec.o)
                0x0000000008006c40                __d2b
 .text._calloc_r
                0x0000000008006cf8       0x2c c:/program files/stm32cubeide_1.12.1/st/stm32cubeide_1.12.1/stm32cubeide/plugins/com.st.stm32cube.ide.mcu.externaltools.gnu-tools-for-stm32.10.3-2021.10.win32_1.0.200.202301161003/tools/bin/../lib/gcc/arm-none-eabi/10.3.1/../../../../arm-none-eabi/lib/thumb/v7e-m+fp/hard\libc_nano.a(lib_a-nano-callocr.o)
                0x0000000008006cf8                _calloc_r
 .text._free_r  0x0000000008006d24       0x98 c:/program files/stm32cubeide_1.12.1/st/stm32cubeide_1.12.1/stm32cubeide/plugins/com.st.stm32cube.ide.mcu.externaltools.gnu-tools-for-stm32.10.3-2021.10.win32_1.0.200.202301161003/tools/bin/../lib/gcc/arm-none-eabi/10.3.1/../../../../arm-none-eabi/lib/thumb/v7e-m+fp/hard\libc_nano.a(lib_a-nano-freer.o)
                0x0000000008006d24                _free_r
 .text.sbrk_aligned
                0x0000000008006dbc       0x40 c:/program files/stm32cubeide_1.12.1/st/stm32cubeide_1.12.1/stm32cubeide/plugins/com.st.stm32cube.ide.mcu.externaltools.gnu-tools-for-stm32.10.3-2021.10.win32_1.0.200.202301161003/tools/bin/../lib/gcc/arm-none-eabi/10.3.1/../../../../arm-none-eabi/lib/thumb/v7e-m+fp/hard\libc_nano.a(lib_a-nano-mallocr.o)
 .text._malloc_r
                0x0000000008006dfc       0xe8 c:/program files/stm32cubeide_1.12.1/st/stm32cubeide_1.12.1/stm32cubeide/plugins/com.st.stm32cube.ide.mcu.externaltools.gnu-tools-for-stm32.10.3-2021.10.win32_1.0.200.202301161003/tools/bin/../lib/gcc/arm-none-eabi/10.3.1/../../../../arm-none-eabi/lib/thumb/v7e-m+fp/hard\libc_nano.a(lib_a-nano-mallocr.o)
                0x0000000008006dfc                _malloc_r
 .text.__ssputs_r
                0x0000000008006ee4       0xb6 c:/program files/stm32cubeide_1.12.1/st/stm32cubeide_1.12.1/stm32cubeide/plugins/com.st.stm32cube.ide.mcu.externaltools.gnu-tools-for-stm32.10.3-2021.10.win32_1.0.200.202301161003/tools/bin/../lib/gcc/arm-none-eabi/10.3.1/../../../../arm-none-eabi/lib/thumb/v7e-m+fp/hard\libc_nano.a(lib_a-nano-svfprintf.o)
                0x0000000008006ee4                __ssputs_r
 *fill*         0x0000000008006f9a        0x2 
 .text._svfprintf_r
                0x0000000008006f9c      0x200 c:/program files/stm32cubeide_1.12.1/st/stm32cubeide_1.12.1/stm32cubeide/plugins/com.st.stm32cube.ide.mcu.externaltools.gnu-tools-for-stm32.10.3-2021.10.win32_1.0.200.202301161003/tools/bin/../lib/gcc/arm-none-eabi/10.3.1/../../../../arm-none-eabi/lib/thumb/v7e-m+fp/hard\libc_nano.a(lib_a-nano-svfprintf.o)
                0x0000000008006f9c                _svfiprintf_r
                0x0000000008006f9c                _svfprintf_r
 .text._sbrk_r  0x000000000800719c       0x20 c:/program files/stm32cubeide_1.12.1/st/stm32cubeide_1.12.1/stm32cubeide/plugins/com.st.stm32cube.ide.mcu.externaltools.gnu-tools-for-stm32.10.3-2021.10.win32_1.0.200.202301161003/tools/bin/../lib/gcc/arm-none-eabi/10.3.1/../../../../arm-none-eabi/lib/thumb/v7e-m+fp/hard\libc_nano.a(lib_a-sbrkr.o)
                0x000000000800719c                _sbrk_r
 .text.__assert_func
                0x00000000080071bc       0x3c c:/program files/stm32cubeide_1.12.1/st/stm32cubeide_1.12.1/stm32cubeide/plugins/com.st.stm32cube.ide.mcu.externaltools.gnu-tools-for-stm32.10.3-2021.10.win32_1.0.200.202301161003/tools/bin/../lib/gcc/arm-none-eabi/10.3.1/../../../../arm-none-eabi/lib/thumb/v7e-m+fp/hard\libc_nano.a(lib_a-assert.o)
                0x00000000080071bc                __assert_func
 .text.fprintf  0x00000000080071f8       0x24 c:/program files/stm32cubeide_1.12.1/st/stm32cubeide_1.12.1/stm32cubeide/plugins/com.st.stm32cube.ide.mcu.externaltools.gnu-tools-for-stm32.10.3-2021.10.win32_1.0.200.202301161003/tools/bin/../lib/gcc/arm-none-eabi/10.3.1/../../../../arm-none-eabi/lib/thumb/v7e-m+fp/hard\libc_nano.a(lib_a-fprintf.o)
                0x00000000080071f8                fiprintf
                0x00000000080071f8                fprintf
 .text.__ascii_mbtowc
                0x000000000800721c       0x24 c:/program files/stm32cubeide_1.12.1/st/stm32cubeide_1.12.1/stm32cubeide/plugins/com.st.stm32cube.ide.mcu.externaltools.gnu-tools-for-stm32.10.3-2021.10.win32_1.0.200.202301161003/tools/bin/../lib/gcc/arm-none-eabi/10.3.1/../../../../arm-none-eabi/lib/thumb/v7e-m+fp/hard\libc_nano.a(lib_a-mbtowc_r.o)
                0x000000000800721c                __ascii_mbtowc
 .text.memmove  0x0000000008007240       0x34 c:/program files/stm32cubeide_1.12.1/st/stm32cubeide_1.12.1/stm32cubeide/plugins/com.st.stm32cube.ide.mcu.externaltools.gnu-tools-for-stm32.10.3-2021.10.win32_1.0.200.202301161003/tools/bin/../lib/gcc/arm-none-eabi/10.3.1/../../../../arm-none-eabi/lib/thumb/v7e-m+fp/hard\libc_nano.a(lib_a-memmove.o)
                0x0000000008007240                memmove
 .text.__malloc_lock
                0x0000000008007274        0xc c:/program files/stm32cubeide_1.12.1/st/stm32cubeide_1.12.1/stm32cubeide/plugins/com.st.stm32cube.ide.mcu.externaltools.gnu-tools-for-stm32.10.3-2021.10.win32_1.0.200.202301161003/tools/bin/../lib/gcc/arm-none-eabi/10.3.1/../../../../arm-none-eabi/lib/thumb/v7e-m+fp/hard\libc_nano.a(lib_a-mlock.o)
                0x0000000008007274                __malloc_lock
 .text.__malloc_unlock
                0x0000000008007280        0xc c:/program files/stm32cubeide_1.12.1/st/stm32cubeide_1.12.1/stm32cubeide/plugins/com.st.stm32cube.ide.mcu.externaltools.gnu-tools-for-stm32.10.3-2021.10.win32_1.0.200.202301161003/tools/bin/../lib/gcc/arm-none-eabi/10.3.1/../../../../arm-none-eabi/lib/thumb/v7e-m+fp/hard\libc_nano.a(lib_a-mlock.o)
                0x0000000008007280                __malloc_unlock
 .text._realloc_r
                0x000000000800728c       0x5e c:/program files/stm32cubeide_1.12.1/st/stm32cubeide_1.12.1/stm32cubeide/plugins/com.st.stm32cube.ide.mcu.externaltools.gnu-tools-for-stm32.10.3-2021.10.win32_1.0.200.202301161003/tools/bin/../lib/gcc/arm-none-eabi/10.3.1/../../../../arm-none-eabi/lib/thumb/v7e-m+fp/hard\libc_nano.a(lib_a-nano-reallocr.o)
                0x000000000800728c                _realloc_r
 .text.__sfputc_r
                0x00000000080072ea       0x2e c:/program files/stm32cubeide_1.12.1/st/stm32cubeide_1.12.1/stm32cubeide/plugins/com.st.stm32cube.ide.mcu.externaltools.gnu-tools-for-stm32.10.3-2021.10.win32_1.0.200.202301161003/tools/bin/../lib/gcc/arm-none-eabi/10.3.1/../../../../arm-none-eabi/lib/thumb/v7e-m+fp/hard\libc_nano.a(lib_a-nano-vfprintf.o)
 .text.__sfputs_r
                0x0000000008007318       0x24 c:/program files/stm32cubeide_1.12.1/st/stm32cubeide_1.12.1/stm32cubeide/plugins/com.st.stm32cube.ide.mcu.externaltools.gnu-tools-for-stm32.10.3-2021.10.win32_1.0.200.202301161003/tools/bin/../lib/gcc/arm-none-eabi/10.3.1/../../../../arm-none-eabi/lib/thumb/v7e-m+fp/hard\libc_nano.a(lib_a-nano-vfprintf.o)
                0x0000000008007318                __sfputs_r
 .text._vfprintf_r
                0x000000000800733c      0x260 c:/program files/stm32cubeide_1.12.1/st/stm32cubeide_1.12.1/stm32cubeide/plugins/com.st.stm32cube.ide.mcu.externaltools.gnu-tools-for-stm32.10.3-2021.10.win32_1.0.200.202301161003/tools/bin/../lib/gcc/arm-none-eabi/10.3.1/../../../../arm-none-eabi/lib/thumb/v7e-m+fp/hard\libc_nano.a(lib_a-nano-vfprintf.o)
                0x000000000800733c                _vfprintf_r
                0x000000000800733c                _vfiprintf_r
 .text.__swbuf_r
                0x000000000800759c       0xa4 c:/program files/stm32cubeide_1.12.1/st/stm32cubeide_1.12.1/stm32cubeide/plugins/com.st.stm32cube.ide.mcu.externaltools.gnu-tools-for-stm32.10.3-2021.10.win32_1.0.200.202301161003/tools/bin/../lib/gcc/arm-none-eabi/10.3.1/../../../../arm-none-eabi/lib/thumb/v7e-m+fp/hard\libc_nano.a(lib_a-wbuf.o)
                0x000000000800759c                __swbuf_r
 .text.__ascii_wctomb
                0x0000000008007640       0x1a c:/program files/stm32cubeide_1.12.1/st/stm32cubeide_1.12.1/stm32cubeide/plugins/com.st.stm32cube.ide.mcu.externaltools.gnu-tools-for-stm32.10.3-2021.10.win32_1.0.200.202301161003/tools/bin/../lib/gcc/arm-none-eabi/10.3.1/../../../../arm-none-eabi/lib/thumb/v7e-m+fp/hard\libc_nano.a(lib_a-wctomb_r.o)
                0x0000000008007640                __ascii_wctomb
 *fill*         0x000000000800765a        0x2 
 .text.__swsetup_r
                0x000000000800765c       0xdc c:/program files/stm32cubeide_1.12.1/st/stm32cubeide_1.12.1/stm32cubeide/plugins/com.st.stm32cube.ide.mcu.externaltools.gnu-tools-for-stm32.10.3-2021.10.win32_1.0.200.202301161003/tools/bin/../lib/gcc/arm-none-eabi/10.3.1/../../../../arm-none-eabi/lib/thumb/v7e-m+fp/hard\libc_nano.a(lib_a-wsetup.o)
                0x000000000800765c                __swsetup_r
 .text.abort    0x0000000008007738        0xe c:/program files/stm32cubeide_1.12.1/st/stm32cubeide_1.12.1/stm32cubeide/plugins/com.st.stm32cube.ide.mcu.externaltools.gnu-tools-for-stm32.10.3-2021.10.win32_1.0.200.202301161003/tools/bin/../lib/gcc/arm-none-eabi/10.3.1/../../../../arm-none-eabi/lib/thumb/v7e-m+fp/hard\libc_nano.a(lib_a-abort.o)
                0x0000000008007738                abort
 *fill*         0x0000000008007746        0x2 
 .text.__sflush_r
                0x0000000008007748      0x10c c:/program files/stm32cubeide_1.12.1/st/stm32cubeide_1.12.1/stm32cubeide/plugins/com.st.stm32cube.ide.mcu.externaltools.gnu-tools-for-stm32.10.3-2021.10.win32_1.0.200.202301161003/tools/bin/../lib/gcc/arm-none-eabi/10.3.1/../../../../arm-none-eabi/lib/thumb/v7e-m+fp/hard\libc_nano.a(lib_a-fflush.o)
                0x0000000008007748                __sflush_r
 .text._fflush_r
                0x0000000008007854       0x78 c:/program files/stm32cubeide_1.12.1/st/stm32cubeide_1.12.1/stm32cubeide/plugins/com.st.stm32cube.ide.mcu.externaltools.gnu-tools-for-stm32.10.3-2021.10.win32_1.0.200.202301161003/tools/bin/../lib/gcc/arm-none-eabi/10.3.1/../../../../arm-none-eabi/lib/thumb/v7e-m+fp/hard\libc_nano.a(lib_a-fflush.o)
                0x0000000008007854                _fflush_r
 .text.std      0x00000000080078cc       0x48 c:/program files/stm32cubeide_1.12.1/st/stm32cubeide_1.12.1/stm32cubeide/plugins/com.st.stm32cube.ide.mcu.externaltools.gnu-tools-for-stm32.10.3-2021.10.win32_1.0.200.202301161003/tools/bin/../lib/gcc/arm-none-eabi/10.3.1/../../../../arm-none-eabi/lib/thumb/v7e-m+fp/hard\libc_nano.a(lib_a-findfp.o)
 .text._cleanup_r
                0x0000000008007914        0xc c:/program files/stm32cubeide_1.12.1/st/stm32cubeide_1.12.1/stm32cubeide/plugins/com.st.stm32cube.ide.mcu.externaltools.gnu-tools-for-stm32.10.3-2021.10.win32_1.0.200.202301161003/tools/bin/../lib/gcc/arm-none-eabi/10.3.1/../../../../arm-none-eabi/lib/thumb/v7e-m+fp/hard\libc_nano.a(lib_a-findfp.o)
                0x0000000008007914                _cleanup_r
 .text.__sfmoreglue
                0x0000000008007920       0x2c c:/program files/stm32cubeide_1.12.1/st/stm32cubeide_1.12.1/stm32cubeide/plugins/com.st.stm32cube.ide.mcu.externaltools.gnu-tools-for-stm32.10.3-2021.10.win32_1.0.200.202301161003/tools/bin/../lib/gcc/arm-none-eabi/10.3.1/../../../../arm-none-eabi/lib/thumb/v7e-m+fp/hard\libc_nano.a(lib_a-findfp.o)
                0x0000000008007920                __sfmoreglue
 .text.__sfp_lock_acquire
                0x000000000800794c        0xc c:/program files/stm32cubeide_1.12.1/st/stm32cubeide_1.12.1/stm32cubeide/plugins/com.st.stm32cube.ide.mcu.externaltools.gnu-tools-for-stm32.10.3-2021.10.win32_1.0.200.202301161003/tools/bin/../lib/gcc/arm-none-eabi/10.3.1/../../../../arm-none-eabi/lib/thumb/v7e-m+fp/hard\libc_nano.a(lib_a-findfp.o)
                0x000000000800794c                __sfp_lock_acquire
 .text.__sfp_lock_release
                0x0000000008007958        0xc c:/program files/stm32cubeide_1.12.1/st/stm32cubeide_1.12.1/stm32cubeide/plugins/com.st.stm32cube.ide.mcu.externaltools.gnu-tools-for-stm32.10.3-2021.10.win32_1.0.200.202301161003/tools/bin/../lib/gcc/arm-none-eabi/10.3.1/../../../../arm-none-eabi/lib/thumb/v7e-m+fp/hard\libc_nano.a(lib_a-findfp.o)
                0x0000000008007958                __sfp_lock_release
 .text.__sinit_lock_acquire
                0x0000000008007964        0xc c:/program files/stm32cubeide_1.12.1/st/stm32cubeide_1.12.1/stm32cubeide/plugins/com.st.stm32cube.ide.mcu.externaltools.gnu-tools-for-stm32.10.3-2021.10.win32_1.0.200.202301161003/tools/bin/../lib/gcc/arm-none-eabi/10.3.1/../../../../arm-none-eabi/lib/thumb/v7e-m+fp/hard\libc_nano.a(lib_a-findfp.o)
                0x0000000008007964                __sinit_lock_acquire
 .text.__sinit_lock_release
                0x0000000008007970        0xc c:/program files/stm32cubeide_1.12.1/st/stm32cubeide_1.12.1/stm32cubeide/plugins/com.st.stm32cube.ide.mcu.externaltools.gnu-tools-for-stm32.10.3-2021.10.win32_1.0.200.202301161003/tools/bin/../lib/gcc/arm-none-eabi/10.3.1/../../../../arm-none-eabi/lib/thumb/v7e-m+fp/hard\libc_nano.a(lib_a-findfp.o)
                0x0000000008007970                __sinit_lock_release
 .text.__sinit  0x000000000800797c       0x70 c:/program files/stm32cubeide_1.12.1/st/stm32cubeide_1.12.1/stm32cubeide/plugins/com.st.stm32cube.ide.mcu.externaltools.gnu-tools-for-stm32.10.3-2021.10.win32_1.0.200.202301161003/tools/bin/../lib/gcc/arm-none-eabi/10.3.1/../../../../arm-none-eabi/lib/thumb/v7e-m+fp/hard\libc_nano.a(lib_a-findfp.o)
                0x000000000800797c                __sinit
 .text.__sfp    0x00000000080079ec       0x8c c:/program files/stm32cubeide_1.12.1/st/stm32cubeide_1.12.1/stm32cubeide/plugins/com.st.stm32cube.ide.mcu.externaltools.gnu-tools-for-stm32.10.3-2021.10.win32_1.0.200.202301161003/tools/bin/../lib/gcc/arm-none-eabi/10.3.1/../../../../arm-none-eabi/lib/thumb/v7e-m+fp/hard\libc_nano.a(lib_a-findfp.o)
                0x00000000080079ec                __sfp
 .text._fwalk_reent
                0x0000000008007a78       0x3e c:/program files/stm32cubeide_1.12.1/st/stm32cubeide_1.12.1/stm32cubeide/plugins/com.st.stm32cube.ide.mcu.externaltools.gnu-tools-for-stm32.10.3-2021.10.win32_1.0.200.202301161003/tools/bin/../lib/gcc/arm-none-eabi/10.3.1/../../../../arm-none-eabi/lib/thumb/v7e-m+fp/hard\libc_nano.a(lib_a-fwalk.o)
                0x0000000008007a78                _fwalk_reent
 .text.__retarget_lock_init_recursive
                0x0000000008007ab6        0x2 c:/program files/stm32cubeide_1.12.1/st/stm32cubeide_1.12.1/stm32cubeide/plugins/com.st.stm32cube.ide.mcu.externaltools.gnu-tools-for-stm32.10.3-2021.10.win32_1.0.200.202301161003/tools/bin/../lib/gcc/arm-none-eabi/10.3.1/../../../../arm-none-eabi/lib/thumb/v7e-m+fp/hard\libc_nano.a(lib_a-lock.o)
                0x0000000008007ab6                __retarget_lock_init_recursive
 .text.__retarget_lock_acquire_recursive
                0x0000000008007ab8        0x2 c:/program files/stm32cubeide_1.12.1/st/stm32cubeide_1.12.1/stm32cubeide/plugins/com.st.stm32cube.ide.mcu.externaltools.gnu-tools-for-stm32.10.3-2021.10.win32_1.0.200.202301161003/tools/bin/../lib/gcc/arm-none-eabi/10.3.1/../../../../arm-none-eabi/lib/thumb/v7e-m+fp/hard\libc_nano.a(lib_a-lock.o)
                0x0000000008007ab8                __retarget_lock_acquire_recursive
 .text.__retarget_lock_release_recursive
                0x0000000008007aba        0x2 c:/program files/stm32cubeide_1.12.1/st/stm32cubeide_1.12.1/stm32cubeide/plugins/com.st.stm32cube.ide.mcu.externaltools.gnu-tools-for-stm32.10.3-2021.10.win32_1.0.200.202301161003/tools/bin/../lib/gcc/arm-none-eabi/10.3.1/../../../../arm-none-eabi/lib/thumb/v7e-m+fp/hard\libc_nano.a(lib_a-lock.o)
                0x0000000008007aba                __retarget_lock_release_recursive
 .text.__swhatbuf_r
                0x0000000008007abc       0x4a c:/program files/stm32cubeide_1.12.1/st/stm32cubeide_1.12.1/stm32cubeide/plugins/com.st.stm32cube.ide.mcu.externaltools.gnu-tools-for-stm32.10.3-2021.10.win32_1.0.200.202301161003/tools/bin/../lib/gcc/arm-none-eabi/10.3.1/../../../../arm-none-eabi/lib/thumb/v7e-m+fp/hard\libc_nano.a(lib_a-makebuf.o)
                0x0000000008007abc                __swhatbuf_r
 *fill*         0x0000000008007b06        0x2 
 .text.__smakebuf_r
                0x0000000008007b08       0x80 c:/program files/stm32cubeide_1.12.1/st/stm32cubeide_1.12.1/stm32cubeide/plugins/com.st.stm32cube.ide.mcu.externaltools.gnu-tools-for-stm32.10.3-2021.10.win32_1.0.200.202301161003/tools/bin/../lib/gcc/arm-none-eabi/10.3.1/../../../../arm-none-eabi/lib/thumb/v7e-m+fp/hard\libc_nano.a(lib_a-makebuf.o)
                0x0000000008007b08                __smakebuf_r
 .text._malloc_usable_size_r
                0x0000000008007b88       0x10 c:/program files/stm32cubeide_1.12.1/st/stm32cubeide_1.12.1/stm32cubeide/plugins/com.st.stm32cube.ide.mcu.externaltools.gnu-tools-for-stm32.10.3-2021.10.win32_1.0.200.202301161003/tools/bin/../lib/gcc/arm-none-eabi/10.3.1/../../../../arm-none-eabi/lib/thumb/v7e-m+fp/hard\libc_nano.a(lib_a-nano-msizer.o)
                0x0000000008007b88                _malloc_usable_size_r
 .text._raise_r
                0x0000000008007b98       0x50 c:/program files/stm32cubeide_1.12.1/st/stm32cubeide_1.12.1/stm32cubeide/plugins/com.st.stm32cube.ide.mcu.externaltools.gnu-tools-for-stm32.10.3-2021.10.win32_1.0.200.202301161003/tools/bin/../lib/gcc/arm-none-eabi/10.3.1/../../../../arm-none-eabi/lib/thumb/v7e-m+fp/hard\libc_nano.a(lib_a-signal.o)
                0x0000000008007b98                _raise_r
 .text.raise    0x0000000008007be8       0x10 c:/program files/stm32cubeide_1.12.1/st/stm32cubeide_1.12.1/stm32cubeide/plugins/com.st.stm32cube.ide.mcu.externaltools.gnu-tools-for-stm32.10.3-2021.10.win32_1.0.200.202301161003/tools/bin/../lib/gcc/arm-none-eabi/10.3.1/../../../../arm-none-eabi/lib/thumb/v7e-m+fp/hard\libc_nano.a(lib_a-signal.o)
                0x0000000008007be8                raise
 .text._kill_r  0x0000000008007bf8       0x24 c:/program files/stm32cubeide_1.12.1/st/stm32cubeide_1.12.1/stm32cubeide/plugins/com.st.stm32cube.ide.mcu.externaltools.gnu-tools-for-stm32.10.3-2021.10.win32_1.0.200.202301161003/tools/bin/../lib/gcc/arm-none-eabi/10.3.1/../../../../arm-none-eabi/lib/thumb/v7e-m+fp/hard\libc_nano.a(lib_a-signalr.o)
                0x0000000008007bf8                _kill_r
 .text._getpid_r
                0x0000000008007c1c        0x4 c:/program files/stm32cubeide_1.12.1/st/stm32cubeide_1.12.1/stm32cubeide/plugins/com.st.stm32cube.ide.mcu.externaltools.gnu-tools-for-stm32.10.3-2021.10.win32_1.0.200.202301161003/tools/bin/../lib/gcc/arm-none-eabi/10.3.1/../../../../arm-none-eabi/lib/thumb/v7e-m+fp/hard\libc_nano.a(lib_a-signalr.o)
                0x0000000008007c1c                _getpid_r
 .text.__sread  0x0000000008007c20       0x22 c:/program files/stm32cubeide_1.12.1/st/stm32cubeide_1.12.1/stm32cubeide/plugins/com.st.stm32cube.ide.mcu.externaltools.gnu-tools-for-stm32.10.3-2021.10.win32_1.0.200.202301161003/tools/bin/../lib/gcc/arm-none-eabi/10.3.1/../../../../arm-none-eabi/lib/thumb/v7e-m+fp/hard\libc_nano.a(lib_a-stdio.o)
                0x0000000008007c20                __sread
 .text.__swrite
                0x0000000008007c42       0x38 c:/program files/stm32cubeide_1.12.1/st/stm32cubeide_1.12.1/stm32cubeide/plugins/com.st.stm32cube.ide.mcu.externaltools.gnu-tools-for-stm32.10.3-2021.10.win32_1.0.200.202301161003/tools/bin/../lib/gcc/arm-none-eabi/10.3.1/../../../../arm-none-eabi/lib/thumb/v7e-m+fp/hard\libc_nano.a(lib_a-stdio.o)
                0x0000000008007c42                __swrite
 .text.__sseek  0x0000000008007c7a       0x24 c:/program files/stm32cubeide_1.12.1/st/stm32cubeide_1.12.1/stm32cubeide/plugins/com.st.stm32cube.ide.mcu.externaltools.gnu-tools-for-stm32.10.3-2021.10.win32_1.0.200.202301161003/tools/bin/../lib/gcc/arm-none-eabi/10.3.1/../../../../arm-none-eabi/lib/thumb/v7e-m+fp/hard\libc_nano.a(lib_a-stdio.o)
                0x0000000008007c7a                __sseek
 .text.__sclose
                0x0000000008007c9e        0x8 c:/program files/stm32cubeide_1.12.1/st/stm32cubeide_1.12.1/stm32cubeide/plugins/com.st.stm32cube.ide.mcu.externaltools.gnu-tools-for-stm32.10.3-2021.10.win32_1.0.200.202301161003/tools/bin/../lib/gcc/arm-none-eabi/10.3.1/../../../../arm-none-eabi/lib/thumb/v7e-m+fp/hard\libc_nano.a(lib_a-stdio.o)
                0x0000000008007c9e                __sclose
 *fill*         0x0000000008007ca6        0x2 
 .text._write_r
                0x0000000008007ca8       0x24 c:/program files/stm32cubeide_1.12.1/st/stm32cubeide_1.12.1/stm32cubeide/plugins/com.st.stm32cube.ide.mcu.externaltools.gnu-tools-for-stm32.10.3-2021.10.win32_1.0.200.202301161003/tools/bin/../lib/gcc/arm-none-eabi/10.3.1/../../../../arm-none-eabi/lib/thumb/v7e-m+fp/hard\libc_nano.a(lib_a-writer.o)
                0x0000000008007ca8                _write_r
 .text._close_r
                0x0000000008007ccc       0x20 c:/program files/stm32cubeide_1.12.1/st/stm32cubeide_1.12.1/stm32cubeide/plugins/com.st.stm32cube.ide.mcu.externaltools.gnu-tools-for-stm32.10.3-2021.10.win32_1.0.200.202301161003/tools/bin/../lib/gcc/arm-none-eabi/10.3.1/../../../../arm-none-eabi/lib/thumb/v7e-m+fp/hard\libc_nano.a(lib_a-closer.o)
                0x0000000008007ccc                _close_r
 .text._fstat_r
                0x0000000008007cec       0x24 c:/program files/stm32cubeide_1.12.1/st/stm32cubeide_1.12.1/stm32cubeide/plugins/com.st.stm32cube.ide.mcu.externaltools.gnu-tools-for-stm32.10.3-2021.10.win32_1.0.200.202301161003/tools/bin/../lib/gcc/arm-none-eabi/10.3.1/../../../../arm-none-eabi/lib/thumb/v7e-m+fp/hard\libc_nano.a(lib_a-fstatr.o)
                0x0000000008007cec                _fstat_r
 .text._isatty_r
                0x0000000008007d10       0x20 c:/program files/stm32cubeide_1.12.1/st/stm32cubeide_1.12.1/stm32cubeide/plugins/com.st.stm32cube.ide.mcu.externaltools.gnu-tools-for-stm32.10.3-2021.10.win32_1.0.200.202301161003/tools/bin/../lib/gcc/arm-none-eabi/10.3.1/../../../../arm-none-eabi/lib/thumb/v7e-m+fp/hard\libc_nano.a(lib_a-isattyr.o)
                0x0000000008007d10                _isatty_r
 .text._lseek_r
                0x0000000008007d30       0x24 c:/program files/stm32cubeide_1.12.1/st/stm32cubeide_1.12.1/stm32cubeide/plugins/com.st.stm32cube.ide.mcu.externaltools.gnu-tools-for-stm32.10.3-2021.10.win32_1.0.200.202301161003/tools/bin/../lib/gcc/arm-none-eabi/10.3.1/../../../../arm-none-eabi/lib/thumb/v7e-m+fp/hard\libc_nano.a(lib_a-lseekr.o)
                0x0000000008007d30                _lseek_r
 .text._read_r  0x0000000008007d54       0x24 c:/program files/stm32cubeide_1.12.1/st/stm32cubeide_1.12.1/stm32cubeide/plugins/com.st.stm32cube.ide.mcu.externaltools.gnu-tools-for-stm32.10.3-2021.10.win32_1.0.200.202301161003/tools/bin/../lib/gcc/arm-none-eabi/10.3.1/../../../../arm-none-eabi/lib/thumb/v7e-m+fp/hard\libc_nano.a(lib_a-readr.o)
                0x0000000008007d54                _read_r
 *(.glue_7)
 .glue_7        0x0000000008007d78        0x0 linker stubs
 *(.glue_7t)
 .glue_7t       0x0000000008007d78        0x0 linker stubs
 *(.eh_frame)
 .eh_frame      0x0000000008007d78        0x0 c:/program files/stm32cubeide_1.12.1/st/stm32cubeide_1.12.1/stm32cubeide/plugins/com.st.stm32cube.ide.mcu.externaltools.gnu-tools-for-stm32.10.3-2021.10.win32_1.0.200.202301161003/tools/bin/../lib/gcc/arm-none-eabi/10.3.1/thumb/v7e-m+fp/hard/crtbegin.o
 *(.init)
 .init          0x0000000008007d78        0x4 c:/program files/stm32cubeide_1.12.1/st/stm32cubeide_1.12.1/stm32cubeide/plugins/com.st.stm32cube.ide.mcu.externaltools.gnu-tools-for-stm32.10.3-2021.10.win32_1.0.200.202301161003/tools/bin/../lib/gcc/arm-none-eabi/10.3.1/thumb/v7e-m+fp/hard/crti.o
                0x0000000008007d78                _init
 .init          0x0000000008007d7c        0x8 c:/program files/stm32cubeide_1.12.1/st/stm32cubeide_1.12.1/stm32cubeide/plugins/com.st.stm32cube.ide.mcu.externaltools.gnu-tools-for-stm32.10.3-2021.10.win32_1.0.200.202301161003/tools/bin/../lib/gcc/arm-none-eabi/10.3.1/thumb/v7e-m+fp/hard/crtn.o
 *(.fini)
 .fini          0x0000000008007d84        0x4 c:/program files/stm32cubeide_1.12.1/st/stm32cubeide_1.12.1/stm32cubeide/plugins/com.st.stm32cube.ide.mcu.externaltools.gnu-tools-for-stm32.10.3-2021.10.win32_1.0.200.202301161003/tools/bin/../lib/gcc/arm-none-eabi/10.3.1/thumb/v7e-m+fp/hard/crti.o
                0x0000000008007d84                _fini
 .fini          0x0000000008007d88        0x8 c:/program files/stm32cubeide_1.12.1/st/stm32cubeide_1.12.1/stm32cubeide/plugins/com.st.stm32cube.ide.mcu.externaltools.gnu-tools-for-stm32.10.3-2021.10.win32_1.0.200.202301161003/tools/bin/../lib/gcc/arm-none-eabi/10.3.1/thumb/v7e-m+fp/hard/crtn.o
                0x0000000008007d90                . = ALIGN (0x4)
                0x0000000008007d90                _etext = .

.vfp11_veneer   0x0000000008007d90        0x0
 .vfp11_veneer  0x0000000008007d90        0x0 linker stubs

.v4_bx          0x0000000008007d90        0x0
 .v4_bx         0x0000000008007d90        0x0 linker stubs

.iplt           0x0000000008007d90        0x0
 .iplt          0x0000000008007d90        0x0 c:/program files/stm32cubeide_1.12.1/st/stm32cubeide_1.12.1/stm32cubeide/plugins/com.st.stm32cube.ide.mcu.externaltools.gnu-tools-for-stm32.10.3-2021.10.win32_1.0.200.202301161003/tools/bin/../lib/gcc/arm-none-eabi/10.3.1/thumb/v7e-m+fp/hard/crtbegin.o

.rodata         0x0000000008007d90      0x7bc
                0x0000000008007d90                . = ALIGN (0x4)
 *(.rodata)
 .rodata        0x0000000008007d90       0x9a ./Core/Src/main.o
 *fill*         0x0000000008007e2a        0x2 
 .rodata        0x0000000008007e2c       0x74 ./Drivers/STM32F4xx_HAL_Driver/stm32f4xx_hal_cortex.o
 .rodata        0x0000000008007ea0       0x72 ./Drivers/STM32F4xx_HAL_Driver/stm32f4xx_hal_gpio.o
 *fill*         0x0000000008007f12        0x2 
 .rodata        0x0000000008007f14       0x71 ./Drivers/STM32F4xx_HAL_Driver/stm32f4xx_hal_rcc.o
 *fill*         0x0000000008007f85        0x3 
 .rodata        0x0000000008007f88       0x74 ./Drivers/STM32F4xx_HAL_Driver/stm32f4xx_hal_rcc_ex.o
 .rodata        0x0000000008007ffc       0x71 ./Drivers/STM32F4xx_HAL_Driver/stm32f4xx_hal_tim.o
 *fill*         0x000000000800806d        0x3 
 .rodata        0x0000000008008070       0x74 ./Drivers/STM32F4xx_HAL_Driver/stm32f4xx_hal_tim_ex.o
 .rodata        0x00000000080080e4       0x72 ./Drivers/STM32F4xx_HAL_Driver/stm32f4xx_hal_uart.o
 *(.rodata*)
 *fill*         0x0000000008008156        0x2 
 .rodata.AHBPrescTable
                0x0000000008008158       0x10 ./Core/Src/system_stm32f4xx.o
                0x0000000008008158                AHBPrescTable
 .rodata.APBPrescTable
                0x0000000008008168        0x8 ./Core/Src/system_stm32f4xx.o
                0x0000000008008168                APBPrescTable
 .rodata._global_impure_ptr
                0x0000000008008170        0x4 c:/program files/stm32cubeide_1.12.1/st/stm32cubeide_1.12.1/stm32cubeide/plugins/com.st.stm32cube.ide.mcu.externaltools.gnu-tools-for-stm32.10.3-2021.10.win32_1.0.200.202301161003/tools/bin/../lib/gcc/arm-none-eabi/10.3.1/../../../../arm-none-eabi/lib/thumb/v7e-m+fp/hard\libc_nano.a(lib_a-impure.o)
                0x0000000008008170                _global_impure_ptr
 .rodata._printf_float.str1.1
                0x0000000008008174       0x12 c:/program files/stm32cubeide_1.12.1/st/stm32cubeide_1.12.1/stm32cubeide/plugins/com.st.stm32cube.ide.mcu.externaltools.gnu-tools-for-stm32.10.3-2021.10.win32_1.0.200.202301161003/tools/bin/../lib/gcc/arm-none-eabi/10.3.1/../../../../arm-none-eabi/lib/thumb/v7e-m+fp/hard\libc_nano.a(lib_a-nano-vfprintf_float.o)
 .rodata._printf_i.str1.1
                0x0000000008008186       0x22 c:/program files/stm32cubeide_1.12.1/st/stm32cubeide_1.12.1/stm32cubeide/plugins/com.st.stm32cube.ide.mcu.externaltools.gnu-tools-for-stm32.10.3-2021.10.win32_1.0.200.202301161003/tools/bin/../lib/gcc/arm-none-eabi/10.3.1/../../../../arm-none-eabi/lib/thumb/v7e-m+fp/hard\libc_nano.a(lib_a-nano-vfprintf_i.o)
 .rodata._dtoa_r.str1.1
                0x00000000080081a8       0x90 c:/program files/stm32cubeide_1.12.1/st/stm32cubeide_1.12.1/stm32cubeide/plugins/com.st.stm32cube.ide.mcu.externaltools.gnu-tools-for-stm32.10.3-2021.10.win32_1.0.200.202301161003/tools/bin/../lib/gcc/arm-none-eabi/10.3.1/../../../../arm-none-eabi/lib/thumb/v7e-m+fp/hard\libc_nano.a(lib_a-dtoa.o)
                                         0x92 (size before relaxing)
 .rodata._Balloc.str1.1
                0x0000000008008238       0x5c c:/program files/stm32cubeide_1.12.1/st/stm32cubeide_1.12.1/stm32cubeide/plugins/com.st.stm32cube.ide.mcu.externaltools.gnu-tools-for-stm32.10.3-2021.10.win32_1.0.200.202301161003/tools/bin/../lib/gcc/arm-none-eabi/10.3.1/../../../../arm-none-eabi/lib/thumb/v7e-m+fp/hard\libc_nano.a(lib_a-mprec.o)
                                         0x73 (size before relaxing)
 .rodata.__multadd.str1.1
                0x0000000008008294       0x11 c:/program files/stm32cubeide_1.12.1/st/stm32cubeide_1.12.1/stm32cubeide/plugins/com.st.stm32cube.ide.mcu.externaltools.gnu-tools-for-stm32.10.3-2021.10.win32_1.0.200.202301161003/tools/bin/../lib/gcc/arm-none-eabi/10.3.1/../../../../arm-none-eabi/lib/thumb/v7e-m+fp/hard\libc_nano.a(lib_a-mprec.o)
 *fill*         0x0000000008008294        0x4 
 .rodata.__mprec_bigtens
                0x0000000008008298       0x28 c:/program files/stm32cubeide_1.12.1/st/stm32cubeide_1.12.1/stm32cubeide/plugins/com.st.stm32cube.ide.mcu.externaltools.gnu-tools-for-stm32.10.3-2021.10.win32_1.0.200.202301161003/tools/bin/../lib/gcc/arm-none-eabi/10.3.1/../../../../arm-none-eabi/lib/thumb/v7e-m+fp/hard\libc_nano.a(lib_a-mprec.o)
                0x0000000008008298                __mprec_bigtens
 .rodata.__mprec_tens
                0x00000000080082c0       0xc8 c:/program files/stm32cubeide_1.12.1/st/stm32cubeide_1.12.1/stm32cubeide/plugins/com.st.stm32cube.ide.mcu.externaltools.gnu-tools-for-stm32.10.3-2021.10.win32_1.0.200.202301161003/tools/bin/../lib/gcc/arm-none-eabi/10.3.1/../../../../arm-none-eabi/lib/thumb/v7e-m+fp/hard\libc_nano.a(lib_a-mprec.o)
                0x00000000080082c0                __mprec_tens
 .rodata.p05.0  0x0000000008008388        0xc c:/program files/stm32cubeide_1.12.1/st/stm32cubeide_1.12.1/stm32cubeide/plugins/com.st.stm32cube.ide.mcu.externaltools.gnu-tools-for-stm32.10.3-2021.10.win32_1.0.200.202301161003/tools/bin/../lib/gcc/arm-none-eabi/10.3.1/../../../../arm-none-eabi/lib/thumb/v7e-m+fp/hard\libc_nano.a(lib_a-mprec.o)
 .rodata._svfprintf_r.str1.1
                0x0000000008008394       0x11 c:/program files/stm32cubeide_1.12.1/st/stm32cubeide_1.12.1/stm32cubeide/plugins/com.st.stm32cube.ide.mcu.externaltools.gnu-tools-for-stm32.10.3-2021.10.win32_1.0.200.202301161003/tools/bin/../lib/gcc/arm-none-eabi/10.3.1/../../../../arm-none-eabi/lib/thumb/v7e-m+fp/hard\libc_nano.a(lib_a-nano-svfprintf.o)
 .rodata.__assert_func.str1.1
                0x00000000080083a5       0x3c c:/program files/stm32cubeide_1.12.1/st/stm32cubeide_1.12.1/stm32cubeide/plugins/com.st.stm32cube.ide.mcu.externaltools.gnu-tools-for-stm32.10.3-2021.10.win32_1.0.200.202301161003/tools/bin/../lib/gcc/arm-none-eabi/10.3.1/../../../../arm-none-eabi/lib/thumb/v7e-m+fp/hard\libc_nano.a(lib_a-assert.o)
                                         0x3d (size before relaxing)
 .rodata._setlocale_r.str1.1
                0x00000000080083e1        0x8 c:/program files/stm32cubeide_1.12.1/st/stm32cubeide_1.12.1/stm32cubeide/plugins/com.st.stm32cube.ide.mcu.externaltools.gnu-tools-for-stm32.10.3-2021.10.win32_1.0.200.202301161003/tools/bin/../lib/gcc/arm-none-eabi/10.3.1/../../../../arm-none-eabi/lib/thumb/v7e-m+fp/hard\libc_nano.a(lib_a-locale.o)
                                          0x9 (size before relaxing)
 .rodata.str1.1
                0x00000000080083e9        0x2 c:/program files/stm32cubeide_1.12.1/st/stm32cubeide_1.12.1/stm32cubeide/plugins/com.st.stm32cube.ide.mcu.externaltools.gnu-tools-for-stm32.10.3-2021.10.win32_1.0.200.202301161003/tools/bin/../lib/gcc/arm-none-eabi/10.3.1/../../../../arm-none-eabi/lib/thumb/v7e-m+fp/hard\libc_nano.a(lib_a-locale.o)
 .rodata._vfprintf_r.str1.1
                0x00000000080083eb       0x11 c:/program files/stm32cubeide_1.12.1/st/stm32cubeide_1.12.1/stm32cubeide/plugins/com.st.stm32cube.ide.mcu.externaltools.gnu-tools-for-stm32.10.3-2021.10.win32_1.0.200.202301161003/tools/bin/../lib/gcc/arm-none-eabi/10.3.1/../../../../arm-none-eabi/lib/thumb/v7e-m+fp/hard\libc_nano.a(lib_a-nano-vfprintf.o)
 .rodata._ctype_
                0x00000000080083eb      0x101 c:/program files/stm32cubeide_1.12.1/st/stm32cubeide_1.12.1/stm32cubeide/plugins/com.st.stm32cube.ide.mcu.externaltools.gnu-tools-for-stm32.10.3-2021.10.win32_1.0.200.202301161003/tools/bin/../lib/gcc/arm-none-eabi/10.3.1/../../../../arm-none-eabi/lib/thumb/v7e-m+fp/hard\libc_nano.a(lib_a-ctype_.o)
                0x00000000080083eb                _ctype_
 .rodata.__sf_fake_stderr
                0x00000000080084ec       0x20 c:/program files/stm32cubeide_1.12.1/st/stm32cubeide_1.12.1/stm32cubeide/plugins/com.st.stm32cube.ide.mcu.externaltools.gnu-tools-for-stm32.10.3-2021.10.win32_1.0.200.202301161003/tools/bin/../lib/gcc/arm-none-eabi/10.3.1/../../../../arm-none-eabi/lib/thumb/v7e-m+fp/hard\libc_nano.a(lib_a-findfp.o)
                0x00000000080084ec                __sf_fake_stderr
 .rodata.__sf_fake_stdin
                0x000000000800850c       0x20 c:/program files/stm32cubeide_1.12.1/st/stm32cubeide_1.12.1/stm32cubeide/plugins/com.st.stm32cube.ide.mcu.externaltools.gnu-tools-for-stm32.10.3-2021.10.win32_1.0.200.202301161003/tools/bin/../lib/gcc/arm-none-eabi/10.3.1/../../../../arm-none-eabi/lib/thumb/v7e-m+fp/hard\libc_nano.a(lib_a-findfp.o)
                0x000000000800850c                __sf_fake_stdin
 .rodata.__sf_fake_stdout
                0x000000000800852c       0x20 c:/program files/stm32cubeide_1.12.1/st/stm32cubeide_1.12.1/stm32cubeide/plugins/com.st.stm32cube.ide.mcu.externaltools.gnu-tools-for-stm32.10.3-2021.10.win32_1.0.200.202301161003/tools/bin/../lib/gcc/arm-none-eabi/10.3.1/../../../../arm-none-eabi/lib/thumb/v7e-m+fp/hard\libc_nano.a(lib_a-findfp.o)
                0x000000000800852c                __sf_fake_stdout
                0x000000000800854c                . = ALIGN (0x4)

.ARM.extab      0x000000000800854c        0x0
                0x000000000800854c                . = ALIGN (0x4)
 *(.ARM.extab* .gnu.linkonce.armextab.*)
                0x000000000800854c                . = ALIGN (0x4)

.ARM            0x000000000800854c        0x8
                0x000000000800854c                . = ALIGN (0x4)
                0x000000000800854c                __exidx_start = .
 *(.ARM.exidx*)
 .ARM.exidx     0x000000000800854c        0x8 c:/program files/stm32cubeide_1.12.1/st/stm32cubeide_1.12.1/stm32cubeide/plugins/com.st.stm32cube.ide.mcu.externaltools.gnu-tools-for-stm32.10.3-2021.10.win32_1.0.200.202301161003/tools/bin/../lib/gcc/arm-none-eabi/10.3.1/thumb/v7e-m+fp/hard\libgcc.a(_udivmoddi4.o)
                0x0000000008008554                __exidx_end = .
                0x0000000008008554                . = ALIGN (0x4)

.rel.dyn        0x0000000008008554        0x0
 .rel.iplt      0x0000000008008554        0x0 c:/program files/stm32cubeide_1.12.1/st/stm32cubeide_1.12.1/stm32cubeide/plugins/com.st.stm32cube.ide.mcu.externaltools.gnu-tools-for-stm32.10.3-2021.10.win32_1.0.200.202301161003/tools/bin/../lib/gcc/arm-none-eabi/10.3.1/thumb/v7e-m+fp/hard/crtbegin.o

.preinit_array  0x0000000008008554        0x0
                0x0000000008008554                . = ALIGN (0x4)
                0x0000000008008554                PROVIDE (__preinit_array_start = .)
 *(.preinit_array*)
                0x0000000008008554                PROVIDE (__preinit_array_end = .)
                0x0000000008008554                . = ALIGN (0x4)

.init_array     0x0000000008008554        0x4
                0x0000000008008554                . = ALIGN (0x4)
                0x0000000008008554                PROVIDE (__init_array_start = .)
 *(SORT_BY_NAME(.init_array.*))
 *(.init_array*)
 .init_array    0x0000000008008554        0x4 c:/program files/stm32cubeide_1.12.1/st/stm32cubeide_1.12.1/stm32cubeide/plugins/com.st.stm32cube.ide.mcu.externaltools.gnu-tools-for-stm32.10.3-2021.10.win32_1.0.200.202301161003/tools/bin/../lib/gcc/arm-none-eabi/10.3.1/thumb/v7e-m+fp/hard/crtbegin.o
                0x0000000008008558                PROVIDE (__init_array_end = .)
                0x0000000008008558                . = ALIGN (0x4)

.fini_array     0x0000000008008558        0x4
                0x0000000008008558                . = ALIGN (0x4)
                [!provide]                        PROVIDE (__fini_array_start = .)
 *(SORT_BY_NAME(.fini_array.*))
 *(.fini_array*)
 .fini_array    0x0000000008008558        0x4 c:/program files/stm32cubeide_1.12.1/st/stm32cubeide_1.12.1/stm32cubeide/plugins/com.st.stm32cube.ide.mcu.externaltools.gnu-tools-for-stm32.10.3-2021.10.win32_1.0.200.202301161003/tools/bin/../lib/gcc/arm-none-eabi/10.3.1/thumb/v7e-m+fp/hard/crtbegin.o
                [!provide]                        PROVIDE (__fini_array_end = .)
                0x000000000800855c                . = ALIGN (0x4)
                0x000000000800855c                _sidata = LOADADDR (.data)

.data           0x0000000020000000      0x1e8 load address 0x000000000800855c
                0x0000000020000000                . = ALIGN (0x4)
                0x0000000020000000                _sdata = .
 *(.data)
 *(.data*)
 .data.FilterSpeedEnable
                0x0000000020000000        0x1 ./Core/Src/main.o
                0x0000000020000000                FilterSpeedEnable
 .data.FrequencySpeedFilter
                0x0000000020000001        0x1 ./Core/Src/main.o
                0x0000000020000001                FrequencySpeedFilter
 .data.FrequencyCase
                0x0000000020000002        0x1 ./Core/Src/main.o
                0x0000000020000002                FrequencyCase
 *fill*         0x0000000020000003        0x1 
 .data.EncoderPulse
                0x0000000020000004        0x2 ./Core/Src/main.o
                0x0000000020000004                EncoderPulse
 .data.RevoluctionFactor
                0x0000000020000006        0x2 ./Core/Src/main.o
                0x0000000020000006                RevoluctionFactor
 .data.STMStepper
                0x0000000020000008        0x1 ./Core/Src/main.o
                0x0000000020000008                STMStepper
 *fill*         0x0000000020000009        0x3 
 .data.SystemCoreClock
                0x000000002000000c        0x4 ./Core/Src/system_stm32f4xx.o
                0x000000002000000c                SystemCoreClock
 .data.uwTickPrio
                0x0000000020000010        0x4 ./Drivers/STM32F4xx_HAL_Driver/stm32f4xx_hal.o
                0x0000000020000010                uwTickPrio
 .data.uwTickFreq
                0x0000000020000014        0x1 ./Drivers/STM32F4xx_HAL_Driver/stm32f4xx_hal.o
                0x0000000020000014                uwTickFreq
 *fill*         0x0000000020000015        0x3 
 .data._impure_ptr
                0x0000000020000018        0x4 c:/program files/stm32cubeide_1.12.1/st/stm32cubeide_1.12.1/stm32cubeide/plugins/com.st.stm32cube.ide.mcu.externaltools.gnu-tools-for-stm32.10.3-2021.10.win32_1.0.200.202301161003/tools/bin/../lib/gcc/arm-none-eabi/10.3.1/../../../../arm-none-eabi/lib/thumb/v7e-m+fp/hard\libc_nano.a(lib_a-impure.o)
                0x0000000020000018                _impure_ptr
 .data.impure_data
                0x000000002000001c       0x60 c:/program files/stm32cubeide_1.12.1/st/stm32cubeide_1.12.1/stm32cubeide/plugins/com.st.stm32cube.ide.mcu.externaltools.gnu-tools-for-stm32.10.3-2021.10.win32_1.0.200.202301161003/tools/bin/../lib/gcc/arm-none-eabi/10.3.1/../../../../arm-none-eabi/lib/thumb/v7e-m+fp/hard\libc_nano.a(lib_a-impure.o)
 .data.__global_locale
                0x000000002000007c      0x16c c:/program files/stm32cubeide_1.12.1/st/stm32cubeide_1.12.1/stm32cubeide/plugins/com.st.stm32cube.ide.mcu.externaltools.gnu-tools-for-stm32.10.3-2021.10.win32_1.0.200.202301161003/tools/bin/../lib/gcc/arm-none-eabi/10.3.1/../../../../arm-none-eabi/lib/thumb/v7e-m+fp/hard\libc_nano.a(lib_a-locale.o)
                0x000000002000007c                __global_locale
 *(.RamFunc)
 *(.RamFunc*)
                0x00000000200001e8                . = ALIGN (0x4)
                0x00000000200001e8                _edata = .

.igot.plt       0x00000000200001e8        0x0 load address 0x0000000008008744
 .igot.plt      0x00000000200001e8        0x0 c:/program files/stm32cubeide_1.12.1/st/stm32cubeide_1.12.1/stm32cubeide/plugins/com.st.stm32cube.ide.mcu.externaltools.gnu-tools-for-stm32.10.3-2021.10.win32_1.0.200.202301161003/tools/bin/../lib/gcc/arm-none-eabi/10.3.1/thumb/v7e-m+fp/hard/crtbegin.o
                0x00000000200001e8                . = ALIGN (0x4)

.bss            0x00000000200001e8      0x2e0 load address 0x0000000008008744
                0x00000000200001e8                _sbss = .
                0x00000000200001e8                __bss_start__ = _sbss
 *(.bss)
 .bss           0x00000000200001e8       0x1c c:/program files/stm32cubeide_1.12.1/st/stm32cubeide_1.12.1/stm32cubeide/plugins/com.st.stm32cube.ide.mcu.externaltools.gnu-tools-for-stm32.10.3-2021.10.win32_1.0.200.202301161003/tools/bin/../lib/gcc/arm-none-eabi/10.3.1/thumb/v7e-m+fp/hard/crtbegin.o
 *(.bss*)
 .bss.htim6     0x0000000020000204       0x48 ./Core/Src/main.o
                0x0000000020000204                htim6
 .bss.htim7     0x000000002000024c       0x48 ./Core/Src/main.o
                0x000000002000024c                htim7
 .bss.huart2    0x0000000020000294       0x44 ./Core/Src/main.o
                0x0000000020000294                huart2
 .bss.EncoderCount
                0x00000000200002d8        0x4 ./Core/Src/main.o
                0x00000000200002d8                EncoderCount
 .bss.MSG       0x00000000200002dc       0xc8 ./Core/Src/main.o
                0x00000000200002dc                MSG
 .bss.CR        0x00000000200003a4        0x2 ./Core/Src/main.o
                0x00000000200003a4                CR
 *fill*         0x00000000200003a6        0x2 
 .bss.Prefix    0x00000000200003a8        0x3 ./Core/Src/main.o
                0x00000000200003a8                Prefix
 *fill*         0x00000000200003ab        0x1 
 .bss.Sufix     0x00000000200003ac        0x3 ./Core/Src/main.o
                0x00000000200003ac                Sufix
 *fill*         0x00000000200003af        0x1 
 .bss.HEADER1   0x00000000200003b0       0x23 ./Core/Src/main.o
                0x00000000200003b0                HEADER1
 *fill*         0x00000000200003d3        0x1 
 .bss.HEADER2   0x00000000200003d4       0x23 ./Core/Src/main.o
                0x00000000200003d4                HEADER2
 *fill*         0x00000000200003f7        0x1 
 .bss.HEADER3   0x00000000200003f8       0x23 ./Core/Src/main.o
                0x00000000200003f8                HEADER3
 *fill*         0x000000002000041b        0x1 
 .bss.HEADER4   0x000000002000041c       0x23 ./Core/Src/main.o
                0x000000002000041c                HEADER4
 *fill*         0x000000002000043f        0x1 
 .bss.HEADER5   0x0000000020000440       0x23 ./Core/Src/main.o
                0x0000000020000440                HEADER5
 *fill*         0x0000000020000463        0x1 
 .bss.RPSSpeedFilter
                0x0000000020000464        0x4 ./Core/Src/main.o
                0x0000000020000464                RPSSpeedFilter
 .bss.RPSSpeedFilterPrev
                0x0000000020000468        0x4 ./Core/Src/main.o
                0x0000000020000468                RPSSpeedFilterPrev
 .bss.EncoderSpeedRPSToFiler
                0x000000002000046c        0x4 ./Core/Src/main.o
                0x000000002000046c                EncoderSpeedRPSToFiler
 .bss.b_i       0x0000000020000470        0x4 ./Core/Src/main.o
                0x0000000020000470                b_i
 .bss.a_i       0x0000000020000474        0x4 ./Core/Src/main.o
                0x0000000020000474                a_i
 .bss.rot_new_state
                0x0000000020000478        0x1 ./Core/Src/main.o
                0x0000000020000478                rot_new_state
 .bss.rot_old_state
                0x0000000020000479        0x1 ./Core/Src/main.o
                0x0000000020000479                rot_old_state
 *fill*         0x000000002000047a        0x2 
 .bss.PositionMotor
                0x000000002000047c        0x4 ./Core/Src/main.o
                0x000000002000047c                PositionMotor
 .bss.EncoderPosition
                0x0000000020000480        0x4 ./Core/Src/main.o
                0x0000000020000480                EncoderPosition
 .bss.EncoderPositionFloat
                0x0000000020000484        0x4 ./Core/Src/main.o
                0x0000000020000484                EncoderPositionFloat
 .bss.KinematicPositionUnit
                0x0000000020000488        0x4 ./Core/Src/main.o
                0x0000000020000488                KinematicPositionUnit
 .bss.EncoderSpeedRPS
                0x000000002000048c        0x4 ./Core/Src/main.o
                0x000000002000048c                EncoderSpeedRPS
 .bss.EncoderSpeedRPM
                0x0000000020000490        0x4 ./Core/Src/main.o
                0x0000000020000490                EncoderSpeedRPM
 .bss.EncoderSpeedRPSold
                0x0000000020000494        0x4 ./Core/Src/main.o
                0x0000000020000494                EncoderSpeedRPSold
 .bss.EncoderSpeedUnit
                0x0000000020000498        0x4 ./Core/Src/main.o
                0x0000000020000498                EncoderSpeedUnit
 .bss.TM6_DiffCaunter
                0x000000002000049c        0x4 ./Core/Src/main.o
                0x000000002000049c                TM6_DiffCaunter
 .bss.TM6_OldValue
                0x00000000200004a0        0x4 ./Core/Src/main.o
                0x00000000200004a0                TM6_OldValue
 .bss.IncrementSpeedCheckDouble
                0x00000000200004a4        0x1 ./Core/Src/main.o
                0x00000000200004a4                IncrementSpeedCheckDouble
 *fill*         0x00000000200004a5        0x3 
 .bss.DemandMotorStep
                0x00000000200004a8        0x4 ./Core/Src/main.o
                0x00000000200004a8                DemandMotorStep
 .bss.TM6_Currentvalue
                0x00000000200004ac        0x2 ./Core/Src/main.o
                0x00000000200004ac                TM6_Currentvalue
 .bss.TickSerial
                0x00000000200004ae        0x1 ./Core/Src/main.o
                0x00000000200004ae                TickSerial
 *fill*         0x00000000200004af        0x1 
 .bss.__sbrk_heap_end
                0x00000000200004b0        0x4 ./Core/Src/sysmem.o
 .bss.uwTick    0x00000000200004b4        0x4 ./Drivers/STM32F4xx_HAL_Driver/stm32f4xx_hal.o
                0x00000000200004b4                uwTick
 .bss.__malloc_free_list
                0x00000000200004b8        0x4 c:/program files/stm32cubeide_1.12.1/st/stm32cubeide_1.12.1/stm32cubeide/plugins/com.st.stm32cube.ide.mcu.externaltools.gnu-tools-for-stm32.10.3-2021.10.win32_1.0.200.202301161003/tools/bin/../lib/gcc/arm-none-eabi/10.3.1/../../../../arm-none-eabi/lib/thumb/v7e-m+fp/hard\libc_nano.a(lib_a-nano-mallocr.o)
                0x00000000200004b8                __malloc_free_list
 .bss.__malloc_sbrk_start
                0x00000000200004bc        0x4 c:/program files/stm32cubeide_1.12.1/st/stm32cubeide_1.12.1/stm32cubeide/plugins/com.st.stm32cube.ide.mcu.externaltools.gnu-tools-for-stm32.10.3-2021.10.win32_1.0.200.202301161003/tools/bin/../lib/gcc/arm-none-eabi/10.3.1/../../../../arm-none-eabi/lib/thumb/v7e-m+fp/hard\libc_nano.a(lib_a-nano-mallocr.o)
                0x00000000200004bc                __malloc_sbrk_start
 .bss.errno     0x00000000200004c0        0x4 c:/program files/stm32cubeide_1.12.1/st/stm32cubeide_1.12.1/stm32cubeide/plugins/com.st.stm32cube.ide.mcu.externaltools.gnu-tools-for-stm32.10.3-2021.10.win32_1.0.200.202301161003/tools/bin/../lib/gcc/arm-none-eabi/10.3.1/../../../../arm-none-eabi/lib/thumb/v7e-m+fp/hard\libc_nano.a(lib_a-reent.o)
                0x00000000200004c0                errno
 .bss.__lock___malloc_recursive_mutex
                0x00000000200004c4        0x1 c:/program files/stm32cubeide_1.12.1/st/stm32cubeide_1.12.1/stm32cubeide/plugins/com.st.stm32cube.ide.mcu.externaltools.gnu-tools-for-stm32.10.3-2021.10.win32_1.0.200.202301161003/tools/bin/../lib/gcc/arm-none-eabi/10.3.1/../../../../arm-none-eabi/lib/thumb/v7e-m+fp/hard\libc_nano.a(lib_a-lock.o)
                0x00000000200004c4                __lock___malloc_recursive_mutex
 .bss.__lock___sfp_recursive_mutex
                0x00000000200004c5        0x1 c:/program files/stm32cubeide_1.12.1/st/stm32cubeide_1.12.1/stm32cubeide/plugins/com.st.stm32cube.ide.mcu.externaltools.gnu-tools-for-stm32.10.3-2021.10.win32_1.0.200.202301161003/tools/bin/../lib/gcc/arm-none-eabi/10.3.1/../../../../arm-none-eabi/lib/thumb/v7e-m+fp/hard\libc_nano.a(lib_a-lock.o)
                0x00000000200004c5                __lock___sfp_recursive_mutex
 .bss.__lock___sinit_recursive_mutex
                0x00000000200004c6        0x1 c:/program files/stm32cubeide_1.12.1/st/stm32cubeide_1.12.1/stm32cubeide/plugins/com.st.stm32cube.ide.mcu.externaltools.gnu-tools-for-stm32.10.3-2021.10.win32_1.0.200.202301161003/tools/bin/../lib/gcc/arm-none-eabi/10.3.1/../../../../arm-none-eabi/lib/thumb/v7e-m+fp/hard\libc_nano.a(lib_a-lock.o)
                0x00000000200004c6                __lock___sinit_recursive_mutex
 *(COMMON)
                0x00000000200004c8                . = ALIGN (0x4)
 *fill*         0x00000000200004c7        0x1 
                0x00000000200004c8                _ebss = .
                0x00000000200004c8                __bss_end__ = _ebss

._user_heap_stack
                0x00000000200004c8      0x600 load address 0x0000000008008744
                0x00000000200004c8                . = ALIGN (0x8)
                [!provide]                        PROVIDE (end = .)
                0x00000000200004c8                PROVIDE (_end = .)
                0x00000000200006c8                . = (. + _Min_Heap_Size)
 *fill*         0x00000000200004c8      0x200 
                0x0000000020000ac8                . = (. + _Min_Stack_Size)
 *fill*         0x00000000200006c8      0x400 
                0x0000000020000ac8                . = ALIGN (0x8)

/DISCARD/
 libc.a(*)
 libm.a(*)
 libgcc.a(*)

.ARM.attributes
                0x0000000000000000       0x30
 *(.ARM.attributes)
 .ARM.attributes
                0x0000000000000000       0x1e c:/program files/stm32cubeide_1.12.1/st/stm32cubeide_1.12.1/stm32cubeide/plugins/com.st.stm32cube.ide.mcu.externaltools.gnu-tools-for-stm32.10.3-2021.10.win32_1.0.200.202301161003/tools/bin/../lib/gcc/arm-none-eabi/10.3.1/thumb/v7e-m+fp/hard/crti.o
 .ARM.attributes