Archive member included to satisfy reference by file (symbol)

c:/program files/stm32cubeide_1.12.1/st/stm32cubeide_1.12.1/stm32cubeide/plugins/com.st.stm32cube.ide.mcu.externaltools.gnu-tools-for-stm32.10.3-2021.10.win32_1.0.200.202301161003/tools/bin/../lib/gcc/arm-none-eabi/10.3.1/../../../../arm-none-eabi/lib/thumb/v7e-m+fp/hard\libc_nano.a(lib_a-errno.o)
                              ./Core/Src/syscalls.o (__errno)
c:/program files/stm32cubeide_1.12.1/st/stm32cubeide_1.12.1/stm32cubeide/plugins/com.st.stm32cube.ide.mcu.externaltools.gnu-tools-for-stm32.10.3-2021.10.win32_1.0.200.202301161003/tools/bin/../lib/gcc/arm-none-eabi/10.3.1/../../../../arm-none-eabi/lib/thumb/v7e-m+fp/hard\libc_nano.a(lib_a-exit.o)
                              c:/program files/stm32cubeide_1.12.1/st/stm32cubeide_1.12.1/stm32cubeide/plugins/com.st.stm32cube.ide.mcu.externaltools.gnu-tools-for-stm32.10.3-2021.10.win32_1.0.200.202301161003/tools/bin/../lib/gcc/arm-none-eabi/10.3.1/../../../../arm-none-eabi/lib/thumb/v7e-m+fp/hard/crt0.o (exit)
c:/program files/stm32cubeide_1.12.1/st/stm32cubeide_1.12.1/stm32cubeide/plugins/com.st.stm32cube.ide.mcu.externaltools.gnu-tools-for-stm32.10.3-2021.10.win32_1.0.200.202301161003/tools/bin/../lib/gcc/arm-none-eabi/10.3.1/../../../../arm-none-eabi/lib/thumb/v7e-m+fp/hard\libc_nano.a(lib_a-impure.o)
                              c:/program files/stm32cubeide_1.12.1/st/stm32cubeide_1.12.1/stm32cubeide/plugins/com.st.stm32cube.ide.mcu.externaltools.gnu-tools-for-stm32.10.3-2021.10.win32_1.0.200.202301161003/tools/bin/../lib/gcc/arm-none-eabi/10.3.1/../../../../arm-none-eabi/lib/thumb/v7e-m+fp/hard\libc_nano.a(lib_a-exit.o) (_global_impure_ptr)
c:/program files/stm32cubeide_1.12.1/st/stm32cubeide_1.12.1/stm32cubeide/plugins/com.st.stm32cube.ide.mcu.externaltools.gnu-tools-for-stm32.10.3-2021.10.win32_1.0.200.202301161003/tools/bin/../lib/gcc/arm-none-eabi/10.3.1/../../../../arm-none-eabi/lib/thumb/v7e-m+fp/hard\libc_nano.a(lib_a-init.o)
                              c:/program files/stm32cubeide_1.12.1/st/stm32cubeide_1.12.1/stm32cubeide/plugins/com.st.stm32cube.ide.mcu.externaltools.gnu-tools-for-stm32.10.3-2021.10.win32_1.0.200.202301161003/tools/bin/../lib/gcc/arm-none-eabi/10.3.1/../../../../arm-none-eabi/lib/thumb/v7e-m+fp/hard/crt0.o (__libc_init_array)
c:/program files/stm32cubeide_1.12.1/st/stm32cubeide_1.12.1/stm32cubeide/plugins/com.st.stm32cube.ide.mcu.externaltools.gnu-tools-for-stm32.10.3-2021.10.win32_1.0.200.202301161003/tools/bin/../lib/gcc/arm-none-eabi/10.3.1/../../../../arm-none-eabi/lib/thumb/v7e-m+fp/hard\libc_nano.a(lib_a-memset.o)
                              c:/program files/stm32cubeide_1.12.1/st/stm32cubeide_1.12.1/stm32cubeide/plugins/com.st.stm32cube.ide.mcu.externaltools.gnu-tools-for-stm32.10.3-2021.10.win32_1.0.200.202301161003/tools/bin/../lib/gcc/arm-none-eabi/10.3.1/../../../../arm-none-eabi/lib/thumb/v7e-m+fp/hard/crt0.o (memset)
c:/program files/stm32cubeide_1.12.1/st/stm32cubeide_1.12.1/stm32cubeide/plugins/com.st.stm32cube.ide.mcu.externaltools.gnu-tools-for-stm32.10.3-2021.10.win32_1.0.200.202301161003/tools/bin/../lib/gcc/arm-none-eabi/10.3.1/../../../../arm-none-eabi/lib/thumb/v7e-m+fp/hard\libc_nano.a(lib_a-nano-vfprintf_float.o)
                              (_printf_float)
c:/program files/stm32cubeide_1.12.1/st/stm32cubeide_1.12.1/stm32cubeide/plugins/com.st.stm32cube.ide.mcu.externaltools.gnu-tools-for-stm32.10.3-2021.10.win32_1.0.200.202301161003/tools/bin/../lib/gcc/arm-none-eabi/10.3.1/../../../../arm-none-eabi/lib/thumb/v7e-m+fp/hard\libc_nano.a(lib_a-nano-vfprintf_i.o)
                              c:/program files/stm32cubeide_1.12.1/st/stm32cubeide_1.12.1/stm32cubeide/plugins/com.st.stm32cube.ide.mcu.externaltools.gnu-tools-for-stm32.10.3-2021.10.win32_1.0.200.202301161003/tools/bin/../lib/gcc/arm-none-eabi/10.3.1/../../../../arm-none-eabi/lib/thumb/v7e-m+fp/hard\libc_nano.a(lib_a-nano-vfprintf_float.o) (_printf_common)
c:/program files/stm32cubeide_1.12.1/st/stm32cubeide_1.12.1/stm32cubeide/plugins/com.st.stm32cube.ide.mcu.externaltools.gnu-tools-for-stm32.10.3-2021.10.win32_1.0.200.202301161003/tools/bin/../lib/gcc/arm-none-eabi/10.3.1/../../../../arm-none-eabi/lib/thumb/v7e-m+fp/hard\libc_nano.a(lib_a-sprintf.o)
                              ./Core/Src/main.o (sprintf)
c:/program files/stm32cubeide_1.12.1/st/stm32cubeide_1.12.1/stm32cubeide/plugins/com.st.stm32cube.ide.mcu.externaltools.gnu-tools-for-stm32.10.3-2021.10.win32_1.0.200.202301161003/tools/bin/../lib/gcc/arm-none-eabi/10.3.1/../../../../arm-none-eabi/lib/thumb/v7e-m+fp/hard\libc_nano.a(lib_a-strlen.o)
                              c:/program files/stm32cubeide_1.12.1/st/stm32cubeide_1.12.1/stm32cubeide/plugins/com.st.stm32cube.ide.mcu.externaltools.gnu-tools-for-stm32.10.3-2021.10.win32_1.0.200.202301161003/tools/bin/../lib/gcc/arm-none-eabi/10.3.1/../../../../arm-none-eabi/lib/thumb/v7e-m+fp/hard\libc_nano.a(lib_a-nano-vfprintf_float.o) (strlen)
[...]
Memory Configuration

Name             Origin             Length             Attributes
RAM              0x0000000020000000 0x0000000000020000 xrw
FLASH            0x0000000008000000 0x0000000000080000 xr
*default*        0x0000000000000000 0xffffffffffffffff

Linker script and memory map

LOAD c:/program files/stm32cubeide_1.12.1/st/stm32cubeide_1.12.1/stm32cubeide/plugins/com.st.stm32cube.ide.mcu.externaltools.gnu-tools-for-stm32.10.3-2021.10.win32_1.0.200.202301161003/tools/bin/../lib/gcc/arm-none-eabi/10.3.1/thumb/v7e-m+fp/hard/crti.o
LOAD c:/program files/stm32cubeide_1.12.1/st/stm32cubeide_1.12.1/stm32cubeide/plugins/com.st.stm32cube.ide.mcu.externaltools.gnu-tools-for-stm32.10.3-2021.10.win32_1.0.200.202301161003/tools/bin/../lib/gcc/arm-none-eabi/10.3.1/thumb/v7e-m+fp/hard/crtbegin.o
LOAD c:/program files/stm32cubeide_1.12.1/st/stm32cubeide_1.12.1/stm32cubeide/plugins/com.st.stm32cube.ide.mcu.externaltools.gnu-tools-for-stm32.10.3-2021.10.win32_1.0.200.202301161003/tools/bin/../lib/gcc/arm-none-eabi/10.3.1/../../../../arm-none-eabi/lib/thumb/v7e-m+fp/hard/crt0.o
LOAD ./Core/Src/main.o
LOAD ./Core/Src/stm32f4xx_hal_msp.o
LOAD ./Core/Src/stm32f4xx_it.o
LOAD ./Core/Src/syscalls.o
LOAD ./Core/Src/sysmem.o
LOAD ./Core/Src/system_stm32f4xx.o
LOAD ./Core/Startup/startup_stm32f446retx.o
LOAD ./Drivers/STM32F4xx_HAL_Driver/stm32f4xx_hal.o
LOAD ./Drivers/STM32F4xx_HAL_Driver/stm32f4xx_hal_cortex.o
LOAD ./Drivers/STM32F4xx_HAL_Driver/stm32f4xx_hal_dma.o
LOAD ./Drivers/STM32F4xx_HAL_Driver/stm32f4xx_hal_dma_ex.o
LOAD ./Drivers/STM32F4xx_HAL_Driver/stm32f4xx_hal_exti.o
LOAD ./Drivers/STM32F4xx_HAL_Driver/stm32f4xx_hal_flash.o
LOAD ./Drivers/STM32F4xx_HAL_Driver/stm32f4xx_hal_flash_ex.o
LOAD ./Drivers/STM32F4xx_HAL_Driver/stm32f4xx_hal_flash_ramfunc.o
LOAD ./Drivers/STM32F4xx_HAL_Driver/stm32f4xx_hal_gpio.o
LOAD ./Drivers/STM32F4xx_HAL_Driver/stm32f4xx_hal_pwr.o
LOAD ./Drivers/STM32F4xx_HAL_Driver/stm32f4xx_hal_pwr_ex.o
LOAD ./Drivers/STM32F4xx_HAL_Driver/stm32f4xx_hal_rcc.o
LOAD ./Drivers/STM32F4xx_HAL_Driver/stm32f4xx_hal_rcc_ex.o
LOAD ./Drivers/STM32F4xx_HAL_Driver/stm32f4xx_hal_tim.o
LOAD ./Drivers/STM32F4xx_HAL_Driver/stm32f4xx_hal_tim_ex.o
LOAD ./Drivers/STM32F4xx_HAL_Driver/stm32f4xx_hal_uart.o
START GROUP
LOAD c:/program files/stm32cubeide_1.12.1/st/stm32cubeide_1.12.1/stm32cubeide/plugins/com.st.stm32cube.ide.mcu.externaltools.gnu-tools-for-stm32.10.3-2021.10.win32_1.0.200.202301161003/tools/bin/../lib/gcc/arm-none-eabi/10.3.1/../../../../arm-none-eabi/lib/thumb/v7e-m+fp/hard\libc_nano.a
LOAD c:/program files/stm32cubeide_1.12.1/st/stm32cubeide_1.12.1/stm32cubeide/plugins/com.st.stm32cube.ide.mcu.externaltools.gnu-tools-for-stm32.10.3-2021.10.win32_1.0.200.202301161003/tools/bin/../lib/gcc/arm-none-eabi/10.3.1/../../../../arm-none-eabi/lib/thumb/v7e-m+fp/hard\libm.a
END GROUP
START GROUP
LOAD c:/program files/stm32cubeide_1.12.1/st/stm32cubeide_1.12.1/stm32cubeide/plugins/com.st.stm32cube.ide.mcu.externaltools.gnu-tools-for-stm32.10.3-2021.10.win32_1.0.200.202301161003/tools/bin/../lib/gcc/arm-none-eabi/10.3.1/thumb/v7e-m+fp/hard\libgcc.a
LOAD c:/program files/stm32cubeide_1.12.1/st/stm32cubeide_1.12.1/stm32cubeide/plugins/com.st.stm32cube.ide.mcu.externaltools.gnu-tools-for-stm32.10.3-2021.10.win32_1.0.200.202301161003/tools/bin/../lib/gcc/arm-none-eabi/10.3.1/../../../../arm-none-eabi/lib/thumb/v7e-m+fp/hard\libc_nano.a
END GROUP
START GROUP
LOAD c:/program files/stm32cubeide_1.12.1/st/stm32cubeide_1.12.1/stm32cubeide/plugins/com.st.stm32cube.ide.mcu.externaltools.gnu-tools-for-stm32.10.3-2021.10.win32_1.0.200.202301161003/tools/bin/../lib/gcc/arm-none-eabi/10.3.1/thumb/v7e-m+fp/hard\libgcc.a
LOAD c:/program files/stm32cubeide_1.12.1/st/stm32cubeide_1.12.1/stm32cubeide/plugins/com.st.stm32cube.ide.mcu.externaltools.gnu-tools-for-stm32.10.3-2021.10.win32_1.0.200.202301161003/tools/bin/../lib/gcc/arm-none-eabi/10.3.1/../../../../arm-none-eabi/lib/thumb/v7e-m+fp/hard\libc_nano.a
LOAD c:/program files/stm32cubeide_1.12.1/st/stm32cubeide_1.12.1/stm32cubeide/plugins/com.st.stm32cube.ide.mcu.externaltools.gnu-tools-for-stm32.10.3-2021.10.win32_1.0.200.202301161003/tools/bin/../lib/gcc/arm-none-eabi/10.3.1/../../../../arm-none-eabi/lib/thumb/v7e-m+fp/hard\libnosys.a
END GROUP
START GROUP
LOAD c:/program files/stm32cubeide_1.12.1/st/stm32cubeide_1.12.1/stm32cubeide/plugins/com.st.stm32cube.ide.mcu.externaltools.gnu-tools-for-stm32.10.3-2021.10.win32_1.0.200.202301161003/tools/bin/../lib/gcc/arm-none-eabi/10.3.1/thumb/v7e-m+fp/hard\libgcc.a
LOAD c:/program files/stm32cubeide_1.12.1/st/stm32cubeide_1.12.1/stm32cubeide/plugins/com.st.stm32cube.ide.mcu.externaltools.gnu-tools-for-stm32.10.3-2021.10.win32_1.0.200.202301161003/tools/bin/../lib/gcc/arm-none-eabi/10.3.1/../../../../arm-none-eabi/lib/thumb/v7e-m+fp/hard\libc_nano.a
LOAD c:/program files/stm32cubeide_1.12.1/st/stm32cubeide_1.12.1/stm32cubeide/plugins/com.st.stm32cube.ide.mcu.externaltools.gnu-tools-for-stm32.10.3-2021.10.win32_1.0.200.202301161003/tools/bin/../lib/gcc/arm-none-eabi/10.3.1/../../../../arm-none-eabi/lib/thumb/v7e-m+fp/hard\libnosys.a
END GROUP
LOAD c:/program files/stm32cubeide_1.12.1/st/stm32cubeide_1.12.1/stm32cubeide/plugins/com.st.stm32cube.ide.mcu.externaltools.gnu-tools-for-stm32.10.3-2021.10.win32_1.0.200.202301161003/tools/bin/../lib/gcc/arm-none-eabi/10.3.1/thumb/v7e-m+fp/hard/crtend.o
LOAD c:/program files/stm32cubeide_1.12.1/st/stm32cubeide_1.12.1/stm32cubeide/plugins/com.st.stm32cube.ide.mcu.externaltools.gnu-tools-for-stm32.10.3-2021.10.win32_1.0.200.202301161003/tools/bin/../lib/gcc/arm-none-eabi/10.3.1/thumb/v7e-m+fp/hard/crtn.o
                0x0000000020020000                _estack = (ORIGIN (RAM) + LENGTH (RAM))
                0x0000000000000200                _Min_Heap_Size = 0x200
                0x0000000000000400                _Min_Stack_Size = 0x400

.isr_vector     0x0000000008000000      0x1c4
                0x0000000008000000                . = ALIGN (0x4)
 *(.isr_vector)
 .isr_vector    0x0000000008000000      0x1c4 ./Core/Startup/startup_stm32f446retx.o
                0x0000000008000000                g_pfnVectors
                0x00000000080001c4                . = ALIGN (0x4)

.text           0x00000000080001d0     0x8490
                0x00000000080001d0                . = ALIGN (0x4)
 *(.text)
 .text          0x00000000080001d0       0x40 c:/program files/stm32cubeide_1.12.1/st/stm32cubeide_1.12.1/stm32cubeide/plugins/com.st.stm32cube.ide.mcu.externaltools.gnu-tools-for-stm32.10.3-2021.10.win32_1.0.200.202301161003/tools/bin/../lib/gcc/arm-none-eabi/10.3.1/thumb/v7e-m+fp/hard/crtbegin.o
 .text          0x0000000008000210       0x10 c:/program files/stm32cubeide_1.12.1/st/stm32cubeide_1.12.1/stm32cubeide/plugins/com.st.stm32cube.ide.mcu.externaltools.gnu-tools-for-stm32.10.3-2021.10.win32_1.0.200.202301161003/tools/bin/../lib/gcc/arm-none-eabi/10.3.1/../../../../arm-none-eabi/lib/thumb/v7e-m+fp/hard\libc_nano.a(lib_a-strlen.o)
                0x0000000008000210                strlen
 .text          0x0000000008000220       0xa0 c:/program files/stm32cubeide_1.12.1/st/stm32cubeide_1.12.1/stm32cubeide/plugins/com.st.stm32cube.ide.mcu.externaltools.gnu-tools-for-stm32.10.3-2021.10.win32_1.0.200.202301161003/tools/bin/../lib/gcc/arm-none-eabi/10.3.1/../../../../arm-none-eabi/lib/thumb/v7e-m+fp/hard\libc_nano.a(lib_a-memchr.o)
                0x0000000008000220                memchr
 .text          0x00000000080002c0      0x378 c:/program files/stm32cubeide_1.12.1/st/stm32cubeide_1.12.1/stm32cubeide/plugins/com.st.stm32cube.ide.mcu.externaltools.gnu-tools-for-stm32.10.3-2021.10.win32_1.0.200.202301161003/tools/bin/../lib/gcc/arm-none-eabi/10.3.1/thumb/v7e-m+fp/hard\libgcc.a(_arm_addsubdf3.o)
                0x00000000080002c0                __aeabi_drsub
                0x00000000080002c8                __aeabi_dsub
                0x00000000080002c8                __subdf3
                0x00000000080002cc                __aeabi_dadd
                0x00000000080002cc                __adddf3
                0x0000000008000544                __floatunsidf
                0x0000000008000544                __aeabi_ui2d
                0x0000000008000564                __floatsidf
                0x0000000008000564                __aeabi_i2d
                0x0000000008000588                __aeabi_f2d
                0x0000000008000588                __extendsfdf2
                0x00000000080005cc                __floatundidf
                0x00000000080005cc                __aeabi_ul2d
                0x00000000080005dc                __floatdidf
                0x00000000080005dc                __aeabi_l2d
 .text          0x0000000008000638      0x424 c:/program files/stm32cubeide_1.12.1/st/stm32cubeide_1.12.1/stm32cubeide/plugins/com.st.stm32cube.ide.mcu.externaltools.gnu-tools-for-stm32.10.3-2021.10.win32_1.0.200.202301161003/tools/bin/../lib/gcc/arm-none-eabi/10.3.1/thumb/v7e-m+fp/hard\libgcc.a(_arm_muldivdf3.o)
                0x0000000008000638                __aeabi_dmul
                0x0000000008000638                __muldf3
                0x000000000800088c                __divdf3
                0x000000000800088c                __aeabi_ddiv
 .text          0x0000000008000a5c      0x110 c:/program files/stm32cubeide_1.12.1/st/stm32cubeide_1.12.1/stm32cubeide/plugins/com.st.stm32cube.ide.mcu.externaltools.gnu-tools-for-stm32.10.3-2021.10.win32_1.0.200.202301161003/tools/bin/../lib/gcc/arm-none-eabi/10.3.1/thumb/v7e-m+fp/hard\libgcc.a(_arm_cmpdf2.o)
                0x0000000008000a5c                __gtdf2
                0x0000000008000a5c                __gedf2
                0x0000000008000a64                __ltdf2
                0x0000000008000a64                __ledf2
                0x0000000008000a6c                __nedf2
                0x0000000008000a6c                __eqdf2
                0x0000000008000a6c                __cmpdf2
                0x0000000008000ae8                __aeabi_cdrcmple
                0x0000000008000af8                __aeabi_cdcmpeq
                0x0000000008000af8                __aeabi_cdcmple
                0x0000000008000b08                __aeabi_dcmpeq
                0x0000000008000b1c                __aeabi_dcmplt
                0x0000000008000b30                __aeabi_dcmple
                0x0000000008000b44                __aeabi_dcmpge
                0x0000000008000b58                __aeabi_dcmpgt
 .text          0x0000000008000b6c       0x2c c:/program files/stm32cubeide_1.12.1/st/stm32cubeide_1.12.1/stm32cubeide/plugins/com.st.stm32cube.ide.mcu.externaltools.gnu-tools-for-stm32.10.3-2021.10.win32_1.0.200.202301161003/tools/bin/../lib/gcc/arm-none-eabi/10.3.1/thumb/v7e-m+fp/hard\libgcc.a(_arm_unorddf2.o)
                0x0000000008000b6c                __unorddf2
                0x0000000008000b6c                __aeabi_dcmpun
 .text          0x0000000008000b98       0x50 c:/program files/stm32cubeide_1.12.1/st/stm32cubeide_1.12.1/stm32cubeide/plugins/com.st.stm32cube.ide.mcu.externaltools.gnu-tools-for-stm32.10.3-2021.10.win32_1.0.200.202301161003/tools/bin/../lib/gcc/arm-none-eabi/10.3.1/thumb/v7e-m+fp/hard\libgcc.a(_arm_fixdfsi.o)
                0x0000000008000b98                __aeabi_d2iz
                0x0000000008000b98                __fixdfsi
 .text          0x0000000008000be8       0xa0 c:/program files/stm32cubeide_1.12.1/st/stm32cubeide_1.12.1/stm32cubeide/plugins/com.st.stm32cube.ide.mcu.externaltools.gnu-tools-for-stm32.10.3-2021.10.win32_1.0.200.202301161003/tools/bin/../lib/gcc/arm-none-eabi/10.3.1/thumb/v7e-m+fp/hard\libgcc.a(_arm_truncdfsf2.o)
                0x0000000008000be8                __truncdfsf2
                0x0000000008000be8                __aeabi_d2f
 .text          0x0000000008000c88       0x30 c:/program files/stm32cubeide_1.12.1/st/stm32cubeide_1.12.1/stm32cubeide/plugins/com.st.stm32cube.ide.mcu.externaltools.gnu-tools-for-stm32.10.3-2021.10.win32_1.0.200.202301161003/tools/bin/../lib/gcc/arm-none-eabi/10.3.1/thumb/v7e-m+fp/hard\libgcc.a(_aeabi_uldivmod.o)
                0x0000000008000c88                __aeabi_uldivmod
 .text          0x0000000008000cb8      0x2d0 c:/program files/stm32cubeide_1.12.1/st/stm32cubeide_1.12.1/stm32cubeide/plugins/com.st.stm32cube.ide.mcu.externaltools.gnu-tools-for-stm32.10.3-2021.10.win32_1.0.200.202301161003/tools/bin/../lib/gcc/arm-none-eabi/10.3.1/thumb/v7e-m+fp/hard\libgcc.a(_udivmoddi4.o)
                0x0000000008000cb8                __udivmoddi4
 .text          0x0000000008000f88        0x4 c:/program files/stm32cubeide_1.12.1/st/stm32cubeide_1.12.1/stm32cubeide/plugins/com.st.stm32cube.ide.mcu.externaltools.gnu-tools-for-stm32.10.3-2021.10.win32_1.0.200.202301161003/tools/bin/../lib/gcc/arm-none-eabi/10.3.1/thumb/v7e-m+fp/hard\libgcc.a(_dvmd_tls.o)
                0x0000000008000f88                __aeabi_idiv0
                0x0000000008000f88                __aeabi_ldiv0
 *(.text*)
 .text.StepperMotor_Init
                0x0000000008000f8c       0x54 ./Core/Src/main.o
                0x0000000008000f8c                StepperMotor_Init
 .text.main     0x0000000008000fe0      0x278 ./Core/Src/main.o
                0x0000000008000fe0                main
 .text.SystemClock_Config
                0x0000000008001258       0xdc ./Core/Src/main.o
                0x0000000008001258                SystemClock_Config
 .text.MX_TIM1_Init
                0x0000000008001334       0xa4 ./Core/Src/main.o
 .text.MX_TIM6_Init
                0x00000000080013d8       0x70 ./Core/Src/main.o
 .text.MX_TIM7_Init
                0x0000000008001448       0x70 ./Core/Src/main.o
 .text.MX_USART2_UART_Init
                0x00000000080014b8       0x54 ./Core/Src/main.o
 .text.MX_GPIO_Init
                0x000000000800150c      0x198 ./Core/Src/main.o
 .text.rot_get_state
                0x00000000080016a4       0x2c ./Core/Src/main.o
                0x00000000080016a4                rot_get_state
 .text.HAL_GPIO_EXTI_Callback
                0x00000000080016d0      0x138 ./Core/Src/main.o
                0x00000000080016d0                HAL_GPIO_EXTI_Callback
 .text.Calculate_Rotation
                0x0000000008001808      0x294 ./Core/Src/main.o
                0x0000000008001808                Calculate_Rotation
 .text.GetConstantFilter
                0x0000000008001a9c      0x264 ./Core/Src/main.o
                0x0000000008001a9c                GetConstantFilter
 .text.EnablePhaseA
                0x0000000008001d00       0x18 ./Core/Src/main.o
                0x0000000008001d00                EnablePhaseA
 .text.EnablePhaseB
                0x0000000008001d18       0x18 ./Core/Src/main.o
                0x0000000008001d18                EnablePhaseB
 .text.StepperMotor_StepForward
                0x0000000008001d30       0xc0 ./Core/Src/main.o
                0x0000000008001d30                StepperMotor_StepForward
 .text.StepperMotor_StepBackward
                0x0000000008001df0       0xc0 ./Core/Src/main.o
                0x0000000008001df0                StepperMotor_StepBackward
 .text.StepperMotor_Move
                0x0000000008001eb0       0x5c ./Core/Src/main.o
                0x0000000008001eb0                StepperMotor_Move
 .text.HAL_TIM_PeriodElapsedCallback
                0x0000000008001f0c       0x38 ./Core/Src/main.o
                0x0000000008001f0c                HAL_TIM_PeriodElapsedCallback
 .text.DELAY_SPEEDSTEP
                0x0000000008001f44       0x60 ./Core/Src/main.o
                0x0000000008001f44                DELAY_SPEEDSTEP
 .text.Error_Handler
                0x0000000008001fa4        0xa ./Core/Src/main.o
                0x0000000008001fa4                Error_Handler
 .text.assert_failed
                0x0000000008001fae       0x16 ./Core/Src/main.o
                0x0000000008001fae                assert_failed
 .text.HAL_MspInit
                0x0000000008001fc4       0x50 ./Core/Src/stm32f4xx_hal_msp.o
                0x0000000008001fc4                HAL_MspInit
 .text.HAL_TIM_Base_MspInit
                0x0000000008002014       0xa8 ./Core/Src/stm32f4xx_hal_msp.o
                0x0000000008002014                HAL_TIM_Base_MspInit
 .text.HAL_UART_MspInit
                0x00000000080020bc       0x90 ./Core/Src/stm32f4xx_hal_msp.o
                0x00000000080020bc                HAL_UART_MspInit
 .text.NMI_Handler
                0x000000000800214c        0x6 ./Core/Src/stm32f4xx_it.o
                0x000000000800214c                NMI_Handler
 .text.HardFault_Handler
                0x0000000008002152        0x6 ./Core/Src/stm32f4xx_it.o
                0x0000000008002152                HardFault_Handler
 .text.MemManage_Handler
                0x0000000008002158        0x6 ./Core/Src/stm32f4xx_it.o
                0x0000000008002158                MemManage_Handler
 .text.BusFault_Handler
                0x000000000800215e        0x6 ./Core/Src/stm32f4xx_it.o
                0x000000000800215e                BusFault_Handler
 .text.UsageFault_Handler
                0x0000000008002164        0x6 ./Core/Src/stm32f4xx_it.o
                0x0000000008002164                UsageFault_Handler
 .text.SVC_Handler
                0x000000000800216a        0xe ./Core/Src/stm32f4xx_it.o
                0x000000000800216a                SVC_Handler
 .text.DebugMon_Handler
                0x0000000008002178        0xe ./Core/Src/stm32f4xx_it.o
                0x0000000008002178                DebugMon_Handler
 .text.PendSV_Handler
                0x0000000008002186        0xe ./Core/Src/stm32f4xx_it.o
                0x0000000008002186                PendSV_Handler
 .text.SysTick_Handler
                0x0000000008002194        0xc ./Core/Src/stm32f4xx_it.o
                0x0000000008002194                SysTick_Handler
 .text.EXTI0_IRQHandler
                0x00000000080021a0        0xe ./Core/Src/stm32f4xx_it.o
                0x00000000080021a0                EXTI0_IRQHandler
 .text.EXTI1_IRQHandler
                0x00000000080021ae        0xe ./Core/Src/stm32f4xx_it.o
                0x00000000080021ae                EXTI1_IRQHandler
 .text.EXTI15_10_IRQHandler
                0x00000000080021bc       0x10 ./Core/Src/stm32f4xx_it.o
                0x00000000080021bc                EXTI15_10_IRQHandler
 .text.TIM7_IRQHandler
                0x00000000080021cc       0x14 ./Core/Src/stm32f4xx_it.o
                0x00000000080021cc                TIM7_IRQHandler
 .text._getpid  0x00000000080021e0       0x10 ./Core/Src/syscalls.o
                0x00000000080021e0                _getpid
 .text._kill    0x00000000080021f0       0x20 ./Core/Src/syscalls.o
                0x00000000080021f0                _kill
 .text._exit    0x0000000008002210       0x14 ./Core/Src/syscalls.o
                0x0000000008002210                _exit
 .text._read    0x0000000008002224       0x3a ./Core/Src/syscalls.o
                0x0000000008002224                _read
 .text._write   0x000000000800225e       0x38 ./Core/Src/syscalls.o
                0x000000000800225e                _write
 .text._close   0x0000000008002296       0x18 ./Core/Src/syscalls.o
                0x0000000008002296                _close
 .text._fstat   0x00000000080022ae       0x20 ./Core/Src/syscalls.o
                0x00000000080022ae                _fstat
 .text._isatty  0x00000000080022ce       0x16 ./Core/Src/syscalls.o
                0x00000000080022ce                _isatty
 .text._lseek   0x00000000080022e4       0x1a ./Core/Src/syscalls.o
                0x00000000080022e4                _lseek
 *fill*         0x00000000080022fe        0x2 
 .text._sbrk    0x0000000008002300       0x6c ./Core/Src/sysmem.o
                0x0000000008002300                _sbrk
 .text.SystemInit
                0x000000000800236c       0x24 ./Core/Src/system_stm32f4xx.o
                0x000000000800236c                SystemInit
 .text.Reset_Handler
                0x0000000008002390       0x50 ./Core/Startup/startup_stm32f446retx.o
                0x0000000008002390                Reset_Handler
 .text.Default_Handler
                0x00000000080023e0        0x2 ./Core/Startup/startup_stm32f446retx.o
                0x00000000080023e0                RTC_Alarm_IRQHandler
                0x00000000080023e0                EXTI2_IRQHandler
                0x00000000080023e0                TIM8_CC_IRQHandler
                0x00000000080023e0                FMPI2C1_EV_IRQHandler
                0x00000000080023e0                SPI4_IRQHandler
                0x00000000080023e0                TIM1_CC_IRQHandler
                0x00000000080023e0                DMA2_Stream5_IRQHandler
                0x00000000080023e0                DMA1_Stream5_IRQHandler
                0x00000000080023e0                PVD_IRQHandler
                0x00000000080023e0                SDIO_IRQHandler
                0x00000000080023e0                TAMP_STAMP_IRQHandler
                0x00000000080023e0                CAN2_RX1_IRQHandler
                0x00000000080023e0                EXTI3_IRQHandler
                0x00000000080023e0                TIM8_TRG_COM_TIM14_IRQHandler
                0x00000000080023e0                TIM1_UP_TIM10_IRQHandler
                0x00000000080023e0                TIM8_UP_TIM13_IRQHandler
                0x00000000080023e0                I2C3_ER_IRQHandler
                0x00000000080023e0                I2C2_EV_IRQHandler
                0x00000000080023e0                DMA1_Stream2_IRQHandler
                0x00000000080023e0                CAN1_RX0_IRQHandler
                0x00000000080023e0                FPU_IRQHandler
                0x00000000080023e0                OTG_HS_WKUP_IRQHandler
                0x00000000080023e0                CAN2_SCE_IRQHandler
                0x00000000080023e0                DMA2_Stream2_IRQHandler
                0x00000000080023e0                SPI1_IRQHandler
                0x00000000080023e0                TIM6_DAC_IRQHandler
                0x00000000080023e0                TIM1_BRK_TIM9_IRQHandler
                0x00000000080023e0                DCMI_IRQHandler
                0x00000000080023e0                CAN2_RX0_IRQHandler
                0x00000000080023e0                DMA2_Stream3_IRQHandler
                0x00000000080023e0                SAI2_IRQHandler
                0x00000000080023e0                USART6_IRQHandler
                0x00000000080023e0                USART3_IRQHandler
                0x00000000080023e0                CAN1_RX1_IRQHandler
                0x00000000080023e0                UART5_IRQHandler
                0x00000000080023e0                DMA2_Stream0_IRQHandler
                0x00000000080023e0                TIM4_IRQHandler
                0x00000000080023e0                QUADSPI_IRQHandler
                0x00000000080023e0                I2C1_EV_IRQHandler
                0x00000000080023e0                DMA1_Stream6_IRQHandler
                0x00000000080023e0                DMA1_Stream1_IRQHandler
                0x00000000080023e0                UART4_IRQHandler
                0x00000000080023e0                TIM3_IRQHandler
                0x00000000080023e0                RCC_IRQHandler
                0x00000000080023e0                TIM8_BRK_TIM12_IRQHandler
                0x00000000080023e0                Default_Handler
                0x00000000080023e0                CEC_IRQHandler
                0x00000000080023e0                ADC_IRQHandler
                0x00000000080023e0                DMA1_Stream7_IRQHandler
                0x00000000080023e0                CAN2_TX_IRQHandler
                0x00000000080023e0                TIM5_IRQHandler
                0x00000000080023e0                DMA2_Stream7_IRQHandler
                0x00000000080023e0                I2C3_EV_IRQHandler
                0x00000000080023e0                EXTI9_5_IRQHandler
                0x00000000080023e0                RTC_WKUP_IRQHandler
                0x00000000080023e0                SPDIF_RX_IRQHandler
                0x00000000080023e0                SPI2_IRQHandler
                0x00000000080023e0                OTG_HS_EP1_IN_IRQHandler
                0x00000000080023e0                DMA1_Stream0_IRQHandler
                0x00000000080023e0                CAN1_TX_IRQHandler
                0x00000000080023e0                FMPI2C1_ER_IRQHandler
                0x00000000080023e0                EXTI4_IRQHandler
                0x00000000080023e0                OTG_HS_EP1_OUT_IRQHandler
                0x00000000080023e0                WWDG_IRQHandler
                0x00000000080023e0                TIM2_IRQHandler
                0x00000000080023e0                OTG_FS_WKUP_IRQHandler
                0x00000000080023e0                TIM1_TRG_COM_TIM11_IRQHandler
                0x00000000080023e0                OTG_HS_IRQHandler
                0x00000000080023e0                USART2_IRQHandler
                0x00000000080023e0                I2C2_ER_IRQHandler
                0x00000000080023e0                DMA2_Stream1_IRQHandler
                0x00000000080023e0                CAN1_SCE_IRQHandler
                0x00000000080023e0                FLASH_IRQHandler
                0x00000000080023e0                DMA2_Stream4_IRQHandler
                0x00000000080023e0                USART1_IRQHandler
                0x00000000080023e0                OTG_FS_IRQHandler
                0x00000000080023e0                SPI3_IRQHandler
                0x00000000080023e0                DMA1_Stream4_IRQHandler
                0x00000000080023e0                I2C1_ER_IRQHandler
                0x00000000080023e0                FMC_IRQHandler
                0x00000000080023e0                DMA2_Stream6_IRQHandler
                0x00000000080023e0                SAI1_IRQHandler
                0x00000000080023e0                DMA1_Stream3_IRQHandler
 *fill*         0x00000000080023e2        0x2 
 .text.HAL_Init
                0x00000000080023e4       0x44 ./Drivers/STM32F4xx_HAL_Driver/stm32f4xx_hal.o
                0x00000000080023e4                HAL_Init
 .text.HAL_InitTick
                0x0000000008002428       0x60 ./Drivers/STM32F4xx_HAL_Driver/stm32f4xx_hal.o
                0x0000000008002428                HAL_InitTick
 .text.HAL_IncTick
                0x0000000008002488       0x28 ./Drivers/STM32F4xx_HAL_Driver/stm32f4xx_hal.o
                0x0000000008002488                HAL_IncTick
 .text.HAL_GetTick
                0x00000000080024b0       0x18 ./Drivers/STM32F4xx_HAL_Driver/stm32f4xx_hal.o
                0x00000000080024b0                HAL_GetTick
 .text.HAL_Delay
                0x00000000080024c8       0x48 ./Drivers/STM32F4xx_HAL_Driver/stm32f4xx_hal.o
                0x00000000080024c8                HAL_Delay
 .text.__NVIC_SetPriorityGrouping
                0x0000000008002510       0x48 ./Drivers/STM32F4xx_HAL_Driver/stm32f4xx_hal_cortex.o
 .text.__NVIC_GetPriorityGrouping
                0x0000000008002558       0x1c ./Drivers/STM32F4xx_HAL_Driver/stm32f4xx_hal_cortex.o
 .text.__NVIC_EnableIRQ
                0x0000000008002574       0x3c ./Drivers/STM32F4xx_HAL_Driver/stm32f4xx_hal_cortex.o
 .text.__NVIC_SetPriority
                0x00000000080025b0       0x54 ./Drivers/STM32F4xx_HAL_Driver/stm32f4xx_hal_cortex.o
 .text.NVIC_EncodePriority
                0x0000000008002604       0x66 ./Drivers/STM32F4xx_HAL_Driver/stm32f4xx_hal_cortex.o
 *fill*         0x000000000800266a        0x2 
 .text.SysTick_Config
                0x000000000800266c       0x44 ./Drivers/STM32F4xx_HAL_Driver/stm32f4xx_hal_cortex.o
 .text.HAL_NVIC_SetPriorityGrouping
                0x00000000080026b0       0x40 ./Drivers/STM32F4xx_HAL_Driver/stm32f4xx_hal_cortex.o
                0x00000000080026b0                HAL_NVIC_SetPriorityGrouping
 .text.HAL_NVIC_SetPriority
                0x00000000080026f0       0x58 ./Drivers/STM32F4xx_HAL_Driver/stm32f4xx_hal_cortex.o
                0x00000000080026f0                HAL_NVIC_SetPriority
 .text.HAL_NVIC_EnableIRQ
                0x0000000008002748       0x30 ./Drivers/STM32F4xx_HAL_Driver/stm32f4xx_hal_cortex.o
                0x0000000008002748                HAL_NVIC_EnableIRQ
 .text.HAL_SYSTICK_Config
                0x0000000008002778       0x18 ./Drivers/STM32F4xx_HAL_Driver/stm32f4xx_hal_cortex.o
                0x0000000008002778                HAL_SYSTICK_Config
 .text.HAL_GPIO_Init
                0x0000000008002790      0x648 ./Drivers/STM32F4xx_HAL_Driver/stm32f4xx_hal_gpio.o
                0x0000000008002790                HAL_GPIO_Init
 .text.HAL_GPIO_ReadPin
                0x0000000008002dd8       0x4c ./Drivers/STM32F4xx_HAL_Driver/stm32f4xx_hal_gpio.o
                0x0000000008002dd8                HAL_GPIO_ReadPin
 .text.HAL_GPIO_WritePin
                0x0000000008002e24       0x64 ./Drivers/STM32F4xx_HAL_Driver/stm32f4xx_hal_gpio.o
                0x0000000008002e24                HAL_GPIO_WritePin
 .text.HAL_GPIO_TogglePin
                0x0000000008002e88       0x50 ./Drivers/STM32F4xx_HAL_Driver/stm32f4xx_hal_gpio.o
                0x0000000008002e88                HAL_GPIO_TogglePin
 .text.HAL_GPIO_EXTI_IRQHandler
                0x0000000008002ed8       0x30 ./Drivers/STM32F4xx_HAL_Driver/stm32f4xx_hal_gpio.o
                0x0000000008002ed8                HAL_GPIO_EXTI_IRQHandler
 .text.HAL_RCC_ClockConfig
                0x0000000008002f08      0x34c ./Drivers/STM32F4xx_HAL_Driver/stm32f4xx_hal_rcc.o
                0x0000000008002f08                HAL_RCC_ClockConfig
 .text.HAL_RCC_GetHCLKFreq
                0x0000000008003254       0x18 ./Drivers/STM32F4xx_HAL_Driver/stm32f4xx_hal_rcc.o
                0x0000000008003254                HAL_RCC_GetHCLKFreq
 .text.HAL_RCC_GetPCLK1Freq
                0x000000000800326c       0x28 ./Drivers/STM32F4xx_HAL_Driver/stm32f4xx_hal_rcc.o
                0x000000000800326c                HAL_RCC_GetPCLK1Freq
 .text.HAL_RCC_GetPCLK2Freq
                0x0000000008003294       0x28 ./Drivers/STM32F4xx_HAL_Driver/stm32f4xx_hal_rcc.o
                0x0000000008003294                HAL_RCC_GetPCLK2Freq
 .text.HAL_RCC_GetSysClockFreq
                0x00000000080032bc      0x460 ./Drivers/STM32F4xx_HAL_Driver/stm32f4xx_hal_rcc_ex.o
                0x00000000080032bc                HAL_RCC_GetSysClockFreq
 .text.HAL_RCC_OscConfig
                0x000000000800371c      0x6b8 ./Drivers/STM32F4xx_HAL_Driver/stm32f4xx_hal_rcc_ex.o
                0x000000000800371c                HAL_RCC_OscConfig
 .text.HAL_TIM_Base_Init
                0x0000000008003dd4      0x1e0 ./Drivers/STM32F4xx_HAL_Driver/stm32f4xx_hal_tim.o
                0x0000000008003dd4                HAL_TIM_Base_Init
 .text.HAL_TIM_Base_Start_IT
                0x0000000008003fb4      0x18c ./Drivers/STM32F4xx_HAL_Driver/stm32f4xx_hal_tim.o
                0x0000000008003fb4                HAL_TIM_Base_Start_IT
 .text.HAL_TIM_IRQHandler
                0x0000000008004140      0x210 ./Drivers/STM32F4xx_HAL_Driver/stm32f4xx_hal_tim.o
                0x0000000008004140                HAL_TIM_IRQHandler
 .text.HAL_TIM_ConfigClockSource
                0x0000000008004350      0x700 ./Drivers/STM32F4xx_HAL_Driver/stm32f4xx_hal_tim.o
                0x0000000008004350                HAL_TIM_ConfigClockSource
 .text.HAL_TIM_OC_DelayElapsedCallback
                0x0000000008004a50       0x14 ./Drivers/STM32F4xx_HAL_Driver/stm32f4xx_hal_tim.o
                0x0000000008004a50                HAL_TIM_OC_DelayElapsedCallback
 .text.HAL_TIM_IC_CaptureCallback
                0x0000000008004a64       0x14 ./Drivers/STM32F4xx_HAL_Driver/stm32f4xx_hal_tim.o
                0x0000000008004a64                HAL_TIM_IC_CaptureCallback
 .text.HAL_TIM_PWM_PulseFinishedCallback
                0x0000000008004a78       0x14 ./Drivers/STM32F4xx_HAL_Driver/stm32f4xx_hal_tim.o
                0x0000000008004a78                HAL_TIM_PWM_PulseFinishedCallback
 .text.HAL_TIM_TriggerCallback
                0x0000000008004a8c       0x14 ./Drivers/STM32F4xx_HAL_Driver/stm32f4xx_hal_tim.o
                0x0000000008004a8c                HAL_TIM_TriggerCallback
 .text.TIM_Base_SetConfig
                0x0000000008004aa0      0x140 ./Drivers/STM32F4xx_HAL_Driver/stm32f4xx_hal_tim.o
                0x0000000008004aa0                TIM_Base_SetConfig
 .text.TIM_TI1_ConfigInputStage
                0x0000000008004be0       0x5e ./Drivers/STM32F4xx_HAL_Driver/stm32f4xx_hal_tim.o
 .text.TIM_TI2_ConfigInputStage
                0x0000000008004c3e       0x60 ./Drivers/STM32F4xx_HAL_Driver/stm32f4xx_hal_tim.o
 .text.TIM_ITRx_SetConfig
                0x0000000008004c9e       0x36 ./Drivers/STM32F4xx_HAL_Driver/stm32f4xx_hal_tim.o
 .text.TIM_ETR_SetConfig
                0x0000000008004cd4       0x40 ./Drivers/STM32F4xx_HAL_Driver/stm32f4xx_hal_tim.o
                0x0000000008004cd4                TIM_ETR_SetConfig
 .text.HAL_TIMEx_MasterConfigSynchronization
                0x0000000008004d14      0x1bc ./Drivers/STM32F4xx_HAL_Driver/stm32f4xx_hal_tim_ex.o
                0x0000000008004d14                HAL_TIMEx_MasterConfigSynchronization
 .text.HAL_TIMEx_CommutCallback
                0x0000000008004ed0       0x14 ./Drivers/STM32F4xx_HAL_Driver/stm32f4xx_hal_tim_ex.o
                0x0000000008004ed0                HAL_TIMEx_CommutCallback
 .text.HAL_TIMEx_BreakCallback
                0x0000000008004ee4       0x14 ./Drivers/STM32F4xx_HAL_Driver/stm32f4xx_hal_tim_ex.o
                0x0000000008004ee4                HAL_TIMEx_BreakCallback
 .text.HAL_UART_Init
                0x0000000008004ef8      0x1b4 ./Drivers/STM32F4xx_HAL_Driver/stm32f4xx_hal_uart.o
                0x0000000008004ef8                HAL_UART_Init
 .text.HAL_UART_Transmit
                0x00000000080050ac      0x124 ./Drivers/STM32F4xx_HAL_Driver/stm32f4xx_hal_uart.o
                0x00000000080050ac                HAL_UART_Transmit
 .text.UART_WaitOnFlagUntilTimeout
                0x00000000080051d0       0xdc ./Drivers/STM32F4xx_HAL_Driver/stm32f4xx_hal_uart.o
 .text.UART_SetConfig
                0x00000000080052ac      0x574 ./Drivers/STM32F4xx_HAL_Driver/stm32f4xx_hal_uart.o
 .text.__errno  0x0000000008005820        0xc c:/program files/stm32cubeide_1.12.1/st/stm32cubeide_1.12.1/stm32cubeide/plugins/com.st.stm32cube.ide.mcu.externaltools.gnu-tools-for-stm32.10.3-2021.10.win32_1.0.200.202301161003/tools/bin/../lib/gcc/arm-none-eabi/10.3.1/../../../../arm-none-eabi/lib/thumb/v7e-m+fp/hard\libc_nano.a(lib_a-errno.o)
                0x0000000008005820                __errno
 .text.__libc_init_array
                0x000000000800582c       0x48 c:/program files/stm32cubeide_1.12.1/st/stm32cubeide_1.12.1/stm32cubeide/plugins/com.st.stm32cube.ide.mcu.externaltools.gnu-tools-for-stm32.10.3-2021.10.win32_1.0.200.202301161003/tools/bin/../lib/gcc/arm-none-eabi/10.3.1/../../../../arm-none-eabi/lib/thumb/v7e-m+fp/hard\libc_nano.a(lib_a-init.o)
                0x000000000800582c                __libc_init_array
 .text.memset   0x0000000008005874       0x10 c:/program files/stm32cubeide_1.12.1/st/stm32cubeide_1.12.1/stm32cubeide/plugins/com.st.stm32cube.ide.mcu.externaltools.gnu-tools-for-stm32.10.3-2021.10.win32_1.0.200.202301161003/tools/bin/../lib/gcc/arm-none-eabi/10.3.1/../../../../arm-none-eabi/lib/thumb/v7e-m+fp/hard\libc_nano.a(lib_a-memset.o)
                0x0000000008005874                memset
 .text.__cvt    0x0000000008005884       0xc4 c:/program files/stm32cubeide_1.12.1/st/stm32cubeide_1.12.1/stm32cubeide/plugins/com.st.stm32cube.ide.mcu.externaltools.gnu-tools-for-stm32.10.3-2021.10.win32_1.0.200.202301161003/tools/bin/../lib/gcc/arm-none-eabi/10.3.1/../../../../arm-none-eabi/lib/thumb/v7e-m+fp/hard\libc_nano.a(lib_a-nano-vfprintf_float.o)
                0x0000000008005884                __cvt
 .text.__exponent
                0x0000000008005948       0x7c c:/program files/stm32cubeide_1.12.1/st/stm32cubeide_1.12.1/stm32cubeide/plugins/com.st.stm32cube.ide.mcu.externaltools.gnu-tools-for-stm32.10.3-2021.10.win32_1.0.200.202301161003/tools/bin/../lib/gcc/arm-none-eabi/10.3.1/../../../../arm-none-eabi/lib/thumb/v7e-m+fp/hard\libc_nano.a(lib_a-nano-vfprintf_float.o)
                0x0000000008005948                __exponent
 .text._printf_float
                0x00000000080059c4      0x46c c:/program files/stm32cubeide_1.12.1/st/stm32cubeide_1.12.1/stm32cubeide/plugins/com.st.stm32cube.ide.mcu.externaltools.gnu-tools-for-stm32.10.3-2021.10.win32_1.0.200.202301161003/tools/bin/../lib/gcc/arm-none-eabi/10.3.1/../../../../arm-none-eabi/lib/thumb/v7e-m+fp/hard\libc_nano.a(lib_a-nano-vfprintf_float.o)
                0x00000000080059c4                _printf_float
 .text._printf_common
                0x0000000008005e30       0xda c:/program files/stm32cubeide_1.12.1/st/stm32cubeide_1.12.1/stm32cubeide/plugins/com.st.stm32cube.ide.mcu.externaltools.gnu-tools-for-stm32.10.3-2021.10.win32_1.0.200.202301161003/tools/bin/../lib/gcc/arm-none-eabi/10.3.1/../../../../arm-none-eabi/lib/thumb/v7e-m+fp/hard\libc_nano.a(lib_a-nano-vfprintf_i.o)
                0x0000000008005e30                _printf_common
 *fill*         0x0000000008005f0a        0x2 
 .text._printf_i
                0x0000000008005f0c      0x24c c:/program files/stm32cubeide_1.12.1/st/stm32cubeide_1.12.1/stm32cubeide/plugins/com.st.stm32cube.ide.mcu.externaltools.gnu-tools-for-stm32.10.3-2021.10.win32_1.0.200.202301161003/tools/bin/../lib/gcc/arm-none-eabi/10.3.1/../../../../arm-none-eabi/lib/thumb/v7e-m+fp/hard\libc_nano.a(lib_a-nano-vfprintf_i.o)
                0x0000000008005f0c                _printf_i
 .text.sprintf  0x0000000008006158       0x40 c:/program files/stm32cubeide_1.12.1/st/stm32cubeide_1.12.1/stm32cubeide/plugins/com.st.stm32cube.ide.mcu.externaltools.gnu-tools-for-stm32.10.3-2021.10.win32_1.0.200.202301161003/tools/bin/../lib/gcc/arm-none-eabi/10.3.1/../../../../arm-none-eabi/lib/thumb/v7e-m+fp/hard\libc_nano.a(lib_a-sprintf.o)
                0x0000000008006158                siprintf
                0x0000000008006158                sprintf
 .text.quorem   0x0000000008006198      0x116 c:/program files/stm32cubeide_1.12.1/st/stm32cubeide_1.12.1/stm32cubeide/plugins/com.st.stm32cube.ide.mcu.externaltools.gnu-tools-for-stm32.10.3-2021.10.win32_1.0.200.202301161003/tools/bin/../lib/gcc/arm-none-eabi/10.3.1/../../../../arm-none-eabi/lib/thumb/v7e-m+fp/hard\libc_nano.a(lib_a-dtoa.o)
 *fill*         0x00000000080062ae        0x2 
 .text._dtoa_r  0x00000000080062b0      0xbdc c:/program files/stm32cubeide_1.12.1/st/stm32cubeide_1.12.1/stm32cubeide/plugins/com.st.stm32cube.ide.mcu.externaltools.gnu-tools-for-stm32.10.3-2021.10.win32_1.0.200.202301161003/tools/bin/../lib/gcc/arm-none-eabi/10.3.1/../../../../arm-none-eabi/lib/thumb/v7e-m+fp/hard\libc_nano.a(lib_a-dtoa.o)
                0x00000000080062b0                _dtoa_r
 .text._localeconv_r
                0x0000000008006e8c        0x8 c:/program files/stm32cubeide_1.12.1/st/stm32cubeide_1.12.1/stm32cubeide/plugins/com.st.stm32cube.ide.mcu.externaltools.gnu-tools-for-stm32.10.3-2021.10.win32_1.0.200.202301161003/tools/bin/../lib/gcc/arm-none-eabi/10.3.1/../../../../arm-none-eabi/lib/thumb/v7e-m+fp/hard\libc_nano.a(lib_a-localeconv.o)
                0x0000000008006e8c                _localeconv_r
 .text.malloc   0x0000000008006e94       0x10 c:/program files/stm32cubeide_1.12.1/st/stm32cubeide_1.12.1/stm32cubeide/plugins/com.st.stm32cube.ide.mcu.externaltools.gnu-tools-for-stm32.10.3-2021.10.win32_1.0.200.202301161003/tools/bin/../lib/gcc/arm-none-eabi/10.3.1/../../../../arm-none-eabi/lib/thumb/v7e-m+fp/hard\libc_nano.a(lib_a-malloc.o)
                0x0000000008006e94                malloc
 .text.memcpy   0x0000000008006ea4       0x1c c:/program files/stm32cubeide_1.12.1/st/stm32cubeide_1.12.1/stm32cubeide/plugins/com.st.stm32cube.ide.mcu.externaltools.gnu-tools-for-stm32.10.3-2021.10.win32_1.0.200.202301161003/tools/bin/../lib/gcc/arm-none-eabi/10.3.1/../../../../arm-none-eabi/lib/thumb/v7e-m+fp/hard\libc_nano.a(lib_a-memcpy-stub.o)
                0x0000000008006ea4                memcpy
 .text._Balloc  0x0000000008006ec0       0x80 c:/program files/stm32cubeide_1.12.1/st/stm32cubeide_1.12.1/stm32cubeide/plugins/com.st.stm32cube.ide.mcu.externaltools.gnu-tools-for-stm32.10.3-2021.10.win32_1.0.200.202301161003/tools/bin/../lib/gcc/arm-none-eabi/10.3.1/../../../../arm-none-eabi/lib/thumb/v7e-m+fp/hard\libc_nano.a(lib_a-mprec.o)
                0x0000000008006ec0                _Balloc
 .text._Bfree   0x0000000008006f40       0x44 c:/program files/stm32cubeide_1.12.1/st/stm32cubeide_1.12.1/stm32cubeide/plugins/com.st.stm32cube.ide.mcu.externaltools.gnu-tools-for-stm32.10.3-2021.10.win32_1.0.200.202301161003/tools/bin/../lib/gcc/arm-none-eabi/10.3.1/../../../../arm-none-eabi/lib/thumb/v7e-m+fp/hard\libc_nano.a(lib_a-mprec.o)
                0x0000000008006f40                _Bfree
 .text.__multadd
                0x0000000008006f84       0x8c c:/program files/stm32cubeide_1.12.1/st/stm32cubeide_1.12.1/stm32cubeide/plugins/com.st.stm32cube.ide.mcu.externaltools.gnu-tools-for-stm32.10.3-2021.10.win32_1.0.200.202301161003/tools/bin/../lib/gcc/arm-none-eabi/10.3.1/../../../../arm-none-eabi/lib/thumb/v7e-m+fp/hard\libc_nano.a(lib_a-mprec.o)
                0x0000000008006f84                __multadd
 .text.__hi0bits
                0x0000000008007010       0x40 c:/program files/stm32cubeide_1.12.1/st/stm32cubeide_1.12.1/stm32cubeide/plugins/com.st.stm32cube.ide.mcu.externaltools.gnu-tools-for-stm32.10.3-2021.10.win32_1.0.200.202301161003/tools/bin/../lib/gcc/arm-none-eabi/10.3.1/../../../../arm-none-eabi/lib/thumb/v7e-m+fp/hard\libc_nano.a(lib_a-mprec.o)
                0x0000000008007010                __hi0bits
 .text.__lo0bits
                0x0000000008007050       0x5e c:/program files/stm32cubeide_1.12.1/st/stm32cubeide_1.12.1/stm32cubeide/plugins/com.st.stm32cube.ide.mcu.externaltools.gnu-tools-for-stm32.10.3-2021.10.win32_1.0.200.202301161003/tools/bin/../lib/gcc/arm-none-eabi/10.3.1/../../../../arm-none-eabi/lib/thumb/v7e-m+fp/hard\libc_nano.a(lib_a-mprec.o)
                0x0000000008007050                __lo0bits
 *fill*         0x00000000080070ae        0x2 
 .text.__i2b    0x00000000080070b0       0x2c c:/program files/stm32cubeide_1.12.1/st/stm32cubeide_1.12.1/stm32cubeide/plugins/com.st.stm32cube.ide.mcu.externaltools.gnu-tools-for-stm32.10.3-2021.10.win32_1.0.200.202301161003/tools/bin/../lib/gcc/arm-none-eabi/10.3.1/../../../../arm-none-eabi/lib/thumb/v7e-m+fp/hard\libc_nano.a(lib_a-mprec.o)
                0x00000000080070b0                __i2b
 .text.__multiply
                0x00000000080070dc      0x154 c:/program files/stm32cubeide_1.12.1/st/stm32cubeide_1.12.1/stm32cubeide/plugins/com.st.stm32cube.ide.mcu.externaltools.gnu-tools-for-stm32.10.3-2021.10.win32_1.0.200.202301161003/tools/bin/../lib/gcc/arm-none-eabi/10.3.1/../../../../arm-none-eabi/lib/thumb/v7e-m+fp/hard\libc_nano.a(lib_a-mprec.o)
                0x00000000080070dc                __multiply
 .text.__pow5mult
                0x0000000008007230       0xb4 c:/program files/stm32cubeide_1.12.1/st/stm32cubeide_1.12.1/stm32cubeide/plugins/com.st.stm32cube.ide.mcu.externaltools.gnu-tools-for-stm32.10.3-2021.10.win32_1.0.200.202301161003/tools/bin/../lib/gcc/arm-none-eabi/10.3.1/../../../../arm-none-eabi/lib/thumb/v7e-m+fp/hard\libc_nano.a(lib_a-mprec.o)
                0x0000000008007230                __pow5mult
 .text.__lshift
                0x00000000080072e4       0xe0 c:/program files/stm32cubeide_1.12.1/st/stm32cubeide_1.12.1/stm32cubeide/plugins/com.st.stm32cube.ide.mcu.externaltools.gnu-tools-for-stm32.10.3-2021.10.win32_1.0.200.202301161003/tools/bin/../lib/gcc/arm-none-eabi/10.3.1/../../../../arm-none-eabi/lib/thumb/v7e-m+fp/hard\libc_nano.a(lib_a-mprec.o)
                0x00000000080072e4                __lshift
 .text.__mcmp   0x00000000080073c4       0x38 c:/program files/stm32cubeide_1.12.1/st/stm32cubeide_1.12.1/stm32cubeide/plugins/com.st.stm32cube.ide.mcu.externaltools.gnu-tools-for-stm32.10.3-2021.10.win32_1.0.200.202301161003/tools/bin/../lib/gcc/arm-none-eabi/10.3.1/../../../../arm-none-eabi/lib/thumb/v7e-m+fp/hard\libc_nano.a(lib_a-mprec.o)
                0x00000000080073c4                __mcmp
 .text.__mdiff  0x00000000080073fc      0x114 c:/program files/stm32cubeide_1.12.1/st/stm32cubeide_1.12.1/stm32cubeide/plugins/com.st.stm32cube.ide.mcu.externaltools.gnu-tools-for-stm32.10.3-2021.10.win32_1.0.200.202301161003/tools/bin/../lib/gcc/arm-none-eabi/10.3.1/../../../../arm-none-eabi/lib/thumb/v7e-m+fp/hard\libc_nano.a(lib_a-mprec.o)
                0x00000000080073fc                __mdiff
 .text.__d2b    0x0000000008007510       0xb8 c:/program files/stm32cubeide_1.12.1/st/stm32cubeide_1.12.1/stm32cubeide/plugins/com.st.stm32cube.ide.mcu.externaltools.gnu-tools-for-stm32.10.3-2021.10.win32_1.0.200.202301161003/tools/bin/../lib/gcc/arm-none-eabi/10.3.1/../../../../arm-none-eabi/lib/thumb/v7e-m+fp/hard\libc_nano.a(lib_a-mprec.o)
                0x0000000008007510                __d2b
 .text._calloc_r
                0x00000000080075c8       0x2c c:/program files/stm32cubeide_1.12.1/st/stm32cubeide_1.12.1/stm32cubeide/plugins/com.st.stm32cube.ide.mcu.externaltools.gnu-tools-for-stm32.10.3-2021.10.win32_1.0.200.202301161003/tools/bin/../lib/gcc/arm-none-eabi/10.3.1/../../../../arm-none-eabi/lib/thumb/v7e-m+fp/hard\libc_nano.a(lib_a-nano-callocr.o)
                0x00000000080075c8                _calloc_r
 .text._free_r  0x00000000080075f4       0x98 c:/program files/stm32cubeide_1.12.1/st/stm32cubeide_1.12.1/stm32cubeide/plugins/com.st.stm32cube.ide.mcu.externaltools.gnu-tools-for-stm32.10.3-2021.10.win32_1.0.200.202301161003/tools/bin/../lib/gcc/arm-none-eabi/10.3.1/../../../../arm-none-eabi/lib/thumb/v7e-m+fp/hard\libc_nano.a(lib_a-nano-freer.o)
                0x00000000080075f4                _free_r
 .text.sbrk_aligned
                0x000000000800768c       0x40 c:/program files/stm32cubeide_1.12.1/st/stm32cubeide_1.12.1/stm32cubeide/plugins/com.st.stm32cube.ide.mcu.externaltools.gnu-tools-for-stm32.10.3-2021.10.win32_1.0.200.202301161003/tools/bin/../lib/gcc/arm-none-eabi/10.3.1/../../../../arm-none-eabi/lib/thumb/v7e-m+fp/hard\libc_nano.a(lib_a-nano-mallocr.o)
 .text._malloc_r
                0x00000000080076cc       0xe8 c:/program files/stm32cubeide_1.12.1/st/stm32cubeide_1.12.1/stm32cubeide/plugins/com.st.stm32cube.ide.mcu.externaltools.gnu-tools-for-stm32.10.3-2021.10.win32_1.0.200.202301161003/tools/bin/../lib/gcc/arm-none-eabi/10.3.1/../../../../arm-none-eabi/lib/thumb/v7e-m+fp/hard\libc_nano.a(lib_a-nano-mallocr.o)
                0x00000000080076cc                _malloc_r
 .text.__ssputs_r
                0x00000000080077b4       0xb6 c:/program files/stm32cubeide_1.12.1/st/stm32cubeide_1.12.1/stm32cubeide/plugins/com.st.stm32cube.ide.mcu.externaltools.gnu-tools-for-stm32.10.3-2021.10.win32_1.0.200.202301161003/tools/bin/../lib/gcc/arm-none-eabi/10.3.1/../../../../arm-none-eabi/lib/thumb/v7e-m+fp/hard\libc_nano.a(lib_a-nano-svfprintf.o)
                0x00000000080077b4                __ssputs_r
 *fill*         0x000000000800786a        0x2 
 .text._svfprintf_r
                0x000000000800786c      0x200 c:/program files/stm32cubeide_1.12.1/st/stm32cubeide_1.12.1/stm32cubeide/plugins/com.st.stm32cube.ide.mcu.externaltools.gnu-tools-for-stm32.10.3-2021.10.win32_1.0.200.202301161003/tools/bin/../lib/gcc/arm-none-eabi/10.3.1/../../../../arm-none-eabi/lib/thumb/v7e-m+fp/hard\libc_nano.a(lib_a-nano-svfprintf.o)
                0x000000000800786c                _svfiprintf_r
                0x000000000800786c                _svfprintf_r
 .text._sbrk_r  0x0000000008007a6c       0x20 c:/program files/stm32cubeide_1.12.1/st/stm32cubeide_1.12.1/stm32cubeide/plugins/com.st.stm32cube.ide.mcu.externaltools.gnu-tools-for-stm32.10.3-2021.10.win32_1.0.200.202301161003/tools/bin/../lib/gcc/arm-none-eabi/10.3.1/../../../../arm-none-eabi/lib/thumb/v7e-m+fp/hard\libc_nano.a(lib_a-sbrkr.o)
                0x0000000008007a6c                _sbrk_r
 .text.__assert_func
                0x0000000008007a8c       0x3c c:/program files/stm32cubeide_1.12.1/st/stm32cubeide_1.12.1/stm32cubeide/plugins/com.st.stm32cube.ide.mcu.externaltools.gnu-tools-for-stm32.10.3-2021.10.win32_1.0.200.202301161003/tools/bin/../lib/gcc/arm-none-eabi/10.3.1/../../../../arm-none-eabi/lib/thumb/v7e-m+fp/hard\libc_nano.a(lib_a-assert.o)
                0x0000000008007a8c                __assert_func
 .text.fprintf  0x0000000008007ac8       0x24 c:/program files/stm32cubeide_1.12.1/st/stm32cubeide_1.12.1/stm32cubeide/plugins/com.st.stm32cube.ide.mcu.externaltools.gnu-tools-for-stm32.10.3-2021.10.win32_1.0.200.202301161003/tools/bin/../lib/gcc/arm-none-eabi/10.3.1/../../../../arm-none-eabi/lib/thumb/v7e-m+fp/hard\libc_nano.a(lib_a-fprintf.o)
                0x0000000008007ac8                fiprintf
                0x0000000008007ac8                fprintf
 .text.__ascii_mbtowc
                0x0000000008007aec       0x24 c:/program files/stm32cubeide_1.12.1/st/stm32cubeide_1.12.1/stm32cubeide/plugins/com.st.stm32cube.ide.mcu.externaltools.gnu-tools-for-stm32.10.3-2021.10.win32_1.0.200.202301161003/tools/bin/../lib/gcc/arm-none-eabi/10.3.1/../../../../arm-none-eabi/lib/thumb/v7e-m+fp/hard\libc_nano.a(lib_a-mbtowc_r.o)
                0x0000000008007aec                __ascii_mbtowc
 .text.memmove  0x0000000008007b10       0x34 c:/program files/stm32cubeide_1.12.1/st/stm32cubeide_1.12.1/stm32cubeide/plugins/com.st.stm32cube.ide.mcu.externaltools.gnu-tools-for-stm32.10.3-2021.10.win32_1.0.200.202301161003/tools/bin/../lib/gcc/arm-none-eabi/10.3.1/../../../../arm-none-eabi/lib/thumb/v7e-m+fp/hard\libc_nano.a(lib_a-memmove.o)
                0x0000000008007b10                memmove
 .text.__malloc_lock
                0x0000000008007b44        0xc c:/program files/stm32cubeide_1.12.1/st/stm32cubeide_1.12.1/stm32cubeide/plugins/com.st.stm32cube.ide.mcu.externaltools.gnu-tools-for-stm32.10.3-2021.10.win32_1.0.200.202301161003/tools/bin/../lib/gcc/arm-none-eabi/10.3.1/../../../../arm-none-eabi/lib/thumb/v7e-m+fp/hard\libc_nano.a(lib_a-mlock.o)
                0x0000000008007b44                __malloc_lock
 .text.__malloc_unlock
                0x0000000008007b50        0xc c:/program files/stm32cubeide_1.12.1/st/stm32cubeide_1.12.1/stm32cubeide/plugins/com.st.stm32cube.ide.mcu.externaltools.gnu-tools-for-stm32.10.3-2021.10.win32_1.0.200.202301161003/tools/bin/../lib/gcc/arm-none-eabi/10.3.1/../../../../arm-none-eabi/lib/thumb/v7e-m+fp/hard\libc_nano.a(lib_a-mlock.o)
                0x0000000008007b50                __malloc_unlock
 .text._realloc_r
                0x0000000008007b5c       0x5e c:/program files/stm32cubeide_1.12.1/st/stm32cubeide_1.12.1/stm32cubeide/plugins/com.st.stm32cube.ide.mcu.externaltools.gnu-tools-for-stm32.10.3-2021.10.win32_1.0.200.202301161003/tools/bin/../lib/gcc/arm-none-eabi/10.3.1/../../../../arm-none-eabi/lib/thumb/v7e-m+fp/hard\libc_nano.a(lib_a-nano-reallocr.o)
                0x0000000008007b5c                _realloc_r
 .text.__sfputc_r
                0x0000000008007bba       0x2e c:/program files/stm32cubeide_1.12.1/st/stm32cubeide_1.12.1/stm32cubeide/plugins/com.st.stm32cube.ide.mcu.externaltools.gnu-tools-for-stm32.10.3-2021.10.win32_1.0.200.202301161003/tools/bin/../lib/gcc/arm-none-eabi/10.3.1/../../../../arm-none-eabi/lib/thumb/v7e-m+fp/hard\libc_nano.a(lib_a-nano-vfprintf.o)
 .text.__sfputs_r
                0x0000000008007be8       0x24 c:/program files/stm32cubeide_1.12.1/st/stm32cubeide_1.12.1/stm32cubeide/plugins/com.st.stm32cube.ide.mcu.externaltools.gnu-tools-for-stm32.10.3-2021.10.win32_1.0.200.202301161003/tools/bin/../lib/gcc/arm-none-eabi/10.3.1/../../../../arm-none-eabi/lib/thumb/v7e-m+fp/hard\libc_nano.a(lib_a-nano-vfprintf.o)
                0x0000000008007be8                __sfputs_r
 .text._vfprintf_r
                0x0000000008007c0c      0x260 c:/program files/stm32cubeide_1.12.1/st/stm32cubeide_1.12.1/stm32cubeide/plugins/com.st.stm32cube.ide.mcu.externaltools.gnu-tools-for-stm32.10.3-2021.10.win32_1.0.200.202301161003/tools/bin/../lib/gcc/arm-none-eabi/10.3.1/../../../../arm-none-eabi/lib/thumb/v7e-m+fp/hard\libc_nano.a(lib_a-nano-vfprintf.o)
                0x0000000008007c0c                _vfprintf_r
                0x0000000008007c0c                _vfiprintf_r
 .text.__swbuf_r
                0x0000000008007e6c       0xa4 c:/program files/stm32cubeide_1.12.1/st/stm32cubeide_1.12.1/stm32cubeide/plugins/com.st.stm32cube.ide.mcu.externaltools.gnu-tools-for-stm32.10.3-2021.10.win32_1.0.200.202301161003/tools/bin/../lib/gcc/arm-none-eabi/10.3.1/../../../../arm-none-eabi/lib/thumb/v7e-m+fp/hard\libc_nano.a(lib_a-wbuf.o)
                0x0000000008007e6c                __swbuf_r
 .text.__ascii_wctomb
                0x0000000008007f10       0x1a c:/program files/stm32cubeide_1.12.1/st/stm32cubeide_1.12.1/stm32cubeide/plugins/com.st.stm32cube.ide.mcu.externaltools.gnu-tools-for-stm32.10.3-2021.10.win32_1.0.200.202301161003/tools/bin/../lib/gcc/arm-none-eabi/10.3.1/../../../../arm-none-eabi/lib/thumb/v7e-m+fp/hard\libc_nano.a(lib_a-wctomb_r.o)
                0x0000000008007f10                __ascii_wctomb
 *fill*         0x0000000008007f2a        0x2 
 .text.__swsetup_r
                0x0000000008007f2c       0xdc c:/program files/stm32cubeide_1.12.1/st/stm32cubeide_1.12.1/stm32cubeide/plugins/com.st.stm32cube.ide.mcu.externaltools.gnu-tools-for-stm32.10.3-2021.10.win32_1.0.200.202301161003/tools/bin/../lib/gcc/arm-none-eabi/10.3.1/../../../../arm-none-eabi/lib/thumb/v7e-m+fp/hard\libc_nano.a(lib_a-wsetup.o)
                0x0000000008007f2c                __swsetup_r
 .text.abort    0x0000000008008008        0xe c:/program files/stm32cubeide_1.12.1/st/stm32cubeide_1.12.1/stm32cubeide/plugins/com.st.stm32cube.ide.mcu.externaltools.gnu-tools-for-stm32.10.3-2021.10.win32_1.0.200.202301161003/tools/bin/../lib/gcc/arm-none-eabi/10.3.1/../../../../arm-none-eabi/lib/thumb/v7e-m+fp/hard\libc_nano.a(lib_a-abort.o)
                0x0000000008008008                abort
 *fill*         0x0000000008008016        0x2 
 .text.__sflush_r
                0x0000000008008018      0x10c c:/program files/stm32cubeide_1.12.1/st/stm32cubeide_1.12.1/stm32cubeide/plugins/com.st.stm32cube.ide.mcu.externaltools.gnu-tools-for-stm32.10.3-2021.10.win32_1.0.200.202301161003/tools/bin/../lib/gcc/arm-none-eabi/10.3.1/../../../../arm-none-eabi/lib/thumb/v7e-m+fp/hard\libc_nano.a(lib_a-fflush.o)
                0x0000000008008018                __sflush_r
 .text._fflush_r
                0x0000000008008124       0x78 c:/program files/stm32cubeide_1.12.1/st/stm32cubeide_1.12.1/stm32cubeide/plugins/com.st.stm32cube.ide.mcu.externaltools.gnu-tools-for-stm32.10.3-2021.10.win32_1.0.200.202301161003/tools/bin/../lib/gcc/arm-none-eabi/10.3.1/../../../../arm-none-eabi/lib/thumb/v7e-m+fp/hard\libc_nano.a(lib_a-fflush.o)
                0x0000000008008124                _fflush_r
 .text.std      0x000000000800819c       0x48 c:/program files/stm32cubeide_1.12.1/st/stm32cubeide_1.12.1/stm32cubeide/plugins/com.st.stm32cube.ide.mcu.externaltools.gnu-tools-for-stm32.10.3-2021.10.win32_1.0.200.202301161003/tools/bin/../lib/gcc/arm-none-eabi/10.3.1/../../../../arm-none-eabi/lib/thumb/v7e-m+fp/hard\libc_nano.a(lib_a-findfp.o)
 .text._cleanup_r
                0x00000000080081e4        0xc c:/program files/stm32cubeide_1.12.1/st/stm32cubeide_1.12.1/stm32cubeide/plugins/com.st.stm32cube.ide.mcu.externaltools.gnu-tools-for-stm32.10.3-2021.10.win32_1.0.200.202301161003/tools/bin/../lib/gcc/arm-none-eabi/10.3.1/../../../../arm-none-eabi/lib/thumb/v7e-m+fp/hard\libc_nano.a(lib_a-findfp.o)
                0x00000000080081e4                _cleanup_r
 .text.__sfmoreglue
                0x00000000080081f0       0x2c c:/program files/stm32cubeide_1.12.1/st/stm32cubeide_1.12.1/stm32cubeide/plugins/com.st.stm32cube.ide.mcu.externaltools.gnu-tools-for-stm32.10.3-2021.10.win32_1.0.200.202301161003/tools/bin/../lib/gcc/arm-none-eabi/10.3.1/../../../../arm-none-eabi/lib/thumb/v7e-m+fp/hard\libc_nano.a(lib_a-findfp.o)
                0x00000000080081f0                __sfmoreglue
 .text.__sfp_lock_acquire
                0x000000000800821c        0xc c:/program files/stm32cubeide_1.12.1/st/stm32cubeide_1.12.1/stm32cubeide/plugins/com.st.stm32cube.ide.mcu.externaltools.gnu-tools-for-stm32.10.3-2021.10.win32_1.0.200.202301161003/tools/bin/../lib/gcc/arm-none-eabi/10.3.1/../../../../arm-none-eabi/lib/thumb/v7e-m+fp/hard\libc_nano.a(lib_a-findfp.o)
                0x000000000800821c                __sfp_lock_acquire
 .text.__sfp_lock_release
                0x0000000008008228        0xc c:/program files/stm32cubeide_1.12.1/st/stm32cubeide_1.12.1/stm32cubeide/plugins/com.st.stm32cube.ide.mcu.externaltools.gnu-tools-for-stm32.10.3-2021.10.win32_1.0.200.202301161003/tools/bin/../lib/gcc/arm-none-eabi/10.3.1/../../../../arm-none-eabi/lib/thumb/v7e-m+fp/hard\libc_nano.a(lib_a-findfp.o)
                0x0000000008008228                __sfp_lock_release
 .text.__sinit_lock_acquire
                0x0000000008008234        0xc c:/program files/stm32cubeide_1.12.1/st/stm32cubeide_1.12.1/stm32cubeide/plugins/com.st.stm32cube.ide.mcu.externaltools.gnu-tools-for-stm32.10.3-2021.10.win32_1.0.200.202301161003/tools/bin/../lib/gcc/arm-none-eabi/10.3.1/../../../../arm-none-eabi/lib/thumb/v7e-m+fp/hard\libc_nano.a(lib_a-findfp.o)
                0x0000000008008234                __sinit_lock_acquire
 .text.__sinit_lock_release
                0x0000000008008240        0xc c:/program files/stm32cubeide_1.12.1/st/stm32cubeide_1.12.1/stm32cubeide/plugins/com.st.stm32cube.ide.mcu.externaltools.gnu-tools-for-stm32.10.3-2021.10.win32_1.0.200.202301161003/tools/bin/../lib/gcc/arm-none-eabi/10.3.1/../../../../arm-none-eabi/lib/thumb/v7e-m+fp/hard\libc_nano.a(lib_a-findfp.o)
                0x0000000008008240                __sinit_lock_release
 .text.__sinit  0x000000000800824c       0x70 c:/program files/stm32cubeide_1.12.1/st/stm32cubeide_1.12.1/stm32cubeide/plugins/com.st.stm32cube.ide.mcu.externaltools.gnu-tools-for-stm32.10.3-2021.10.win32_1.0.200.202301161003/tools/bin/../lib/gcc/arm-none-eabi/10.3.1/../../../../arm-none-eabi/lib/thumb/v7e-m+fp/hard\libc_nano.a(lib_a-findfp.o)
                0x000000000800824c                __sinit
 .text.__sfp    0x00000000080082bc       0x8c c:/program files/stm32cubeide_1.12.1/st/stm32cubeide_1.12.1/stm32cubeide/plugins/com.st.stm32cube.ide.mcu.externaltools.gnu-tools-for-stm32.10.3-2021.10.win32_1.0.200.202301161003/tools/bin/../lib/gcc/arm-none-eabi/10.3.1/../../../../arm-none-eabi/lib/thumb/v7e-m+fp/hard\libc_nano.a(lib_a-findfp.o)
                0x00000000080082bc                __sfp
 .text._fwalk_reent
                0x0000000008008348       0x3e c:/program files/stm32cubeide_1.12.1/st/stm32cubeide_1.12.1/stm32cubeide/plugins/com.st.stm32cube.ide.mcu.externaltools.gnu-tools-for-stm32.10.3-2021.10.win32_1.0.200.202301161003/tools/bin/../lib/gcc/arm-none-eabi/10.3.1/../../../../arm-none-eabi/lib/thumb/v7e-m+fp/hard\libc_nano.a(lib_a-fwalk.o)
                0x0000000008008348                _fwalk_reent
 .text.__retarget_lock_init_recursive
                0x0000000008008386        0x2 c:/program files/stm32cubeide_1.12.1/st/stm32cubeide_1.12.1/stm32cubeide/plugins/com.st.stm32cube.ide.mcu.externaltools.gnu-tools-for-stm32.10.3-2021.10.win32_1.0.200.202301161003/tools/bin/../lib/gcc/arm-none-eabi/10.3.1/../../../../arm-none-eabi/lib/thumb/v7e-m+fp/hard\libc_nano.a(lib_a-lock.o)
                0x0000000008008386                __retarget_lock_init_recursive
 .text.__retarget_lock_acquire_recursive
                0x0000000008008388        0x2 c:/program files/stm32cubeide_1.12.1/st/stm32cubeide_1.12.1/stm32cubeide/plugins/com.st.stm32cube.ide.mcu.externaltools.gnu-tools-for-stm32.10.3-2021.10.win32_1.0.200.202301161003/tools/bin/../lib/gcc/arm-none-eabi/10.3.1/../../../../arm-none-eabi/lib/thumb/v7e-m+fp/hard\libc_nano.a(lib_a-lock.o)
                0x0000000008008388                __retarget_lock_acquire_recursive
 .text.__retarget_lock_release_recursive
                0x000000000800838a        0x2 c:/program files/stm32cubeide_1.12.1/st/stm32cubeide_1.12.1/stm32cubeide/plugins/com.st.stm32cube.ide.mcu.externaltools.gnu-tools-for-stm32.10.3-2021.10.win32_1.0.200.202301161003/tools/bin/../lib/gcc/arm-none-eabi/10.3.1/../../../../arm-none-eabi/lib/thumb/v7e-m+fp/hard\libc_nano.a(lib_a-lock.o)
                0x000000000800838a                __retarget_lock_release_recursive
 .text.__swhatbuf_r
                0x000000000800838c       0x4a c:/program files/stm32cubeide_1.12.1/st/stm32cubeide_1.12.1/stm32cubeide/plugins/com.st.stm32cube.ide.mcu.externaltools.gnu-tools-for-stm32.10.3-2021.10.win32_1.0.200.202301161003/tools/bin/../lib/gcc/arm-none-eabi/10.3.1/../../../../arm-none-eabi/lib/thumb/v7e-m+fp/hard\libc_nano.a(lib_a-makebuf.o)
                0x000000000800838c                __swhatbuf_r
 *fill*         0x00000000080083d6        0x2 
 .text.__smakebuf_r
                0x00000000080083d8       0x80 c:/program files/stm32cubeide_1.12.1/st/stm32cubeide_1.12.1/stm32cubeide/plugins/com.st.stm32cube.ide.mcu.externaltools.gnu-tools-for-stm32.10.3-2021.10.win32_1.0.200.202301161003/tools/bin/../lib/gcc/arm-none-eabi/10.3.1/../../../../arm-none-eabi/lib/thumb/v7e-m+fp/hard\libc_nano.a(lib_a-makebuf.o)
                0x00000000080083d8                __smakebuf_r
 .text._malloc_usable_size_r
                0x0000000008008458       0x10 c:/program files/stm32cubeide_1.12.1/st/stm32cubeide_1.12.1/stm32cubeide/plugins/com.st.stm32cube.ide.mcu.externaltools.gnu-tools-for-stm32.10.3-2021.10.win32_1.0.200.202301161003/tools/bin/../lib/gcc/arm-none-eabi/10.3.1/../../../../arm-none-eabi/lib/thumb/v7e-m+fp/hard\libc_nano.a(lib_a-nano-msizer.o)
                0x0000000008008458                _malloc_usable_size_r
 .text._raise_r
                0x0000000008008468       0x50 c:/program files/stm32cubeide_1.12.1/st/stm32cubeide_1.12.1/stm32cubeide/plugins/com.st.stm32cube.ide.mcu.externaltools.gnu-tools-for-stm32.10.3-2021.10.win32_1.0.200.202301161003/tools/bin/../lib/gcc/arm-none-eabi/10.3.1/../../../../arm-none-eabi/lib/thumb/v7e-m+fp/hard\libc_nano.a(lib_a-signal.o)
                0x0000000008008468                _raise_r
 .text.raise    0x00000000080084b8       0x10 c:/program files/stm32cubeide_1.12.1/st/stm32cubeide_1.12.1/stm32cubeide/plugins/com.st.stm32cube.ide.mcu.externaltools.gnu-tools-for-stm32.10.3-2021.10.win32_1.0.200.202301161003/tools/bin/../lib/gcc/arm-none-eabi/10.3.1/../../../../arm-none-eabi/lib/thumb/v7e-m+fp/hard\libc_nano.a(lib_a-signal.o)
                0x00000000080084b8                raise
 .text._kill_r  0x00000000080084c8       0x24 c:/program files/stm32cubeide_1.12.1/st/stm32cubeide_1.12.1/stm32cubeide/plugins/com.st.stm32cube.ide.mcu.externaltools.gnu-tools-for-stm32.10.3-2021.10.win32_1.0.200.202301161003/tools/bin/../lib/gcc/arm-none-eabi/10.3.1/../../../../arm-none-eabi/lib/thumb/v7e-m+fp/hard\libc_nano.a(lib_a-signalr.o)
                0x00000000080084c8                _kill_r
 .text._getpid_r
                0x00000000080084ec        0x4 c:/program files/stm32cubeide_1.12.1/st/stm32cubeide_1.12.1/stm32cubeide/plugins/com.st.stm32cube.ide.mcu.externaltools.gnu-tools-for-stm32.10.3-2021.10.win32_1.0.200.202301161003/tools/bin/../lib/gcc/arm-none-eabi/10.3.1/../../../../arm-none-eabi/lib/thumb/v7e-m+fp/hard\libc_nano.a(lib_a-signalr.o)
                0x00000000080084ec                _getpid_r
 .text.__sread  0x00000000080084f0       0x22 c:/program files/stm32cubeide_1.12.1/st/stm32cubeide_1.12.1/stm32cubeide/plugins/com.st.stm32cube.ide.mcu.externaltools.gnu-tools-for-stm32.10.3-2021.10.win32_1.0.200.202301161003/tools/bin/../lib/gcc/arm-none-eabi/10.3.1/../../../../arm-none-eabi/lib/thumb/v7e-m+fp/hard\libc_nano.a(lib_a-stdio.o)
                0x00000000080084f0                __sread
 .text.__swrite
                0x0000000008008512       0x38 c:/program files/stm32cubeide_1.12.1/st/stm32cubeide_1.12.1/stm32cubeide/plugins/com.st.stm32cube.ide.mcu.externaltools.gnu-tools-for-stm32.10.3-2021.10.win32_1.0.200.202301161003/tools/bin/../lib/gcc/arm-none-eabi/10.3.1/../../../../arm-none-eabi/lib/thumb/v7e-m+fp/hard\libc_nano.a(lib_a-stdio.o)
                0x0000000008008512                __swrite
 .text.__sseek  0x000000000800854a       0x24 c:/program files/stm32cubeide_1.12.1/st/stm32cubeide_1.12.1/stm32cubeide/plugins/com.st.stm32cube.ide.mcu.externaltools.gnu-tools-for-stm32.10.3-2021.10.win32_1.0.200.202301161003/tools/bin/../lib/gcc/arm-none-eabi/10.3.1/../../../../arm-none-eabi/lib/thumb/v7e-m+fp/hard\libc_nano.a(lib_a-stdio.o)
                0x000000000800854a                __sseek
 .text.__sclose
                0x000000000800856e        0x8 c:/program files/stm32cubeide_1.12.1/st/stm32cubeide_1.12.1/stm32cubeide/plugins/com.st.stm32cube.ide.mcu.externaltools.gnu-tools-for-stm32.10.3-2021.10.win32_1.0.200.202301161003/tools/bin/../lib/gcc/arm-none-eabi/10.3.1/../../../../arm-none-eabi/lib/thumb/v7e-m+fp/hard\libc_nano.a(lib_a-stdio.o)
                0x000000000800856e                __sclose
 *fill*         0x0000000008008576        0x2 
 .text._write_r
                0x0000000008008578       0x24 c:/program files/stm32cubeide_1.12.1/st/stm32cubeide_1.12.1/stm32cubeide/plugins/com.st.stm32cube.ide.mcu.externaltools.gnu-tools-for-stm32.10.3-2021.10.win32_1.0.200.202301161003/tools/bin/../lib/gcc/arm-none-eabi/10.3.1/../../../../arm-none-eabi/lib/thumb/v7e-m+fp/hard\libc_nano.a(lib_a-writer.o)
                0x0000000008008578                _write_r
 .text._close_r
                0x000000000800859c       0x20 c:/program files/stm32cubeide_1.12.1/st/stm32cubeide_1.12.1/stm32cubeide/plugins/com.st.stm32cube.ide.mcu.externaltools.gnu-tools-for-stm32.10.3-2021.10.win32_1.0.200.202301161003/tools/bin/../lib/gcc/arm-none-eabi/10.3.1/../../../../arm-none-eabi/lib/thumb/v7e-m+fp/hard\libc_nano.a(lib_a-closer.o)
                0x000000000800859c                _close_r
 .text._fstat_r
                0x00000000080085bc       0x24 c:/program files/stm32cubeide_1.12.1/st/stm32cubeide_1.12.1/stm32cubeide/plugins/com.st.stm32cube.ide.mcu.externaltools.gnu-tools-for-stm32.10.3-2021.10.win32_1.0.200.202301161003/tools/bin/../lib/gcc/arm-none-eabi/10.3.1/../../../../arm-none-eabi/lib/thumb/v7e-m+fp/hard\libc_nano.a(lib_a-fstatr.o)
                0x00000000080085bc                _fstat_r
 .text._isatty_r
                0x00000000080085e0       0x20 c:/program files/stm32cubeide_1.12.1/st/stm32cubeide_1.12.1/stm32cubeide/plugins/com.st.stm32cube.ide.mcu.externaltools.gnu-tools-for-stm32.10.3-2021.10.win32_1.0.200.202301161003/tools/bin/../lib/gcc/arm-none-eabi/10.3.1/../../../../arm-none-eabi/lib/thumb/v7e-m+fp/hard\libc_nano.a(lib_a-isattyr.o)
                0x00000000080085e0                _isatty_r
 .text._lseek_r
                0x0000000008008600       0x24 c:/program files/stm32cubeide_1.12.1/st/stm32cubeide_1.12.1/stm32cubeide/plugins/com.st.stm32cube.ide.mcu.externaltools.gnu-tools-for-stm32.10.3-2021.10.win32_1.0.200.202301161003/tools/bin/../lib/gcc/arm-none-eabi/10.3.1/../../../../arm-none-eabi/lib/thumb/v7e-m+fp/hard\libc_nano.a(lib_a-lseekr.o)
                0x0000000008008600                _lseek_r
 .text._read_r  0x0000000008008624       0x24 c:/program files/stm32cubeide_1.12.1/st/stm32cubeide_1.12.1/stm32cubeide/plugins/com.st.stm32cube.ide.mcu.externaltools.gnu-tools-for-stm32.10.3-2021.10.win32_1.0.200.202301161003/tools/bin/../lib/gcc/arm-none-eabi/10.3.1/../../../../arm-none-eabi/lib/thumb/v7e-m+fp/hard\libc_nano.a(lib_a-readr.o)
                0x0000000008008624                _read_r
 *(.glue_7)
 .glue_7        0x0000000008008648        0x0 linker stubs
 *(.glue_7t)
 .glue_7t       0x0000000008008648        0x0 linker stubs
 *(.eh_frame)
 .eh_frame      0x0000000008008648        0x0 c:/program files/stm32cubeide_1.12.1/st/stm32cubeide_1.12.1/stm32cubeide/plugins/com.st.stm32cube.ide.mcu.externaltools.gnu-tools-for-stm32.10.3-2021.10.win32_1.0.200.202301161003/tools/bin/../lib/gcc/arm-none-eabi/10.3.1/thumb/v7e-m+fp/hard/crtbegin.o
 *(.init)
 .init          0x0000000008008648        0x4 c:/program files/stm32cubeide_1.12.1/st/stm32cubeide_1.12.1/stm32cubeide/plugins/com.st.stm32cube.ide.mcu.externaltools.gnu-tools-for-stm32.10.3-2021.10.win32_1.0.200.202301161003/tools/bin/../lib/gcc/arm-none-eabi/10.3.1/thumb/v7e-m+fp/hard/crti.o
                0x0000000008008648                _init
 .init          0x000000000800864c        0x8 c:/program files/stm32cubeide_1.12.1/st/stm32cubeide_1.12.1/stm32cubeide/plugins/com.st.stm32cube.ide.mcu.externaltools.gnu-tools-for-stm32.10.3-2021.10.win32_1.0.200.202301161003/tools/bin/../lib/gcc/arm-none-eabi/10.3.1/thumb/v7e-m+fp/hard/crtn.o
 *(.fini)
 .fini          0x0000000008008654        0x4 c:/program files/stm32cubeide_1.12.1/st/stm32cubeide_1.12.1/stm32cubeide/plugins/com.st.stm32cube.ide.mcu.externaltools.gnu-tools-for-stm32.10.3-2021.10.win32_1.0.200.202301161003/tools/bin/../lib/gcc/arm-none-eabi/10.3.1/thumb/v7e-m+fp/hard/crti.o
                0x0000000008008654                _fini
 .fini          0x0000000008008658        0x8 c:/program files/stm32cubeide_1.12.1/st/stm32cubeide_1.12.1/stm32cubeide/plugins/com.st.stm32cube.ide.mcu.externaltools.gnu-tools-for-stm32.10.3-2021.10.win32_1.0.200.202301161003/tools/bin/../lib/gcc/arm-none-eabi/10.3.1/thumb/v7e-m+fp/hard/crtn.o
                0x0000000008008660                . = ALIGN (0x4)
                0x0000000008008660                _etext = .

.vfp11_veneer   0x0000000008008660        0x0
 .vfp11_veneer  0x0000000008008660        0x0 linker stubs

.v4_bx          0x0000000008008660        0x0
 .v4_bx         0x0000000008008660        0x0 linker stubs

.iplt           0x0000000008008660        0x0
 .iplt          0x0000000008008660        0x0 c:/program files/stm32cubeide_1.12.1/st/stm32cubeide_1.12.1/stm32cubeide/plugins/com.st.stm32cube.ide.mcu.externaltools.gnu-tools-for-stm32.10.3-2021.10.win32_1.0.200.202301161003/tools/bin/../lib/gcc/arm-none-eabi/10.3.1/thumb/v7e-m+fp/hard/crtbegin.o

.rodata         0x0000000008008660      0x7dc
                0x0000000008008660                . = ALIGN (0x4)
 *(.rodata)
 .rodata        0x0000000008008660       0x9a ./Core/Src/main.o
 *fill*         0x00000000080086fa        0x2 
 .rodata        0x00000000080086fc       0x74 ./Drivers/STM32F4xx_HAL_Driver/stm32f4xx_hal_cortex.o
 .rodata        0x0000000008008770       0x72 ./Drivers/STM32F4xx_HAL_Driver/stm32f4xx_hal_gpio.o
 *fill*         0x00000000080087e2        0x2 
 .rodata        0x00000000080087e4       0x71 ./Drivers/STM32F4xx_HAL_Driver/stm32f4xx_hal_rcc.o
 *fill*         0x0000000008008855        0x3 
 .rodata        0x0000000008008858       0x74 ./Drivers/STM32F4xx_HAL_Driver/stm32f4xx_hal_rcc_ex.o
 .rodata        0x00000000080088cc       0x71 ./Drivers/STM32F4xx_HAL_Driver/stm32f4xx_hal_tim.o
 *fill*         0x000000000800893d        0x3 
 .rodata        0x0000000008008940       0x74 ./Drivers/STM32F4xx_HAL_Driver/stm32f4xx_hal_tim_ex.o
 .rodata        0x00000000080089b4       0x72 ./Drivers/STM32F4xx_HAL_Driver/stm32f4xx_hal_uart.o
 *(.rodata*)
 *fill*         0x0000000008008a26        0x2 
 .rodata.stepSequence
                0x0000000008008a28       0x20 ./Core/Src/main.o
                0x0000000008008a28                stepSequence
 .rodata.AHBPrescTable
                0x0000000008008a48       0x10 ./Core/Src/system_stm32f4xx.o
                0x0000000008008a48                AHBPrescTable
 .rodata.APBPrescTable
                0x0000000008008a58        0x8 ./Core/Src/system_stm32f4xx.o
                0x0000000008008a58                APBPrescTable
 .rodata._global_impure_ptr
                0x0000000008008a60        0x4 c:/program files/stm32cubeide_1.12.1/st/stm32cubeide_1.12.1/stm32cubeide/plugins/com.st.stm32cube.ide.mcu.externaltools.gnu-tools-for-stm32.10.3-2021.10.win32_1.0.200.202301161003/tools/bin/../lib/gcc/arm-none-eabi/10.3.1/../../../../arm-none-eabi/lib/thumb/v7e-m+fp/hard\libc_nano.a(lib_a-impure.o)
                0x0000000008008a60                _global_impure_ptr
 .rodata._printf_float.str1.1
                0x0000000008008a64       0x12 c:/program files/stm32cubeide_1.12.1/st/stm32cubeide_1.12.1/stm32cubeide/plugins/com.st.stm32cube.ide.mcu.externaltools.gnu-tools-for-stm32.10.3-2021.10.win32_1.0.200.202301161003/tools/bin/../lib/gcc/arm-none-eabi/10.3.1/../../../../arm-none-eabi/lib/thumb/v7e-m+fp/hard\libc_nano.a(lib_a-nano-vfprintf_float.o)
 .rodata._printf_i.str1.1
                0x0000000008008a76       0x22 c:/program files/stm32cubeide_1.12.1/st/stm32cubeide_1.12.1/stm32cubeide/plugins/com.st.stm32cube.ide.mcu.externaltools.gnu-tools-for-stm32.10.3-2021.10.win32_1.0.200.202301161003/tools/bin/../lib/gcc/arm-none-eabi/10.3.1/../../../../arm-none-eabi/lib/thumb/v7e-m+fp/hard\libc_nano.a(lib_a-nano-vfprintf_i.o)
 .rodata._dtoa_r.str1.1
                0x0000000008008a98       0x90 c:/program files/stm32cubeide_1.12.1/st/stm32cubeide_1.12.1/stm32cubeide/plugins/com.st.stm32cube.ide.mcu.externaltools.gnu-tools-for-stm32.10.3-2021.10.win32_1.0.200.202301161003/tools/bin/../lib/gcc/arm-none-eabi/10.3.1/../../../../arm-none-eabi/lib/thumb/v7e-m+fp/hard\libc_nano.a(lib_a-dtoa.o)
                                         0x92 (size before relaxing)
 .rodata._Balloc.str1.1
                0x0000000008008b28       0x5c c:/program files/stm32cubeide_1.12.1/st/stm32cubeide_1.12.1/stm32cubeide/plugins/com.st.stm32cube.ide.mcu.externaltools.gnu-tools-for-stm32.10.3-2021.10.win32_1.0.200.202301161003/tools/bin/../lib/gcc/arm-none-eabi/10.3.1/../../../../arm-none-eabi/lib/thumb/v7e-m+fp/hard\libc_nano.a(lib_a-mprec.o)
                                         0x73 (size before relaxing)
 .rodata.__multadd.str1.1
                0x0000000008008b84       0x11 c:/program files/stm32cubeide_1.12.1/st/stm32cubeide_1.12.1/stm32cubeide/plugins/com.st.stm32cube.ide.mcu.externaltools.gnu-tools-for-stm32.10.3-2021.10.win32_1.0.200.202301161003/tools/bin/../lib/gcc/arm-none-eabi/10.3.1/../../../../arm-none-eabi/lib/thumb/v7e-m+fp/hard\libc_nano.a(lib_a-mprec.o)
 *fill*         0x0000000008008b84        0x4 
 .rodata.__mprec_bigtens
                0x0000000008008b88       0x28 c:/program files/stm32cubeide_1.12.1/st/stm32cubeide_1.12.1/stm32cubeide/plugins/com.st.stm32cube.ide.mcu.externaltools.gnu-tools-for-stm32.10.3-2021.10.win32_1.0.200.202301161003/tools/bin/../lib/gcc/arm-none-eabi/10.3.1/../../../../arm-none-eabi/lib/thumb/v7e-m+fp/hard\libc_nano.a(lib_a-mprec.o)
                0x0000000008008b88                __mprec_bigtens
 .rodata.__mprec_tens
                0x0000000008008bb0       0xc8 c:/program files/stm32cubeide_1.12.1/st/stm32cubeide_1.12.1/stm32cubeide/plugins/com.st.stm32cube.ide.mcu.externaltools.gnu-tools-for-stm32.10.3-2021.10.win32_1.0.200.202301161003/tools/bin/../lib/gcc/arm-none-eabi/10.3.1/../../../../arm-none-eabi/lib/thumb/v7e-m+fp/hard\libc_nano.a(lib_a-mprec.o)
                0x0000000008008bb0                __mprec_tens
 .rodata.p05.0  0x0000000008008c78        0xc c:/program files/stm32cubeide_1.12.1/st/stm32cubeide_1.12.1/stm32cubeide/plugins/com.st.stm32cube.ide.mcu.externaltools.gnu-tools-for-stm32.10.3-2021.10.win32_1.0.200.202301161003/tools/bin/../lib/gcc/arm-none-eabi/10.3.1/../../../../arm-none-eabi/lib/thumb/v7e-m+fp/hard\libc_nano.a(lib_a-mprec.o)
 .rodata._svfprintf_r.str1.1
                0x0000000008008c84       0x11 c:/program files/stm32cubeide_1.12.1/st/stm32cubeide_1.12.1/stm32cubeide/plugins/com.st.stm32cube.ide.mcu.externaltools.gnu-tools-for-stm32.10.3-2021.10.win32_1.0.200.202301161003/tools/bin/../lib/gcc/arm-none-eabi/10.3.1/../../../../arm-none-eabi/lib/thumb/v7e-m+fp/hard\libc_nano.a(lib_a-nano-svfprintf.o)
 .rodata.__assert_func.str1.1
                0x0000000008008c95       0x3c c:/program files/stm32cubeide_1.12.1/st/stm32cubeide_1.12.1/stm32cubeide/plugins/com.st.stm32cube.ide.mcu.externaltools.gnu-tools-for-stm32.10.3-2021.10.win32_1.0.200.202301161003/tools/bin/../lib/gcc/arm-none-eabi/10.3.1/../../../../arm-none-eabi/lib/thumb/v7e-m+fp/hard\libc_nano.a(lib_a-assert.o)
                                         0x3d (size before relaxing)
 .rodata._setlocale_r.str1.1
                0x0000000008008cd1        0x8 c:/program files/stm32cubeide_1.12.1/st/stm32cubeide_1.12.1/stm32cubeide/plugins/com.st.stm32cube.ide.mcu.externaltools.gnu-tools-for-stm32.10.3-2021.10.win32_1.0.200.202301161003/tools/bin/../lib/gcc/arm-none-eabi/10.3.1/../../../../arm-none-eabi/lib/thumb/v7e-m+fp/hard\libc_nano.a(lib_a-locale.o)
                                          0x9 (size before relaxing)
 .rodata.str1.1
                0x0000000008008cd9        0x2 c:/program files/stm32cubeide_1.12.1/st/stm32cubeide_1.12.1/stm32cubeide/plugins/com.st.stm32cube.ide.mcu.externaltools.gnu-tools-for-stm32.10.3-2021.10.win32_1.0.200.202301161003/tools/bin/../lib/gcc/arm-none-eabi/10.3.1/../../../../arm-none-eabi/lib/thumb/v7e-m+fp/hard\libc_nano.a(lib_a-locale.o)
 .rodata._vfprintf_r.str1.1
                0x0000000008008cdb       0x11 c:/program files/stm32cubeide_1.12.1/st/stm32cubeide_1.12.1/stm32cubeide/plugins/com.st.stm32cube.ide.mcu.externaltools.gnu-tools-for-stm32.10.3-2021.10.win32_1.0.200.202301161003/tools/bin/../lib/gcc/arm-none-eabi/10.3.1/../../../../arm-none-eabi/lib/thumb/v7e-m+fp/hard\libc_nano.a(lib_a-nano-vfprintf.o)
 .rodata._ctype_
                0x0000000008008cdb      0x101 c:/program files/stm32cubeide_1.12.1/st/stm32cubeide_1.12.1/stm32cubeide/plugins/com.st.stm32cube.ide.mcu.externaltools.gnu-tools-for-stm32.10.3-2021.10.win32_1.0.200.202301161003/tools/bin/../lib/gcc/arm-none-eabi/10.3.1/../../../../arm-none-eabi/lib/thumb/v7e-m+fp/hard\libc_nano.a(lib_a-ctype_.o)
                0x0000000008008cdb                _ctype_
 .rodata.__sf_fake_stderr
                0x0000000008008ddc       0x20 c:/program files/stm32cubeide_1.12.1/st/stm32cubeide_1.12.1/stm32cubeide/plugins/com.st.stm32cube.ide.mcu.externaltools.gnu-tools-for-stm32.10.3-2021.10.win32_1.0.200.202301161003/tools/bin/../lib/gcc/arm-none-eabi/10.3.1/../../../../arm-none-eabi/lib/thumb/v7e-m+fp/hard\libc_nano.a(lib_a-findfp.o)
                0x0000000008008ddc                __sf_fake_stderr
 .rodata.__sf_fake_stdin
                0x0000000008008dfc       0x20 c:/program files/stm32cubeide_1.12.1/st/stm32cubeide_1.12.1/stm32cubeide/plugins/com.st.stm32cube.ide.mcu.externaltools.gnu-tools-for-stm32.10.3-2021.10.win32_1.0.200.202301161003/tools/bin/../lib/gcc/arm-none-eabi/10.3.1/../../../../arm-none-eabi/lib/thumb/v7e-m+fp/hard\libc_nano.a(lib_a-findfp.o)
                0x0000000008008dfc                __sf_fake_stdin
 .rodata.__sf_fake_stdout
                0x0000000008008e1c       0x20 c:/program files/stm32cubeide_1.12.1/st/stm32cubeide_1.12.1/stm32cubeide/plugins/com.st.stm32cube.ide.mcu.externaltools.gnu-tools-for-stm32.10.3-2021.10.win32_1.0.200.202301161003/tools/bin/../lib/gcc/arm-none-eabi/10.3.1/../../../../arm-none-eabi/lib/thumb/v7e-m+fp/hard\libc_nano.a(lib_a-findfp.o)
                0x0000000008008e1c                __sf_fake_stdout
                0x0000000008008e3c                . = ALIGN (0x4)

.ARM.extab      0x0000000008008e3c        0x0
                0x0000000008008e3c                . = ALIGN (0x4)
 *(.ARM.extab* .gnu.linkonce.armextab.*)
                0x0000000008008e3c                . = ALIGN (0x4)

.ARM            0x0000000008008e3c        0x8
                0x0000000008008e3c                . = ALIGN (0x4)
                0x0000000008008e3c                __exidx_start = .
 *(.ARM.exidx*)
 .ARM.exidx     0x0000000008008e3c        0x8 c:/program files/stm32cubeide_1.12.1/st/stm32cubeide_1.12.1/stm32cubeide/plugins/com.st.stm32cube.ide.mcu.externaltools.gnu-tools-for-stm32.10.3-2021.10.win32_1.0.200.202301161003/tools/bin/../lib/gcc/arm-none-eabi/10.3.1/thumb/v7e-m+fp/hard\libgcc.a(_udivmoddi4.o)
                0x0000000008008e44                __exidx_end = .
                0x0000000008008e44                . = ALIGN (0x4)

.rel.dyn        0x0000000008008e44        0x0
 .rel.iplt      0x0000000008008e44        0x0 c:/program files/stm32cubeide_1.12.1/st/stm32cubeide_1.12.1/stm32cubeide/plugins/com.st.stm32cube.ide.mcu.externaltools.gnu-tools-for-stm32.10.3-2021.10.win32_1.0.200.202301161003/tools/bin/../lib/gcc/arm-none-eabi/10.3.1/thumb/v7e-m+fp/hard/crtbegin.o

.preinit_array  0x0000000008008e44        0x0
                0x0000000008008e44                . = ALIGN (0x4)
                0x0000000008008e44                PROVIDE (__preinit_array_start = .)
 *(.preinit_array*)
                0x0000000008008e44                PROVIDE (__preinit_array_end = .)
                0x0000000008008e44                . = ALIGN (0x4)

.init_array     0x0000000008008e44        0x4
                0x0000000008008e44                . = ALIGN (0x4)
                0x0000000008008e44                PROVIDE (__init_array_start = .)
 *(SORT_BY_NAME(.init_array.*))
 *(.init_array*)
 .init_array    0x0000000008008e44        0x4 c:/program files/stm32cubeide_1.12.1/st/stm32cubeide_1.12.1/stm32cubeide/plugins/com.st.stm32cube.ide.mcu.externaltools.gnu-tools-for-stm32.10.3-2021.10.win32_1.0.200.202301161003/tools/bin/../lib/gcc/arm-none-eabi/10.3.1/thumb/v7e-m+fp/hard/crtbegin.o
                0x0000000008008e48                PROVIDE (__init_array_end = .)
                0x0000000008008e48                . = ALIGN (0x4)

.fini_array     0x0000000008008e48        0x4
                0x0000000008008e48                . = ALIGN (0x4)
                [!provide]                        PROVIDE (__fini_array_start = .)
 *(SORT_BY_NAME(.fini_array.*))
 *(.fini_array*)
 .fini_array    0x0000000008008e48        0x4 c:/program files/stm32cubeide_1.12.1/st/stm32cubeide_1.12.1/stm32cubeide/plugins/com.st.stm32cube.ide.mcu.externaltools.gnu-tools-for-stm32.10.3-2021.10.win32_1.0.200.202301161003/tools/bin/../lib/gcc/arm-none-eabi/10.3.1/thumb/v7e-m+fp/hard/crtbegin.o
                [!provide]                        PROVIDE (__fini_array_end = .)
                0x0000000008008e4c                . = ALIGN (0x4)
                0x0000000008008e4c                _sidata = LOADADDR (.data)

.data           0x0000000020000000      0x1e4 load address 0x0000000008008e4c
                0x0000000020000000                . = ALIGN (0x4)
                0x0000000020000000                _sdata = .
 *(.data)
 *(.data*)
 .data.FilterSpeedEnable
                0x0000000020000000        0x1 ./Core/Src/main.o
                0x0000000020000000                FilterSpeedEnable
 .data.FrequencySpeedFilter
                0x0000000020000001        0x1 ./Core/Src/main.o
                0x0000000020000001                FrequencySpeedFilter
 .data.FrequencyCase
                0x0000000020000002        0x1 ./Core/Src/main.o
                0x0000000020000002                FrequencyCase
 *fill*         0x0000000020000003        0x1 
 .data.EncoderPulse
                0x0000000020000004        0x2 ./Core/Src/main.o
                0x0000000020000004                EncoderPulse
 .data.RevoluctionFactor
                0x0000000020000006        0x2 ./Core/Src/main.o
                0x0000000020000006                RevoluctionFactor
 .data.SystemCoreClock
                0x0000000020000008        0x4 ./Core/Src/system_stm32f4xx.o
                0x0000000020000008                SystemCoreClock
 .data.uwTickPrio
                0x000000002000000c        0x4 ./Drivers/STM32F4xx_HAL_Driver/stm32f4xx_hal.o
                0x000000002000000c                uwTickPrio
 .data.uwTickFreq
                0x0000000020000010        0x1 ./Drivers/STM32F4xx_HAL_Driver/stm32f4xx_hal.o
                0x0000000020000010                uwTickFreq
 *fill*         0x0000000020000011        0x3 
 .data._impure_ptr
                0x0000000020000014        0x4 c:/program files/stm32cubeide_1.12.1/st/stm32cubeide_1.12.1/stm32cubeide/plugins/com.st.stm32cube.ide.mcu.externaltools.gnu-tools-for-stm32.10.3-2021.10.win32_1.0.200.202301161003/tools/bin/../lib/gcc/arm-none-eabi/10.3.1/../../../../arm-none-eabi/lib/thumb/v7e-m+fp/hard\libc_nano.a(lib_a-impure.o)
                0x0000000020000014                _impure_ptr
 .data.impure_data
                0x0000000020000018       0x60 c:/program files/stm32cubeide_1.12.1/st/stm32cubeide_1.12.1/stm32cubeide/plugins/com.st.stm32cube.ide.mcu.externaltools.gnu-tools-for-stm32.10.3-2021.10.win32_1.0.200.202301161003/tools/bin/../lib/gcc/arm-none-eabi/10.3.1/../../../../arm-none-eabi/lib/thumb/v7e-m+fp/hard\libc_nano.a(lib_a-impure.o)
 .data.__global_locale
                0x0000000020000078      0x16c c:/program files/stm32cubeide_1.12.1/st/stm32cubeide_1.12.1/stm32cubeide/plugins/com.st.stm32cube.ide.mcu.externaltools.gnu-tools-for-stm32.10.3-2021.10.win32_1.0.200.202301161003/tools/bin/../lib/gcc/arm-none-eabi/10.3.1/../../../../arm-none-eabi/lib/thumb/v7e-m+fp/hard\libc_nano.a(lib_a-locale.o)
                0x0000000020000078                __global_locale
 *(.RamFunc)
 *(.RamFunc*)
                0x00000000200001e4                . = ALIGN (0x4)
                0x00000000200001e4                _edata = .

.igot.plt       0x00000000200001e4        0x0 load address 0x0000000008009030
 .igot.plt      0x00000000200001e4        0x0 c:/program files/stm32cubeide_1.12.1/st/stm32cubeide_1.12.1/stm32cubeide/plugins/com.st.stm32cube.ide.mcu.externaltools.gnu-tools-for-stm32.10.3-2021.10.win32_1.0.200.202301161003/tools/bin/../lib/gcc/arm-none-eabi/10.3.1/thumb/v7e-m+fp/hard/crtbegin.o
                0x00000000200001e4                . = ALIGN (0x4)

.bss            0x00000000200001e4      0x330 load address 0x0000000008009030
                0x00000000200001e4                _sbss = .
                0x00000000200001e4                __bss_start__ = _sbss
 *(.bss)
 .bss           0x00000000200001e4       0x1c c:/program files/stm32cubeide_1.12.1/st/stm32cubeide_1.12.1/stm32cubeide/plugins/com.st.stm32cube.ide.mcu.externaltools.gnu-tools-for-stm32.10.3-2021.10.win32_1.0.200.202301161003/tools/bin/../lib/gcc/arm-none-eabi/10.3.1/thumb/v7e-m+fp/hard/crtbegin.o
 *(.bss*)
 .bss.htim1     0x0000000020000200       0x48 ./Core/Src/main.o
                0x0000000020000200                htim1
 .bss.htim6     0x0000000020000248       0x48 ./Core/Src/main.o
                0x0000000020000248                htim6
 .bss.htim7     0x0000000020000290       0x48 ./Core/Src/main.o
                0x0000000020000290                htim7
 .bss.huart2    0x00000000200002d8       0x44 ./Core/Src/main.o
                0x00000000200002d8                huart2
 .bss.EncoderCount
                0x000000002000031c        0x4 ./Core/Src/main.o
                0x000000002000031c                EncoderCount
 .bss.MSG       0x0000000020000320       0xc8 ./Core/Src/main.o
                0x0000000020000320                MSG
 .bss.CR        0x00000000200003e8        0x2 ./Core/Src/main.o
                0x00000000200003e8                CR
 *fill*         0x00000000200003ea        0x2 
 .bss.Prefix    0x00000000200003ec        0x3 ./Core/Src/main.o
                0x00000000200003ec                Prefix
 *fill*         0x00000000200003ef        0x1 
 .bss.Sufix     0x00000000200003f0        0x3 ./Core/Src/main.o
                0x00000000200003f0                Sufix
 *fill*         0x00000000200003f3        0x1 
 .bss.HEADER1   0x00000000200003f4       0x23 ./Core/Src/main.o
                0x00000000200003f4                HEADER1
 *fill*         0x0000000020000417        0x1 
 .bss.HEADER2   0x0000000020000418       0x23 ./Core/Src/main.o
                0x0000000020000418                HEADER2
 *fill*         0x000000002000043b        0x1 
 .bss.HEADER3   0x000000002000043c       0x23 ./Core/Src/main.o
                0x000000002000043c                HEADER3
 *fill*         0x000000002000045f        0x1 
 .bss.HEADER4   0x0000000020000460       0x23 ./Core/Src/main.o
                0x0000000020000460                HEADER4
 *fill*         0x0000000020000483        0x1 
 .bss.HEADER5   0x0000000020000484       0x23 ./Core/Src/main.o
                0x0000000020000484                HEADER5
 *fill*         0x00000000200004a7        0x1 
 .bss.RPSSpeedFilter
                0x00000000200004a8        0x4 ./Core/Src/main.o
                0x00000000200004a8                RPSSpeedFilter
 .bss.RPSSpeedFilterPrev
                0x00000000200004ac        0x4 ./Core/Src/main.o
                0x00000000200004ac                RPSSpeedFilterPrev
 .bss.EncoderSpeedRPSToFiler
                0x00000000200004b0        0x4 ./Core/Src/main.o
                0x00000000200004b0                EncoderSpeedRPSToFiler
 .bss.b_i       0x00000000200004b4        0x4 ./Core/Src/main.o
                0x00000000200004b4                b_i
 .bss.a_i       0x00000000200004b8        0x4 ./Core/Src/main.o
                0x00000000200004b8                a_i
 .bss.rot_new_state
                0x00000000200004bc        0x1 ./Core/Src/main.o
                0x00000000200004bc                rot_new_state
 .bss.rot_old_state
                0x00000000200004bd        0x1 ./Core/Src/main.o
                0x00000000200004bd                rot_old_state
 *fill*         0x00000000200004be        0x2 
 .bss.PositionMotor
                0x00000000200004c0        0x4 ./Core/Src/main.o
                0x00000000200004c0                PositionMotor
 .bss.EncoderPosition
                0x00000000200004c4        0x4 ./Core/Src/main.o
                0x00000000200004c4                EncoderPosition
 .bss.EncoderPositionFloat
                0x00000000200004c8        0x4 ./Core/Src/main.o
                0x00000000200004c8                EncoderPositionFloat
 .bss.KinematicPositionUnit
                0x00000000200004cc        0x4 ./Core/Src/main.o
                0x00000000200004cc                KinematicPositionUnit
 .bss.EncoderSpeedRPS
                0x00000000200004d0        0x4 ./Core/Src/main.o
                0x00000000200004d0                EncoderSpeedRPS
 .bss.EncoderSpeedRPM
                0x00000000200004d4        0x4 ./Core/Src/main.o
                0x00000000200004d4                EncoderSpeedRPM
 .bss.EncoderSpeedRPSold
                0x00000000200004d8        0x4 ./Core/Src/main.o
                0x00000000200004d8                EncoderSpeedRPSold
 .bss.EncoderSpeedUnit
                0x00000000200004dc        0x4 ./Core/Src/main.o
                0x00000000200004dc                EncoderSpeedUnit
 .bss.TM6_DiffCaunter
                0x00000000200004e0        0x4 ./Core/Src/main.o
                0x00000000200004e0                TM6_DiffCaunter
 .bss.TM6_OldValue
                0x00000000200004e4        0x4 ./Core/Src/main.o
                0x00000000200004e4                TM6_OldValue
 .bss.IncrementSpeedCheckDouble
                0x00000000200004e8        0x1 ./Core/Src/main.o
                0x00000000200004e8                IncrementSpeedCheckDouble
 *fill*         0x00000000200004e9        0x3 
 .bss.DemandMotorStep
                0x00000000200004ec        0x4 ./Core/Src/main.o
                0x00000000200004ec                DemandMotorStep
 .bss.ActualMotorStep
                0x00000000200004f0        0x4 ./Core/Src/main.o
                0x00000000200004f0                ActualMotorStep
 .bss.StepSpeed
                0x00000000200004f4        0x4 ./Core/Src/main.o
                0x00000000200004f4                StepSpeed
 .bss.TM6_Currentvalue
                0x00000000200004f8        0x2 ./Core/Src/main.o
                0x00000000200004f8                TM6_Currentvalue
 .bss.TickSerial
                0x00000000200004fa        0x1 ./Core/Src/main.o
                0x00000000200004fa                TickSerial
 *fill*         0x00000000200004fb        0x1 
 .bss.__sbrk_heap_end
                0x00000000200004fc        0x4 ./Core/Src/sysmem.o
 .bss.uwTick    0x0000000020000500        0x4 ./Drivers/STM32F4xx_HAL_Driver/stm32f4xx_hal.o
                0x0000000020000500                uwTick
 .bss.__malloc_free_list
                0x0000000020000504        0x4 c:/program files/stm32cubeide_1.12.1/st/stm32cubeide_1.12.1/stm32cubeide/plugins/com.st.stm32cube.ide.mcu.externaltools.gnu-tools-for-stm32.10.3-2021.10.win32_1.0.200.202301161003/tools/bin/../lib/gcc/arm-none-eabi/10.3.1/../../../../arm-none-eabi/lib/thumb/v7e-m+fp/hard\libc_nano.a(lib_a-nano-mallocr.o)
                0x0000000020000504                __malloc_free_list
 .bss.__malloc_sbrk_start
                0x0000000020000508        0x4 c:/program files/stm32cubeide_1.12.1/st/stm32cubeide_1.12.1/stm32cubeide/plugins/com.st.stm32cube.ide.mcu.externaltools.gnu-tools-for-stm32.10.3-2021.10.win32_1.0.200.202301161003/tools/bin/../lib/gcc/arm-none-eabi/10.3.1/../../../../arm-none-eabi/lib/thumb/v7e-m+fp/hard\libc_nano.a(lib_a-nano-mallocr.o)
                0x0000000020000508                __malloc_sbrk_start
 .bss.errno     0x000000002000050c        0x4 c:/program files/stm32cubeide_1.12.1/st/stm32cubeide_1.12.1/stm32cubeide/plugins/com.st.stm32cube.ide.mcu.externaltools.gnu-tools-for-stm32.10.3-2021.10.win32_1.0.200.202301161003/tools/bin/../lib/gcc/arm-none-eabi/10.3.1/../../../../arm-none-eabi/lib/thumb/v7e-m+fp/hard\libc_nano.a(lib_a-reent.o)
                0x000000002000050c                errno
 .bss.__lock___malloc_recursive_mutex
                0x0000000020000510        0x1 c:/program files/stm32cubeide_1.12.1/st/stm32cubeide_1.12.1/stm32cubeide/plugins/com.st.stm32cube.ide.mcu.externaltools.gnu-tools-for-stm32.10.3-2021.10.win32_1.0.200.202301161003/tools/bin/../lib/gcc/arm-none-eabi/10.3.1/../../../../arm-none-eabi/lib/thumb/v7e-m+fp/hard\libc_nano.a(lib_a-lock.o)
                0x0000000020000510                __lock___malloc_recursive_mutex
 .bss.__lock___sfp_recursive_mutex
                0x0000000020000511        0x1 c:/program files/stm32cubeide_1.12.1/st/stm32cubeide_1.12.1/stm32cubeide/plugins/com.st.stm32cube.ide.mcu.externaltools.gnu-tools-for-stm32.10.3-2021.10.win32_1.0.200.202301161003/tools/bin/../lib/gcc/arm-none-eabi/10.3.1/../../../../arm-none-eabi/lib/thumb/v7e-m+fp/hard\libc_nano.a(lib_a-lock.o)
                0x0000000020000511                __lock___sfp_recursive_mutex
 .bss.__lock___sinit_recursive_mutex