../Core/Src/main.c:91:5:main	8	static
../Core/Src/main.c:152:6:SystemClock_Config	88	static
../Core/Src/main.c:200:13:MX_TIM6_Init	16	static
../Core/Src/main.c:238:13:MX_USART2_UART_Init	8	static
../Core/Src/main.c:271:13:MX_GPIO_Init	48	static
../Core/Src/main.c:347:9:rot_get_state	16	static
../Core/Src/main.c:358:6:HAL_GPIO_EXTI_Callback	16	static
../Core/Src/main.c:398:6:Calculate_Rotation	24	static
../Core/Src/main.c:430:6:Error_Handler	4	static,ignoring_inline_asm
../Core/Src/main.c:449:6:assert_failed	16	static
