../Core/Src/main.c:129:5:main	96	static
../Core/Src/main.c:225:6:SystemClock_Config	88	static
../Core/Src/main.c:273:13:MX_TIM6_Init	16	static
../Core/Src/main.c:311:13:MX_TIM7_Init	16	static
../Core/Src/main.c:349:13:MX_USART2_UART_Init	8	static
../Core/Src/main.c:382:13:MX_GPIO_Init	48	static
../Core/Src/main.c:458:9:rot_get_state	16	static
../Core/Src/main.c:469:6:HAL_GPIO_EXTI_Callback	16	static
../Core/Src/main.c:509:6:Calculate_Rotation	24	static
../Core/Src/main.c:558:6:GetConstantFilter	4	static
../Core/Src/main.c:749:6:EnablePhaseA	8	static
../Core/Src/main.c:755:6:DisablePhaseA	8	static
../Core/Src/main.c:761:6:EnablePhaseB	8	static
../Core/Src/main.c:767:6:DisablePhaseB	8	static
../Core/Src/main.c:775:6:CW_Direction	72	static
../Core/Src/main.c:870:6:Error_Handler	4	static,ignoring_inline_asm
../Core/Src/main.c:889:6:assert_failed	16	static
