../Core/Src/main.c:93:5:main	8	static
../Core/Src/main.c:150:6:SystemClock_Config	88	static
../Core/Src/main.c:197:13:MX_NVIC_Init	8	static
../Core/Src/main.c:218:13:MX_TIM1_Init	32	static
../Core/Src/main.c:264:13:MX_TIM2_Init	56	static
../Core/Src/main.c:313:13:MX_TIM3_Init	32	static
../Core/Src/main.c:358:13:MX_TIM7_Init	16	static
../Core/Src/main.c:396:13:MX_TIM10_Init	8	static
../Core/Src/main.c:427:13:MX_TIM11_Init	8	static
../Core/Src/main.c:458:13:MX_USART2_UART_Init	8	static
../Core/Src/main.c:491:13:MX_GPIO_Init	48	static
../Core/Src/main.c:541:6:HAL_TIM_IC_CaptureCallback	16	static
../Core/Src/main.c:561:6:HAL_TIM_PeriodElapsedCallback	32	static
../Core/Src/main.c:594:6:Error_Handler	8	static,ignoring_inline_asm
