../Core/Src/main.c:130:5:main	96	static
../Core/Src/main.c:226:6:SystemClock_Config	88	static
../Core/Src/main.c:274:13:MX_TIM6_Init	16	static
../Core/Src/main.c:312:13:MX_TIM7_Init	16	static
../Core/Src/main.c:350:13:MX_USART2_UART_Init	8	static
../Core/Src/main.c:383:13:MX_GPIO_Init	48	static
../Core/Src/main.c:459:9:rot_get_state	16	static
../Core/Src/main.c:470:6:HAL_GPIO_EXTI_Callback	16	static
../Core/Src/main.c:510:6:Calculate_Rotation	24	static
../Core/Src/main.c:559:6:GetConstantFilter	4	static
../Core/Src/main.c:750:6:EnablePhaseA	8	static
../Core/Src/main.c:756:6:DisablePhaseA	8	static
../Core/Src/main.c:762:6:EnablePhaseB	8	static
../Core/Src/main.c:768:6:DisablePhaseB	8	static
../Core/Src/main.c:776:6:CW_Direction	32	static
../Core/Src/main.c:915:6:Error_Handler	4	static,ignoring_inline_asm
../Core/Src/main.c:934:6:assert_failed	16	static
