../Core/Src/main.c:132:5:main	96	static
../Core/Src/main.c:241:6:SystemClock_Config	88	static
../Core/Src/main.c:289:13:MX_TIM1_Init	32	static
../Core/Src/main.c:335:13:MX_TIM6_Init	16	static
../Core/Src/main.c:373:13:MX_TIM7_Init	16	static
../Core/Src/main.c:411:13:MX_USART2_UART_Init	8	static
../Core/Src/main.c:444:13:MX_GPIO_Init	48	static
../Core/Src/main.c:520:9:rot_get_state	16	static
../Core/Src/main.c:531:6:HAL_GPIO_EXTI_Callback	16	static
../Core/Src/main.c:571:6:Calculate_Rotation	24	static
../Core/Src/main.c:619:6:GetConstantFilter	4	static
../Core/Src/main.c:810:6:EnablePhaseA	8	static
../Core/Src/main.c:816:6:DisablePhaseA	8	static
../Core/Src/main.c:822:6:EnablePhaseB	8	static
../Core/Src/main.c:828:6:DisablePhaseB	8	static
../Core/Src/main.c:836:6:CW_Direction	24	static
../Core/Src/main.c:985:6:HAL_TIM_PeriodElapsedCallback	16	static
../Core/Src/main.c:998:6:DELAY_SPEEDSTEP	24	static
../Core/Src/main.c:1014:6:Error_Handler	4	static,ignoring_inline_asm
../Core/Src/main.c:1033:6:assert_failed	16	static
