../Core/Src/main.c:88:5:main	8	static
../Core/Src/main.c:144:6:SystemClock_Config	88	static
../Core/Src/main.c:191:13:MX_NVIC_Init	8	static
../Core/Src/main.c:212:13:MX_TIM1_Init	32	static
../Core/Src/main.c:258:13:MX_TIM2_Init	56	static
../Core/Src/main.c:307:13:MX_TIM7_Init	16	static
../Core/Src/main.c:345:13:MX_TIM10_Init	8	static
../Core/Src/main.c:376:13:MX_TIM11_Init	8	static
../Core/Src/main.c:407:13:MX_USART2_UART_Init	8	static
../Core/Src/main.c:440:13:MX_GPIO_Init	48	static
../Core/Src/main.c:514:6:HAL_TIM_PeriodElapsedCallback	16	static
../Core/Src/main.c:531:6:Error_Handler	8	static,ignoring_inline_asm
