../Core/Src/main.c:133:5:main	96	static
../Core/Src/main.c:241:6:SystemClock_Config	88	static
../Core/Src/main.c:289:13:MX_TIM6_Init	16	static
../Core/Src/main.c:327:13:MX_TIM7_Init	16	static
../Core/Src/main.c:365:13:MX_USART2_UART_Init	8	static
../Core/Src/main.c:398:13:MX_GPIO_Init	48	static
../Core/Src/main.c:474:9:rot_get_state	16	static
../Core/Src/main.c:485:6:HAL_GPIO_EXTI_Callback	16	static
../Core/Src/main.c:525:6:Calculate_Rotation	24	static
../Core/Src/main.c:573:6:GetConstantFilter	4	static
../Core/Src/main.c:764:6:EnablePhaseA	8	static
../Core/Src/main.c:770:6:DisablePhaseA	8	static
../Core/Src/main.c:776:6:EnablePhaseB	8	static
../Core/Src/main.c:782:6:DisablePhaseB	8	static
../Core/Src/main.c:790:6:CW_Direction	32	static
../Core/Src/main.c:931:6:HAL_TIM_PeriodElapsedCallback	16	static
../Core/Src/main.c:949:6:Error_Handler	4	static,ignoring_inline_asm
../Core/Src/main.c:968:6:assert_failed	16	static
