../Core/Src/main.c:91:5:main	8	static
../Core/Src/main.c:147:6:SystemClock_Config	88	static
../Core/Src/main.c:194:13:MX_NVIC_Init	8	static
../Core/Src/main.c:215:13:MX_TIM1_Init	32	static
../Core/Src/main.c:261:13:MX_TIM2_Init	56	static
../Core/Src/main.c:310:13:MX_TIM7_Init	16	static
../Core/Src/main.c:348:13:MX_TIM10_Init	8	static
../Core/Src/main.c:379:13:MX_TIM11_Init	8	static
../Core/Src/main.c:410:13:MX_USART2_UART_Init	8	static
../Core/Src/main.c:443:13:MX_GPIO_Init	48	static
../Core/Src/main.c:493:6:HAL_TIM_IC_CaptureCallback	16	static
../Core/Src/main.c:511:6:HAL_TIM_PeriodElapsedCallback	16	static
../Core/Src/main.c:543:6:Error_Handler	8	static,ignoring_inline_asm
