../Core/Src/main.c:76:6:StepperMotor_Init	16	static
../Core/Src/main.c:189:5:main	128	static
../Core/Src/main.c:307:6:SystemClock_Config	88	static
../Core/Src/main.c:355:13:MX_TIM1_Init	32	static
../Core/Src/main.c:401:13:MX_TIM6_Init	16	static
../Core/Src/main.c:439:13:MX_TIM7_Init	16	static
../Core/Src/main.c:477:13:MX_USART2_UART_Init	8	static
../Core/Src/main.c:510:13:MX_GPIO_Init	48	static
../Core/Src/main.c:586:9:rot_get_state	16	static
../Core/Src/main.c:597:6:HAL_GPIO_EXTI_Callback	16	static
../Core/Src/main.c:637:6:Calculate_Rotation	24	static
../Core/Src/main.c:685:6:GetConstantFilter	4	static
../Core/Src/main.c:876:6:EnablePhaseA	8	static
../Core/Src/main.c:882:6:DisablePhaseA	8	static
../Core/Src/main.c:888:6:EnablePhaseB	8	static
../Core/Src/main.c:894:6:DisablePhaseB	8	static
../Core/Src/main.c:904:6:StepperMotor_StepForward	16	static
../Core/Src/main.c:915:6:StepperMotor_StepBackward	16	static
../Core/Src/main.c:929:6:StepperMotor_Move	24	static
../Core/Src/main.c:951:6:HAL_TIM_PeriodElapsedCallback	16	static
../Core/Src/main.c:964:6:DELAY_SPEEDSTEP	24	static
../Core/Src/main.c:980:6:Error_Handler	4	static,ignoring_inline_asm
../Core/Src/main.c:999:6:assert_failed	16	static
