../Core/Src/main.c:122:5:main	96	static
../Core/Src/main.c:249:6:SystemClock_Config	88	static
../Core/Src/main.c:297:13:MX_TIM6_Init	16	static
../Core/Src/main.c:335:13:MX_USART2_UART_Init	8	static
../Core/Src/main.c:368:13:MX_GPIO_Init	48	static
../Core/Src/main.c:444:9:rot_get_state	16	static
../Core/Src/main.c:455:6:HAL_GPIO_EXTI_Callback	16	static
../Core/Src/main.c:495:6:Calculate_Rotation	24	static
../Core/Src/main.c:544:6:GetConstantFilter	4	static
../Core/Src/main.c:739:6:Error_Handler	4	static,ignoring_inline_asm
../Core/Src/main.c:758:6:assert_failed	16	static
