../Core/Src/main.c:78:6:StepperMotor_Init	16	static
../Core/Src/main.c:209:5:main	40	static
../Core/Src/main.c:342:6:SystemClock_Config	88	static
../Core/Src/main.c:390:13:MX_TIM1_Init	32	static
../Core/Src/main.c:436:13:MX_TIM6_Init	16	static
../Core/Src/main.c:474:13:MX_TIM7_Init	16	static
../Core/Src/main.c:512:13:MX_USART2_UART_Init	8	static
../Core/Src/main.c:545:13:MX_GPIO_Init	48	static
../Core/Src/main.c:621:9:rot_get_state	16	static
../Core/Src/main.c:632:6:HAL_GPIO_EXTI_Callback	16	static
../Core/Src/main.c:672:6:Calculate_Rotation	24	static
../Core/Src/main.c:720:6:GetConstantFilter	4	static
../Core/Src/main.c:911:6:EnablePhaseA	8	static
../Core/Src/main.c:917:6:DisablePhaseA	8	static
../Core/Src/main.c:923:6:EnablePhaseB	8	static
../Core/Src/main.c:929:6:DisablePhaseB	8	static
../Core/Src/main.c:939:6:StepperMotor_StepForward	16	static
../Core/Src/main.c:950:6:StepperMotor_StepBackward	16	static
../Core/Src/main.c:964:6:StepperMotor_Move	24	static
../Core/Src/main.c:986:6:HAL_TIM_PeriodElapsedCallback	16	static
../Core/Src/main.c:999:6:DELAY_SPEEDSTEP	24	static
../Core/Src/main.c:1018:6:StartTask1	96	static
../Core/Src/main.c:1063:6:StartTask2	16	static
../Core/Src/main.c:1088:6:Error_Handler	4	static,ignoring_inline_asm
../Core/Src/main.c:1107:6:assert_failed	16	static
