../Core/Src/main.c:82:5:main	8	static
../Core/Src/main.c:134:6:SystemClock_Config	88	static
../Core/Src/main.c:182:13:MX_TIM1_Init	32	static
../Core/Src/main.c:228:13:MX_TIM7_Init	16	static
../Core/Src/main.c:266:13:MX_TIM10_Init	8	static
../Core/Src/main.c:297:13:MX_TIM11_Init	8	static
../Core/Src/main.c:328:13:MX_USART2_UART_Init	8	static
../Core/Src/main.c:361:13:MX_GPIO_Init	48	static
../Core/Src/main.c:423:6:HAL_TIM_PeriodElapsedCallback	16	static
../Core/Src/main.c:449:6:Error_Handler	8	static,ignoring_inline_asm
