../Core/Src/main.c:86:5:main	8	static
../Core/Src/main.c:141:6:SystemClock_Config	88	static
../Core/Src/main.c:188:13:MX_NVIC_Init	8	static
../Core/Src/main.c:209:13:MX_TIM2_Init	56	static
../Core/Src/main.c:258:13:MX_TIM7_Init	16	static
../Core/Src/main.c:296:13:MX_TIM10_Init	8	static
../Core/Src/main.c:327:13:MX_TIM11_Init	8	static
../Core/Src/main.c:358:13:MX_USART2_UART_Init	8	static
../Core/Src/main.c:391:13:MX_GPIO_Init	48	static
../Core/Src/main.c:442:6:HAL_TIM_PeriodElapsedCallback	16	static
../Core/Src/main.c:470:6:Error_Handler	8	static,ignoring_inline_asm
