../Core/Src/main.c:91:5:main	8	static
../Core/Src/main.c:147:6:SystemClock_Config	88	static
../Core/Src/main.c:194:13:MX_NVIC_Init	8	static
../Core/Src/main.c:218:13:MX_TIM1_Init	32	static
../Core/Src/main.c:264:13:MX_TIM2_Init	56	static
../Core/Src/main.c:313:13:MX_TIM7_Init	16	static
../Core/Src/main.c:351:13:MX_TIM10_Init	8	static
../Core/Src/main.c:382:13:MX_TIM11_Init	8	static
../Core/Src/main.c:413:13:MX_USART2_UART_Init	8	static
../Core/Src/main.c:446:13:MX_GPIO_Init	48	static
../Core/Src/main.c:503:6:HAL_TIM_PeriodElapsedCallback	16	static
../Core/Src/main.c:537:6:Error_Handler	8	static,ignoring_inline_asm
