../Core/Src/main.c:76:6:StepperMotor_Init	16	static
../Core/Src/main.c:188:5:main	128	static
../Core/Src/main.c:306:6:SystemClock_Config	88	static
../Core/Src/main.c:354:13:MX_TIM1_Init	32	static
../Core/Src/main.c:400:13:MX_TIM6_Init	16	static
../Core/Src/main.c:438:13:MX_TIM7_Init	16	static
../Core/Src/main.c:476:13:MX_USART2_UART_Init	8	static
../Core/Src/main.c:509:13:MX_GPIO_Init	48	static
../Core/Src/main.c:585:9:rot_get_state	16	static
../Core/Src/main.c:596:6:HAL_GPIO_EXTI_Callback	16	static
../Core/Src/main.c:636:6:Calculate_Rotation	24	static
../Core/Src/main.c:684:6:GetConstantFilter	4	static
../Core/Src/main.c:875:6:EnablePhaseA	8	static
../Core/Src/main.c:881:6:DisablePhaseA	8	static
../Core/Src/main.c:887:6:EnablePhaseB	8	static
../Core/Src/main.c:893:6:DisablePhaseB	8	static
../Core/Src/main.c:903:6:StepperMotor_StepForward	16	static
../Core/Src/main.c:914:6:StepperMotor_StepBackward	16	static
../Core/Src/main.c:928:6:StepperMotor_Move	32	static
../Core/Src/main.c:947:6:HAL_TIM_PeriodElapsedCallback	16	static
../Core/Src/main.c:960:6:DELAY_SPEEDSTEP	24	static
../Core/Src/main.c:976:6:Error_Handler	4	static,ignoring_inline_asm
../Core/Src/main.c:995:6:assert_failed	16	static
