../Core/Src/main.c:131:5:main	96	static
../Core/Src/main.c:231:6:SystemClock_Config	88	static
../Core/Src/main.c:279:13:MX_TIM6_Init	16	static
../Core/Src/main.c:317:13:MX_TIM7_Init	16	static
../Core/Src/main.c:355:13:MX_USART2_UART_Init	8	static
../Core/Src/main.c:388:13:MX_GPIO_Init	48	static
../Core/Src/main.c:464:9:rot_get_state	16	static
../Core/Src/main.c:475:6:HAL_GPIO_EXTI_Callback	16	static
../Core/Src/main.c:515:6:Calculate_Rotation	24	static
../Core/Src/main.c:571:6:GetConstantFilter	4	static
../Core/Src/main.c:762:6:EnablePhaseA	8	static
../Core/Src/main.c:768:6:DisablePhaseA	8	static
../Core/Src/main.c:774:6:EnablePhaseB	8	static
../Core/Src/main.c:780:6:DisablePhaseB	8	static
../Core/Src/main.c:788:6:CW_Direction	32	static
../Core/Src/main.c:924:6:HAL_TIM_PeriodElapsedCallback	16	static
../Core/Src/main.c:942:6:Error_Handler	4	static,ignoring_inline_asm
../Core/Src/main.c:961:6:assert_failed	16	static
