../Core/Src/main.c:76:6:StepperMotor_Init	16	static
../Core/Src/main.c:188:5:main	128	static
../Core/Src/main.c:309:6:SystemClock_Config	88	static
../Core/Src/main.c:357:13:MX_TIM1_Init	32	static
../Core/Src/main.c:403:13:MX_TIM6_Init	16	static
../Core/Src/main.c:441:13:MX_TIM7_Init	16	static
../Core/Src/main.c:479:13:MX_USART2_UART_Init	8	static
../Core/Src/main.c:512:13:MX_GPIO_Init	48	static
../Core/Src/main.c:588:9:rot_get_state	16	static
../Core/Src/main.c:599:6:HAL_GPIO_EXTI_Callback	16	static
../Core/Src/main.c:639:6:Calculate_Rotation	24	static
../Core/Src/main.c:687:6:GetConstantFilter	4	static
../Core/Src/main.c:878:6:EnablePhaseA	8	static
../Core/Src/main.c:884:6:DisablePhaseA	8	static
../Core/Src/main.c:890:6:EnablePhaseB	8	static
../Core/Src/main.c:896:6:DisablePhaseB	8	static
../Core/Src/main.c:906:6:StepperMotor_StepForward	16	static
../Core/Src/main.c:918:6:StepperMotor_StepBackward	16	static
../Core/Src/main.c:933:6:StepperMotor_Move	32	static
../Core/Src/main.c:944:6:HAL_TIM_PeriodElapsedCallback	16	static
../Core/Src/main.c:957:6:DELAY_SPEEDSTEP	24	static
../Core/Src/main.c:973:6:Error_Handler	4	static,ignoring_inline_asm
../Core/Src/main.c:992:6:assert_failed	16	static
