../Core/Src/main.c:85:5:main	8	static
../Core/Src/main.c:140:6:SystemClock_Config	88	static
../Core/Src/main.c:187:13:MX_NVIC_Init	8	static
../Core/Src/main.c:214:13:MX_TIM1_Init	32	static
../Core/Src/main.c:260:13:MX_TIM7_Init	16	static
../Core/Src/main.c:298:13:MX_TIM10_Init	8	static
../Core/Src/main.c:329:13:MX_TIM11_Init	8	static
../Core/Src/main.c:360:13:MX_USART2_UART_Init	8	static
../Core/Src/main.c:393:13:MX_GPIO_Init	48	static
../Core/Src/main.c:439:9:rot_get_state	16	static
../Core/Src/main.c:445:6:HAL_GPIO_EXTI_Callback	16	static
../Core/Src/main.c:461:6:HAL_TIM_PeriodElapsedCallback	16	static
../Core/Src/main.c:491:6:Error_Handler	8	static,ignoring_inline_asm
