../Core/Src/main.c:87:5:main	8	static
../Core/Src/main.c:142:6:SystemClock_Config	88	static
../Core/Src/main.c:190:13:MX_TIM6_Init	16	static
../Core/Src/main.c:228:13:MX_USART2_UART_Init	8	static
../Core/Src/main.c:261:13:MX_GPIO_Init	48	static
../Core/Src/main.c:337:9:rot_get_state	16	static
../Core/Src/main.c:348:6:HAL_GPIO_EXTI_Callback	16	static
../Core/Src/main.c:388:6:Calculate_Rotation	16	static
../Core/Src/main.c:416:6:Error_Handler	4	static,ignoring_inline_asm
../Core/Src/main.c:435:6:assert_failed	16	static
