../Core/Src/main.c:88:5:main	8	static
../Core/Src/main.c:144:6:SystemClock_Config	88	static
../Core/Src/main.c:191:13:MX_NVIC_Init	8	static
../Core/Src/main.c:212:13:MX_TIM2_Init	56	static
../Core/Src/main.c:261:13:MX_TIM3_Init	32	static
../Core/Src/main.c:306:13:MX_TIM7_Init	16	static
../Core/Src/main.c:344:13:MX_TIM10_Init	8	static
../Core/Src/main.c:375:13:MX_TIM11_Init	8	static
../Core/Src/main.c:406:13:MX_USART2_UART_Init	8	static
../Core/Src/main.c:439:13:MX_GPIO_Init	48	static
../Core/Src/main.c:513:6:HAL_TIM_PeriodElapsedCallback	16	static
../Core/Src/main.c:530:6:Error_Handler	8	static,ignoring_inline_asm
