../Core/Src/main.c:77:6:StepperMotor_Init	16	static
../Core/Src/main.c:189:5:main	40	static
../Core/Src/main.c:266:6:SystemClock_Config	88	static
../Core/Src/main.c:314:13:MX_TIM1_Init	32	static
../Core/Src/main.c:360:13:MX_TIM6_Init	16	static
../Core/Src/main.c:398:13:MX_TIM7_Init	16	static
../Core/Src/main.c:436:13:MX_USART2_UART_Init	8	static
../Core/Src/main.c:469:13:MX_GPIO_Init	48	static
../Core/Src/main.c:545:9:rot_get_state	16	static
../Core/Src/main.c:556:6:HAL_GPIO_EXTI_Callback	16	static
../Core/Src/main.c:596:6:Calculate_Rotation	24	static
../Core/Src/main.c:644:6:GetConstantFilter	4	static
../Core/Src/main.c:835:6:EnablePhaseA	8	static
../Core/Src/main.c:841:6:DisablePhaseA	8	static
../Core/Src/main.c:847:6:EnablePhaseB	8	static
../Core/Src/main.c:853:6:DisablePhaseB	8	static
../Core/Src/main.c:863:6:StepperMotor_StepForward	16	static
../Core/Src/main.c:874:6:StepperMotor_StepBackward	16	static
../Core/Src/main.c:888:6:StepperMotor_Move	24	static
../Core/Src/main.c:911:6:DELAY_SPEEDSTEP	24	static
../Core/Src/main.c:931:6:HAL_TIM_PeriodElapsedCallback	16	static
../Core/Src/main.c:956:6:Error_Handler	4	static,ignoring_inline_asm
../Core/Src/main.c:975:6:assert_failed	16	static
