../Core/Src/main.c:84:5:main	8	static
../Core/Src/main.c:139:6:SystemClock_Config	88	static
../Core/Src/main.c:186:13:MX_NVIC_Init	8	static
../Core/Src/main.c:213:13:MX_TIM1_Init	32	static
../Core/Src/main.c:259:13:MX_TIM7_Init	16	static
../Core/Src/main.c:297:13:MX_TIM10_Init	8	static
../Core/Src/main.c:328:13:MX_TIM11_Init	8	static
../Core/Src/main.c:359:13:MX_USART2_UART_Init	8	static
../Core/Src/main.c:392:13:MX_GPIO_Init	48	static
../Core/Src/main.c:438:9:rot_get_state	16	static
../Core/Src/main.c:444:6:HAL_GPIO_EXTI_Callback	16	static
../Core/Src/main.c:460:6:HAL_TIM_PeriodElapsedCallback	16	static
../Core/Src/main.c:486:6:Error_Handler	8	static,ignoring_inline_asm
