../Core/Src/main.c:80:5:main	8	static
../Core/Src/main.c:131:6:SystemClock_Config	88	static
../Core/Src/main.c:179:13:MX_TIM7_Init	16	static
../Core/Src/main.c:217:13:MX_TIM10_Init	8	static
../Core/Src/main.c:248:13:MX_TIM11_Init	8	static
../Core/Src/main.c:279:13:MX_USART2_UART_Init	8	static
../Core/Src/main.c:312:13:MX_GPIO_Init	48	static
../Core/Src/main.c:345:6:Motion	4	static
../Core/Src/main.c:353:6:DiagnosticMotor	4	static
../Core/Src/main.c:367:6:HAL_TIM_PeriodElapsedCallback	16	static
../Core/Src/main.c:392:6:Error_Handler	8	static,ignoring_inline_asm
