../Core/Src/main.c:109:5:main	96	static
../Core/Src/main.c:231:6:SystemClock_Config	88	static
../Core/Src/main.c:279:13:MX_TIM6_Init	16	static
../Core/Src/main.c:317:13:MX_USART2_UART_Init	8	static
../Core/Src/main.c:350:13:MX_GPIO_Init	48	static
../Core/Src/main.c:426:9:rot_get_state	16	static
../Core/Src/main.c:437:6:HAL_GPIO_EXTI_Callback	16	static
../Core/Src/main.c:477:6:Calculate_Rotation	24	static
../Core/Src/main.c:528:6:Error_Handler	4	static,ignoring_inline_asm
../Core/Src/main.c:547:6:assert_failed	16	static
