../Core/Src/main.c:91:5:main	8	static
../Core/Src/main.c:147:6:SystemClock_Config	88	static
../Core/Src/main.c:194:13:MX_NVIC_Init	8	static
../Core/Src/main.c:215:13:MX_TIM1_Init	32	static
../Core/Src/main.c:261:13:MX_TIM3_Init	32	static
../Core/Src/main.c:306:13:MX_TIM7_Init	16	static
../Core/Src/main.c:344:13:MX_TIM10_Init	8	static
../Core/Src/main.c:375:13:MX_TIM11_Init	8	static
../Core/Src/main.c:406:13:MX_USART2_UART_Init	8	static
../Core/Src/main.c:439:13:MX_GPIO_Init	48	static
../Core/Src/main.c:501:9:rot_get_state	16	static
../Core/Src/main.c:507:6:HAL_GPIO_EXTI_Callback	16	static
../Core/Src/main.c:523:6:HAL_TIM_PeriodElapsedCallback	16	static
../Core/Src/main.c:555:6:Error_Handler	8	static,ignoring_inline_asm
