../Core/Src/motion.c:59:6:Motion	4	static
../Core/Src/motion.c:82:6:DiagnosticMotor	4	static
../Core/Src/motion.c:87:6:EncoderFeeBack	32	static
../Core/Src/motion.c:101:6:Update_Encoder	24	static
../Core/Src/motion.c:148:6:Calculate_Rotation	24	static
../Core/Src/motion.c:179:6:GetConstantFilter	4	static
../Core/Src/motion.c:354:6:EnableMotorA	8	static
../Core/Src/motion.c:358:6:EnableMotorB	8	static
../Core/Src/motion.c:362:6:DisableMotorA	8	static
../Core/Src/motion.c:366:6:DisableMotorB	8	static
../Core/Src/motion.c:371:6:Stepper_FullStep	16	static
../Core/Src/motion.c:413:6:Stepper_MicroStep	24	static
