Archive member included to satisfy reference by file (symbol)

c:/program files/stm32cubeide_1.12.1/st/stm32cubeide_1.12.1/stm32cubeide/plugins/com.st.stm32cube.ide.mcu.externaltools.gnu-tools-for-stm32.10.3-2021.10.win32_1.0.200.202301161003/tools/bin/../lib/gcc/arm-none-eabi/10.3.1/../../../../arm-none-eabi/lib/thumb/v7e-m+fp/hard\libc_nano.a(lib_a-errno.o)
                              ./Core/Src/syscalls.o (__errno)
c:/program files/stm32cubeide_1.12.1/st/stm32cubeide_1.12.1/stm32cubeide/plugins/com.st.stm32cube.ide.mcu.externaltools.gnu-tools-for-stm32.10.3-2021.10.win32_1.0.200.202301161003/tools/bin/../lib/gcc/arm-none-eabi/10.3.1/../../../../arm-none-eabi/lib/thumb/v7e-m+fp/hard\libc_nano.a(lib_a-exit.o)
                              c:/program files/stm32cubeide_1.12.1/st/stm32cubeide_1.12.1/stm32cubeide/plugins/com.st.stm32cube.ide.mcu.externaltools.gnu-tools-for-stm32.10.3-2021.10.win32_1.0.200.202301161003/tools/bin/../lib/gcc/arm-none-eabi/10.3.1/../../../../arm-none-eabi/lib/thumb/v7e-m+fp/hard/crt0.o (exit)
c:/program files/stm32cubeide_1.12.1/st/stm32cubeide_1.12.1/stm32cubeide/plugins/com.st.stm32cube.ide.mcu.externaltools.gnu-tools-for-stm32.10.3-2021.10.win32_1.0.200.202301161003/tools/bin/../lib/gcc/arm-none-eabi/10.3.1/../../../../arm-none-eabi/lib/thumb/v7e-m+fp/hard\libc_nano.a(lib_a-impure.o)
                              c:/program files/stm32cubeide_1.12.1/st/stm32cubeide_1.12.1/stm32cubeide/plugins/com.st.stm32cube.ide.mcu.externaltools.gnu-tools-for-stm32.10.3-2021.10.win32_1.0.200.202301161003/tools/bin/../lib/gcc/arm-none-eabi/10.3.1/../../../../arm-none-eabi/lib/thumb/v7e-m+fp/hard\libc_nano.a(lib_a-exit.o) (_global_impure_ptr)
c:/program files/stm32cubeide_1.12.1/st/stm32cubeide_1.12.1/stm32cubeide/plugins/com.st.stm32cube.ide.mcu.externaltools.gnu-tools-for-stm32.10.3-2021.10.win32_1.0.200.202301161003/tools/bin/../lib/gcc/arm-none-eabi/10.3.1/../../../../arm-none-eabi/lib/thumb/v7e-m+fp/hard\libc_nano.a(lib_a-init.o)
                              c:/program files/stm32cubeide_1.12.1/st/stm32cubeide_1.12.1/stm32cubeide/plugins/com.st.stm32cube.ide.mcu.externaltools.gnu-tools-for-stm32.10.3-2021.10.win32_1.0.200.202301161003/tools/bin/../lib/gcc/arm-none-eabi/10.3.1/../../../../arm-none-eabi/lib/thumb/v7e-m+fp/hard/crt0.o (__libc_init_array)
c:/program files/stm32cubeide_1.12.1/st/stm32cubeide_1.12.1/stm32cubeide/plugins/com.st.stm32cube.ide.mcu.externaltools.gnu-tools-for-stm32.10.3-2021.10.win32_1.0.200.202301161003/tools/bin/../lib/gcc/arm-none-eabi/10.3.1/../../../../arm-none-eabi/lib/thumb/v7e-m+fp/hard\libc_nano.a(lib_a-memset.o)
                              c:/program files/stm32cubeide_1.12.1/st/stm32cubeide_1.12.1/stm32cubeide/plugins/com.st.stm32cube.ide.mcu.externaltools.gnu-tools-for-stm32.10.3-2021.10.win32_1.0.200.202301161003/tools/bin/../lib/gcc/arm-none-eabi/10.3.1/../../../../arm-none-eabi/lib/thumb/v7e-m+fp/hard/crt0.o (memset)
c:/program files/stm32cubeide_1.12.1/st/stm32cubeide_1.12.1/stm32cubeide/plugins/com.st.stm32cube.ide.mcu.externaltools.gnu-tools-for-stm32.10.3-2021.10.win32_1.0.200.202301161003/tools/bin/../lib/gcc/arm-none-eabi/10.3.1/../../../../arm-none-eabi/lib/thumb/v7e-m+fp/hard\libc_nano.a(lib_a-sprintf.o)
                              ./Core/Src/app_threadx.o (sprintf)
c:/program files/stm32cubeide_1.12.1/st/stm32cubeide_1.12.1/stm32cubeide/plugins/com.st.stm32cube.ide.mcu.externaltools.gnu-tools-for-stm32.10.3-2021.10.win32_1.0.200.202301161003/tools/bin/../lib/gcc/arm-none-eabi/10.3.1/../../../../arm-none-eabi/lib/thumb/v7e-m+fp/hard\libc_nano.a(lib_a-strcpy.o)
                              ./Core/Src/app_threadx.o (strcpy)
c:/program files/stm32cubeide_1.12.1/st/stm32cubeide_1.12.1/stm32cubeide/plugins/com.st.stm32cube.ide.mcu.externaltools.gnu-tools-for-stm32.10.3-2021.10.win32_1.0.200.202301161003/tools/bin/../lib/gcc/arm-none-eabi/10.3.1/../../../../arm-none-eabi/lib/thumb/v7e-m+fp/hard\libc_nano.a(lib_a-nano-svfprintf.o)
                              c:/program files/stm32cubeide_1.12.1/st/stm32cubeide_1.12.1/stm32cubeide/plugins/com.st.stm32cube.ide.mcu.externaltools.gnu-tools-for-stm32.10.3-2021.10.win32_1.0.200.202301161003/tools/bin/../lib/gcc/arm-none-eabi/10.3.1/../../../../arm-none-eabi/lib/thumb/v7e-m+fp/hard\libc_nano.a(lib_a-sprintf.o) (_svfprintf_r)
c:/program files/stm32cubeide_1.12.1/st/stm32cubeide_1.12.1/stm32cubeide/plugins/com.st.stm32cube.ide.mcu.externaltools.gnu-tools-for-stm32.10.3-2021.10.win32_1.0.200.202301161003/tools/bin/../lib/gcc/arm-none-eabi/10.3.1/../../../../arm-none-eabi/lib/thumb/v7e-m+fp/hard\libc_nano.a(lib_a-nano-vfprintf_i.o)
                              c:/program files/stm32cubeide_1.12.1/st/stm32cubeide_1.12.1/stm32cubeide/plugins/com.st.stm32cube.ide.mcu.externaltools.gnu-tools-for-stm32.10.3-2021.10.win32_1.0.200.202301161003/tools/bin/../lib/gcc/arm-none-eabi/10.3.1/../../../../arm-none-eabi/lib/thumb/v7e-m+fp/hard\libc_nano.a(lib_a-nano-svfprintf.o) (_printf_i)
[...]
Memory Configuration

Name             Origin             Length             Attributes
RAM              0x0000000020000000 0x0000000000020000 xrw
FLASH            0x0000000008000000 0x0000000000080000 xr
*default*        0x0000000000000000 0xffffffffffffffff

Linker script and memory map

LOAD c:/program files/stm32cubeide_1.12.1/st/stm32cubeide_1.12.1/stm32cubeide/plugins/com.st.stm32cube.ide.mcu.externaltools.gnu-tools-for-stm32.10.3-2021.10.win32_1.0.200.202301161003/tools/bin/../lib/gcc/arm-none-eabi/10.3.1/thumb/v7e-m+fp/hard/crti.o
LOAD c:/program files/stm32cubeide_1.12.1/st/stm32cubeide_1.12.1/stm32cubeide/plugins/com.st.stm32cube.ide.mcu.externaltools.gnu-tools-for-stm32.10.3-2021.10.win32_1.0.200.202301161003/tools/bin/../lib/gcc/arm-none-eabi/10.3.1/thumb/v7e-m+fp/hard/crtbegin.o
LOAD c:/program files/stm32cubeide_1.12.1/st/stm32cubeide_1.12.1/stm32cubeide/plugins/com.st.stm32cube.ide.mcu.externaltools.gnu-tools-for-stm32.10.3-2021.10.win32_1.0.200.202301161003/tools/bin/../lib/gcc/arm-none-eabi/10.3.1/../../../../arm-none-eabi/lib/thumb/v7e-m+fp/hard/crt0.o
LOAD ./AZURE_RTOS/App/app_azure_rtos.o
LOAD ./Core/Src/app_threadx.o
LOAD ./Core/Src/main.o
LOAD ./Core/Src/motion.o
LOAD ./Core/Src/stm32f4xx_hal_msp.o
LOAD ./Core/Src/stm32f4xx_hal_timebase_tim.o
LOAD ./Core/Src/stm32f4xx_it.o
LOAD ./Core/Src/syscalls.o
LOAD ./Core/Src/sysmem.o
LOAD ./Core/Src/system_stm32f4xx.o
LOAD ./Core/Src/tx_initialize_low_level.o
LOAD ./Core/Startup/startup_stm32f446retx.o
LOAD ./Drivers/STM32F4xx_HAL_Driver/Src/stm32f4xx_hal.o
LOAD ./Drivers/STM32F4xx_HAL_Driver/Src/stm32f4xx_hal_cortex.o
LOAD ./Drivers/STM32F4xx_HAL_Driver/Src/stm32f4xx_hal_dma.o
LOAD ./Drivers/STM32F4xx_HAL_Driver/Src/stm32f4xx_hal_dma_ex.o
LOAD ./Drivers/STM32F4xx_HAL_Driver/Src/stm32f4xx_hal_exti.o
LOAD ./Drivers/STM32F4xx_HAL_Driver/Src/stm32f4xx_hal_flash.o
LOAD ./Drivers/STM32F4xx_HAL_Driver/Src/stm32f4xx_hal_flash_ex.o
LOAD ./Drivers/STM32F4xx_HAL_Driver/Src/stm32f4xx_hal_flash_ramfunc.o
LOAD ./Drivers/STM32F4xx_HAL_Driver/Src/stm32f4xx_hal_gpio.o
LOAD ./Drivers/STM32F4xx_HAL_Driver/Src/stm32f4xx_hal_pwr.o
LOAD ./Drivers/STM32F4xx_HAL_Driver/Src/stm32f4xx_hal_pwr_ex.o
LOAD ./Drivers/STM32F4xx_HAL_Driver/Src/stm32f4xx_hal_rcc.o
LOAD ./Drivers/STM32F4xx_HAL_Driver/Src/stm32f4xx_hal_rcc_ex.o
LOAD ./Drivers/STM32F4xx_HAL_Driver/Src/stm32f4xx_hal_tim.o
LOAD ./Drivers/STM32F4xx_HAL_Driver/Src/stm32f4xx_hal_tim_ex.o
LOAD ./Drivers/STM32F4xx_HAL_Driver/Src/stm32f4xx_hal_uart.o
LOAD ./Middlewares/ST/threadx/common/src/tx_block_allocate.o
LOAD ./Middlewares/ST/threadx/common/src/tx_block_pool_cleanup.o
LOAD ./Middlewares/ST/threadx/common/src/tx_block_pool_create.o
LOAD ./Middlewares/ST/threadx/common/src/tx_block_pool_delete.o
LOAD ./Middlewares/ST/threadx/common/src/tx_block_pool_info_get.o
LOAD ./Middlewares/ST/threadx/common/src/tx_block_pool_initialize.o
LOAD ./Middlewares/ST/threadx/common/src/tx_block_pool_prioritize.o
LOAD ./Middlewares/ST/threadx/common/src/tx_block_release.o
LOAD ./Middlewares/ST/threadx/common/src/tx_byte_allocate.o
LOAD ./Middlewares/ST/threadx/common/src/tx_byte_pool_cleanup.o
LOAD ./Middlewares/ST/threadx/common/src/tx_byte_pool_create.o
LOAD ./Middlewares/ST/threadx/common/src/tx_byte_pool_delete.o
LOAD ./Middlewares/ST/threadx/common/src/tx_byte_pool_info_get.o
LOAD ./Middlewares/ST/threadx/common/src/tx_byte_pool_initialize.o
LOAD ./Middlewares/ST/threadx/common/src/tx_byte_pool_prioritize.o
LOAD ./Middlewares/ST/threadx/common/src/tx_byte_pool_search.o
LOAD ./Middlewares/ST/threadx/common/src/tx_byte_release.o
LOAD ./Middlewares/ST/threadx/common/src/tx_event_flags_cleanup.o
LOAD ./Middlewares/ST/threadx/common/src/tx_event_flags_create.o
LOAD ./Middlewares/ST/threadx/common/src/tx_event_flags_delete.o
LOAD ./Middlewares/ST/threadx/common/src/tx_event_flags_get.o
LOAD ./Middlewares/ST/threadx/common/src/tx_event_flags_info_get.o
LOAD ./Middlewares/ST/threadx/common/src/tx_event_flags_initialize.o
LOAD ./Middlewares/ST/threadx/common/src/tx_event_flags_set.o
LOAD ./Middlewares/ST/threadx/common/src/tx_event_flags_set_notify.o
LOAD ./Middlewares/ST/threadx/common/src/tx_initialize_high_level.o
LOAD ./Middlewares/ST/threadx/common/src/tx_initialize_kernel_enter.o
LOAD ./Middlewares/ST/threadx/common/src/tx_initialize_kernel_setup.o
LOAD ./Middlewares/ST/threadx/common/src/tx_mutex_cleanup.o
LOAD ./Middlewares/ST/threadx/common/src/tx_mutex_create.o
LOAD ./Middlewares/ST/threadx/common/src/tx_mutex_delete.o
LOAD ./Middlewares/ST/threadx/common/src/tx_mutex_get.o
LOAD ./Middlewares/ST/threadx/common/src/tx_mutex_info_get.o
LOAD ./Middlewares/ST/threadx/common/src/tx_mutex_initialize.o
LOAD ./Middlewares/ST/threadx/common/src/tx_mutex_prioritize.o
LOAD ./Middlewares/ST/threadx/common/src/tx_mutex_priority_change.o
LOAD ./Middlewares/ST/threadx/common/src/tx_mutex_put.o
LOAD ./Middlewares/ST/threadx/common/src/tx_queue_cleanup.o
LOAD ./Middlewares/ST/threadx/common/src/tx_queue_create.o
LOAD ./Middlewares/ST/threadx/common/src/tx_queue_delete.o
LOAD ./Middlewares/ST/threadx/common/src/tx_queue_flush.o
LOAD ./Middlewares/ST/threadx/common/src/tx_queue_front_send.o
LOAD ./Middlewares/ST/threadx/common/src/tx_queue_info_get.o
LOAD ./Middlewares/ST/threadx/common/src/tx_queue_initialize.o
LOAD ./Middlewares/ST/threadx/common/src/tx_queue_prioritize.o
LOAD ./Middlewares/ST/threadx/common/src/tx_queue_receive.o
LOAD ./Middlewares/ST/threadx/common/src/tx_queue_send.o
LOAD ./Middlewares/ST/threadx/common/src/tx_queue_send_notify.o
LOAD ./Middlewares/ST/threadx/common/src/tx_semaphore_ceiling_put.o
LOAD ./Middlewares/ST/threadx/common/src/tx_semaphore_cleanup.o
LOAD ./Middlewares/ST/threadx/common/src/tx_semaphore_create.o
LOAD ./Middlewares/ST/threadx/common/src/tx_semaphore_delete.o
LOAD ./Middlewares/ST/threadx/common/src/tx_semaphore_get.o
LOAD ./Middlewares/ST/threadx/common/src/tx_semaphore_info_get.o
LOAD ./Middlewares/ST/threadx/common/src/tx_semaphore_initialize.o
LOAD ./Middlewares/ST/threadx/common/src/tx_semaphore_prioritize.o
LOAD ./Middlewares/ST/threadx/common/src/tx_semaphore_put.o
LOAD ./Middlewares/ST/threadx/common/src/tx_semaphore_put_notify.o
LOAD ./Middlewares/ST/threadx/common/src/tx_thread_create.o
LOAD ./Middlewares/ST/threadx/common/src/tx_thread_delete.o
LOAD ./Middlewares/ST/threadx/common/src/tx_thread_entry_exit_notify.o
LOAD ./Middlewares/ST/threadx/common/src/tx_thread_identify.o
LOAD ./Middlewares/ST/threadx/common/src/tx_thread_info_get.o
LOAD ./Middlewares/ST/threadx/common/src/tx_thread_initialize.o
LOAD ./Middlewares/ST/threadx/common/src/tx_thread_preemption_change.o
LOAD ./Middlewares/ST/threadx/common/src/tx_thread_priority_change.o
LOAD ./Middlewares/ST/threadx/common/src/tx_thread_relinquish.o
LOAD ./Middlewares/ST/threadx/common/src/tx_thread_reset.o
LOAD ./Middlewares/ST/threadx/common/src/tx_thread_resume.o
LOAD ./Middlewares/ST/threadx/common/src/tx_thread_shell_entry.o
LOAD ./Middlewares/ST/threadx/common/src/tx_thread_sleep.o
LOAD ./Middlewares/ST/threadx/common/src/tx_thread_stack_analyze.o
LOAD ./Middlewares/ST/threadx/common/src/tx_thread_stack_error_handler.o
LOAD ./Middlewares/ST/threadx/common/src/tx_thread_stack_error_notify.o
LOAD ./Middlewares/ST/threadx/common/src/tx_thread_suspend.o
LOAD ./Middlewares/ST/threadx/common/src/tx_thread_system_preempt_check.o
LOAD ./Middlewares/ST/threadx/common/src/tx_thread_system_resume.o
LOAD ./Middlewares/ST/threadx/common/src/tx_thread_system_suspend.o
LOAD ./Middlewares/ST/threadx/common/src/tx_thread_terminate.o
LOAD ./Middlewares/ST/threadx/common/src/tx_thread_time_slice.o
LOAD ./Middlewares/ST/threadx/common/src/tx_thread_time_slice_change.o
LOAD ./Middlewares/ST/threadx/common/src/tx_thread_timeout.o
LOAD ./Middlewares/ST/threadx/common/src/tx_thread_wait_abort.o
LOAD ./Middlewares/ST/threadx/common/src/tx_time_get.o
LOAD ./Middlewares/ST/threadx/common/src/tx_time_set.o
LOAD ./Middlewares/ST/threadx/common/src/tx_timer_activate.o
LOAD ./Middlewares/ST/threadx/common/src/tx_timer_change.o
LOAD ./Middlewares/ST/threadx/common/src/tx_timer_create.o
LOAD ./Middlewares/ST/threadx/common/src/tx_timer_deactivate.o
LOAD ./Middlewares/ST/threadx/common/src/tx_timer_delete.o
LOAD ./Middlewares/ST/threadx/common/src/tx_timer_expiration_process.o
LOAD ./Middlewares/ST/threadx/common/src/tx_timer_info_get.o
LOAD ./Middlewares/ST/threadx/common/src/tx_timer_initialize.o
LOAD ./Middlewares/ST/threadx/common/src/tx_timer_system_activate.o
LOAD ./Middlewares/ST/threadx/common/src/tx_timer_system_deactivate.o
LOAD ./Middlewares/ST/threadx/common/src/tx_timer_thread_entry.o
LOAD ./Middlewares/ST/threadx/common/src/tx_trace_buffer_full_notify.o
LOAD ./Middlewares/ST/threadx/common/src/tx_trace_disable.o
LOAD ./Middlewares/ST/threadx/common/src/tx_trace_enable.o
LOAD ./Middlewares/ST/threadx/common/src/tx_trace_event_filter.o
LOAD ./Middlewares/ST/threadx/common/src/tx_trace_event_unfilter.o
LOAD ./Middlewares/ST/threadx/common/src/tx_trace_initialize.o
LOAD ./Middlewares/ST/threadx/common/src/tx_trace_interrupt_control.o
LOAD ./Middlewares/ST/threadx/common/src/tx_trace_isr_enter_insert.o
LOAD ./Middlewares/ST/threadx/common/src/tx_trace_isr_exit_insert.o
LOAD ./Middlewares/ST/threadx/common/src/tx_trace_object_register.o
LOAD ./Middlewares/ST/threadx/common/src/tx_trace_object_unregister.o
LOAD ./Middlewares/ST/threadx/common/src/tx_trace_user_event_insert.o
LOAD ./Middlewares/ST/threadx/common/src/txe_block_allocate.o
LOAD ./Middlewares/ST/threadx/common/src/txe_block_pool_create.o
LOAD ./Middlewares/ST/threadx/common/src/txe_block_pool_delete.o
LOAD ./Middlewares/ST/threadx/common/src/txe_block_pool_info_get.o
LOAD ./Middlewares/ST/threadx/common/src/txe_block_pool_prioritize.o
LOAD ./Middlewares/ST/threadx/common/src/txe_block_release.o
LOAD ./Middlewares/ST/threadx/common/src/txe_byte_allocate.o
LOAD ./Middlewares/ST/threadx/common/src/txe_byte_pool_create.o
LOAD ./Middlewares/ST/threadx/common/src/txe_byte_pool_delete.o
LOAD ./Middlewares/ST/threadx/common/src/txe_byte_pool_info_get.o
LOAD ./Middlewares/ST/threadx/common/src/txe_byte_pool_prioritize.o
LOAD ./Middlewares/ST/threadx/common/src/txe_byte_release.o
LOAD ./Middlewares/ST/threadx/common/src/txe_event_flags_create.o
LOAD ./Middlewares/ST/threadx/common/src/txe_event_flags_delete.o
LOAD ./Middlewares/ST/threadx/common/src/txe_event_flags_get.o
LOAD ./Middlewares/ST/threadx/common/src/txe_event_flags_info_get.o
LOAD ./Middlewares/ST/threadx/common/src/txe_event_flags_set.o
LOAD ./Middlewares/ST/threadx/common/src/txe_event_flags_set_notify.o
LOAD ./Middlewares/ST/threadx/common/src/txe_mutex_create.o
LOAD ./Middlewares/ST/threadx/common/src/txe_mutex_delete.o
LOAD ./Middlewares/ST/threadx/common/src/txe_mutex_get.o
LOAD ./Middlewares/ST/threadx/common/src/txe_mutex_info_get.o
LOAD ./Middlewares/ST/threadx/common/src/txe_mutex_prioritize.o
LOAD ./Middlewares/ST/threadx/common/src/txe_mutex_put.o
LOAD ./Middlewares/ST/threadx/common/src/txe_queue_create.o
LOAD ./Middlewares/ST/threadx/common/src/txe_queue_delete.o
LOAD ./Middlewares/ST/threadx/common/src/txe_queue_flush.o
LOAD ./Middlewares/ST/threadx/common/src/txe_queue_front_send.o
LOAD ./Middlewares/ST/threadx/common/src/txe_queue_info_get.o
LOAD ./Middlewares/ST/threadx/common/src/txe_queue_prioritize.o
LOAD ./Middlewares/ST/threadx/common/src/txe_queue_receive.o
LOAD ./Middlewares/ST/threadx/common/src/txe_queue_send.o
LOAD ./Middlewares/ST/threadx/common/src/txe_queue_send_notify.o
LOAD ./Middlewares/ST/threadx/common/src/txe_semaphore_ceiling_put.o
LOAD ./Middlewares/ST/threadx/common/src/txe_semaphore_create.o
LOAD ./Middlewares/ST/threadx/common/src/txe_semaphore_delete.o
LOAD ./Middlewares/ST/threadx/common/src/txe_semaphore_get.o
LOAD ./Middlewares/ST/threadx/common/src/txe_semaphore_info_get.o
LOAD ./Middlewares/ST/threadx/common/src/txe_semaphore_prioritize.o
LOAD ./Middlewares/ST/threadx/common/src/txe_semaphore_put.o
LOAD ./Middlewares/ST/threadx/common/src/txe_semaphore_put_notify.o
LOAD ./Middlewares/ST/threadx/common/src/txe_thread_create.o
LOAD ./Middlewares/ST/threadx/common/src/txe_thread_delete.o
LOAD ./Middlewares/ST/threadx/common/src/txe_thread_entry_exit_notify.o
LOAD ./Middlewares/ST/threadx/common/src/txe_thread_info_get.o
LOAD ./Middlewares/ST/threadx/common/src/txe_thread_preemption_change.o
LOAD ./Middlewares/ST/threadx/common/src/txe_thread_priority_change.o
LOAD ./Middlewares/ST/threadx/common/src/txe_thread_relinquish.o
LOAD ./Middlewares/ST/threadx/common/src/txe_thread_reset.o
LOAD ./Middlewares/ST/threadx/common/src/txe_thread_resume.o
LOAD ./Middlewares/ST/threadx/common/src/txe_thread_suspend.o
LOAD ./Middlewares/ST/threadx/common/src/txe_thread_terminate.o
LOAD ./Middlewares/ST/threadx/common/src/txe_thread_time_slice_change.o
LOAD ./Middlewares/ST/threadx/common/src/txe_thread_wait_abort.o
LOAD ./Middlewares/ST/threadx/common/src/txe_timer_activate.o
LOAD ./Middlewares/ST/threadx/common/src/txe_timer_change.o
LOAD ./Middlewares/ST/threadx/common/src/txe_timer_create.o
LOAD ./Middlewares/ST/threadx/common/src/txe_timer_deactivate.o
LOAD ./Middlewares/ST/threadx/common/src/txe_timer_delete.o
LOAD ./Middlewares/ST/threadx/common/src/txe_timer_info_get.o
LOAD ./Middlewares/ST/threadx/ports/cortex_m4/gnu/src/tx_thread_context_restore.o
LOAD ./Middlewares/ST/threadx/ports/cortex_m4/gnu/src/tx_thread_context_save.o
LOAD ./Middlewares/ST/threadx/ports/cortex_m4/gnu/src/tx_thread_interrupt_control.o
LOAD ./Middlewares/ST/threadx/ports/cortex_m4/gnu/src/tx_thread_schedule.o
LOAD ./Middlewares/ST/threadx/ports/cortex_m4/gnu/src/tx_thread_stack_build.o
LOAD ./Middlewares/ST/threadx/ports/cortex_m4/gnu/src/tx_thread_system_return.o
LOAD ./Middlewares/ST/threadx/ports/cortex_m4/gnu/src/tx_timer_interrupt.o
START GROUP
LOAD c:/program files/stm32cubeide_1.12.1/st/stm32cubeide_1.12.1/stm32cubeide/plugins/com.st.stm32cube.ide.mcu.externaltools.gnu-tools-for-stm32.10.3-2021.10.win32_1.0.200.202301161003/tools/bin/../lib/gcc/arm-none-eabi/10.3.1/../../../../arm-none-eabi/lib/thumb/v7e-m+fp/hard\libc_nano.a
LOAD c:/program files/stm32cubeide_1.12.1/st/stm32cubeide_1.12.1/stm32cubeide/plugins/com.st.stm32cube.ide.mcu.externaltools.gnu-tools-for-stm32.10.3-2021.10.win32_1.0.200.202301161003/tools/bin/../lib/gcc/arm-none-eabi/10.3.1/../../../../arm-none-eabi/lib/thumb/v7e-m+fp/hard\libm.a
END GROUP
START GROUP
LOAD c:/program files/stm32cubeide_1.12.1/st/stm32cubeide_1.12.1/stm32cubeide/plugins/com.st.stm32cube.ide.mcu.externaltools.gnu-tools-for-stm32.10.3-2021.10.win32_1.0.200.202301161003/tools/bin/../lib/gcc/arm-none-eabi/10.3.1/thumb/v7e-m+fp/hard\libgcc.a
LOAD c:/program files/stm32cubeide_1.12.1/st/stm32cubeide_1.12.1/stm32cubeide/plugins/com.st.stm32cube.ide.mcu.externaltools.gnu-tools-for-stm32.10.3-2021.10.win32_1.0.200.202301161003/tools/bin/../lib/gcc/arm-none-eabi/10.3.1/../../../../arm-none-eabi/lib/thumb/v7e-m+fp/hard\libc_nano.a
END GROUP
START GROUP
LOAD c:/program files/stm32cubeide_1.12.1/st/stm32cubeide_1.12.1/stm32cubeide/plugins/com.st.stm32cube.ide.mcu.externaltools.gnu-tools-for-stm32.10.3-2021.10.win32_1.0.200.202301161003/tools/bin/../lib/gcc/arm-none-eabi/10.3.1/thumb/v7e-m+fp/hard\libgcc.a
LOAD c:/program files/stm32cubeide_1.12.1/st/stm32cubeide_1.12.1/stm32cubeide/plugins/com.st.stm32cube.ide.mcu.externaltools.gnu-tools-for-stm32.10.3-2021.10.win32_1.0.200.202301161003/tools/bin/../lib/gcc/arm-none-eabi/10.3.1/../../../../arm-none-eabi/lib/thumb/v7e-m+fp/hard\libc_nano.a
LOAD c:/program files/stm32cubeide_1.12.1/st/stm32cubeide_1.12.1/stm32cubeide/plugins/com.st.stm32cube.ide.mcu.externaltools.gnu-tools-for-stm32.10.3-2021.10.win32_1.0.200.202301161003/tools/bin/../lib/gcc/arm-none-eabi/10.3.1/../../../../arm-none-eabi/lib/thumb/v7e-m+fp/hard\libnosys.a
END GROUP
START GROUP
LOAD c:/program files/stm32cubeide_1.12.1/st/stm32cubeide_1.12.1/stm32cubeide/plugins/com.st.stm32cube.ide.mcu.externaltools.gnu-tools-for-stm32.10.3-2021.10.win32_1.0.200.202301161003/tools/bin/../lib/gcc/arm-none-eabi/10.3.1/thumb/v7e-m+fp/hard\libgcc.a
LOAD c:/program files/stm32cubeide_1.12.1/st/stm32cubeide_1.12.1/stm32cubeide/plugins/com.st.stm32cube.ide.mcu.externaltools.gnu-tools-for-stm32.10.3-2021.10.win32_1.0.200.202301161003/tools/bin/../lib/gcc/arm-none-eabi/10.3.1/../../../../arm-none-eabi/lib/thumb/v7e-m+fp/hard\libc_nano.a
LOAD c:/program files/stm32cubeide_1.12.1/st/stm32cubeide_1.12.1/stm32cubeide/plugins/com.st.stm32cube.ide.mcu.externaltools.gnu-tools-for-stm32.10.3-2021.10.win32_1.0.200.202301161003/tools/bin/../lib/gcc/arm-none-eabi/10.3.1/../../../../arm-none-eabi/lib/thumb/v7e-m+fp/hard\libnosys.a
END GROUP
LOAD c:/program files/stm32cubeide_1.12.1/st/stm32cubeide_1.12.1/stm32cubeide/plugins/com.st.stm32cube.ide.mcu.externaltools.gnu-tools-for-stm32.10.3-2021.10.win32_1.0.200.202301161003/tools/bin/../lib/gcc/arm-none-eabi/10.3.1/thumb/v7e-m+fp/hard/crtend.o
LOAD c:/program files/stm32cubeide_1.12.1/st/stm32cubeide_1.12.1/stm32cubeide/plugins/com.st.stm32cube.ide.mcu.externaltools.gnu-tools-for-stm32.10.3-2021.10.win32_1.0.200.202301161003/tools/bin/../lib/gcc/arm-none-eabi/10.3.1/thumb/v7e-m+fp/hard/crtn.o
                0x0000000020020000                _estack = (ORIGIN (RAM) + LENGTH (RAM))
                0x0000000000000200                _Min_Heap_Size = 0x200
                0x0000000000000400                _Min_Stack_Size = 0x400

.isr_vector     0x0000000008000000      0x1c4
                0x0000000008000000                . = ALIGN (0x4)
 *(.isr_vector)
 .isr_vector    0x0000000008000000      0x1c4 ./Core/Startup/startup_stm32f446retx.o
                0x0000000008000000                g_pfnVectors
                0x00000000080001c4                . = ALIGN (0x4)

.text           0x00000000080001d0     0x33e8
                0x00000000080001d0                . = ALIGN (0x4)
 *(.text)
 .text          0x00000000080001d0       0x40 c:/program files/stm32cubeide_1.12.1/st/stm32cubeide_1.12.1/stm32cubeide/plugins/com.st.stm32cube.ide.mcu.externaltools.gnu-tools-for-stm32.10.3-2021.10.win32_1.0.200.202301161003/tools/bin/../lib/gcc/arm-none-eabi/10.3.1/thumb/v7e-m+fp/hard/crtbegin.o
 .text          0x0000000008000210       0x80 ./Core/Src/tx_initialize_low_level.o
                0x0000000008000210                _tx_initialize_low_level
                0x0000000008000256                __tx_BadHandler
                0x000000000800025a                __tx_HardfaultHandler
                0x000000000800025e                __tx_SVCallHandler
                0x0000000008000262                __tx_IntHandler
                0x000000000800026a                __tx_SysTickHandler
                0x000000000800026a                SysTick_Handler
                0x0000000008000276                __tx_NMIHandler
                0x000000000800027a                __tx_DBGHandler
 .text          0x0000000008000290       0xc0 ./Middlewares/ST/threadx/ports/cortex_m4/gnu/src/tx_thread_schedule.o
                0x0000000008000290                _tx_thread_schedule
                0x00000000080002bc                PendSV_Handler
                0x00000000080002bc                __tx_PendSVHandler
                0x000000000800033e                tx_thread_fpu_disable
                0x000000000800033e                tx_thread_fpu_enable
 .text          0x0000000008000350       0x40 ./Middlewares/ST/threadx/ports/cortex_m4/gnu/src/tx_thread_stack_build.o
                0x0000000008000350                _tx_thread_stack_build
 .text          0x0000000008000390       0xb8 ./Middlewares/ST/threadx/ports/cortex_m4/gnu/src/tx_timer_interrupt.o
                0x0000000008000390                _tx_timer_interrupt
 *fill*         0x0000000008000448        0x8 
 .text          0x0000000008000450       0xa0 c:/program files/stm32cubeide_1.12.1/st/stm32cubeide_1.12.1/stm32cubeide/plugins/com.st.stm32cube.ide.mcu.externaltools.gnu-tools-for-stm32.10.3-2021.10.win32_1.0.200.202301161003/tools/bin/../lib/gcc/arm-none-eabi/10.3.1/../../../../arm-none-eabi/lib/thumb/v7e-m+fp/hard\libc_nano.a(lib_a-memchr.o)
                0x0000000008000450                memchr
 .text          0x00000000080004f0       0x30 c:/program files/stm32cubeide_1.12.1/st/stm32cubeide_1.12.1/stm32cubeide/plugins/com.st.stm32cube.ide.mcu.externaltools.gnu-tools-for-stm32.10.3-2021.10.win32_1.0.200.202301161003/tools/bin/../lib/gcc/arm-none-eabi/10.3.1/thumb/v7e-m+fp/hard\libgcc.a(_aeabi_uldivmod.o)
                0x00000000080004f0                __aeabi_uldivmod
 .text          0x0000000008000520      0x2d0 c:/program files/stm32cubeide_1.12.1/st/stm32cubeide_1.12.1/stm32cubeide/plugins/com.st.stm32cube.ide.mcu.externaltools.gnu-tools-for-stm32.10.3-2021.10.win32_1.0.200.202301161003/tools/bin/../lib/gcc/arm-none-eabi/10.3.1/thumb/v7e-m+fp/hard\libgcc.a(_udivmoddi4.o)
                0x0000000008000520                __udivmoddi4
 .text          0x00000000080007f0        0x4 c:/program files/stm32cubeide_1.12.1/st/stm32cubeide_1.12.1/stm32cubeide/plugins/com.st.stm32cube.ide.mcu.externaltools.gnu-tools-for-stm32.10.3-2021.10.win32_1.0.200.202301161003/tools/bin/../lib/gcc/arm-none-eabi/10.3.1/thumb/v7e-m+fp/hard\libgcc.a(_dvmd_tls.o)
                0x00000000080007f0                __aeabi_idiv0
                0x00000000080007f0                __aeabi_ldiv0
 *(.text*)
 .text.tx_application_define
                0x00000000080007f4       0x34 ./AZURE_RTOS/App/app_azure_rtos.o
                0x00000000080007f4                tx_application_define
 .text.my_Thread_entry_1
                0x0000000008000828       0x88 ./Core/Src/app_threadx.o
                0x0000000008000828                my_Thread_entry_1
 .text.App_ThreadX_Init
                0x00000000080008b0       0x44 ./Core/Src/app_threadx.o
                0x00000000080008b0                App_ThreadX_Init
 .text.MX_ThreadX_Init
                0x00000000080008f4       0x2c ./Core/Src/app_threadx.o
                0x00000000080008f4                MX_ThreadX_Init
 .text.Motion   0x0000000008000920       0x20 ./Core/Src/main.o
                0x0000000008000920                Motion
 .text.DiagnosticMotor
                0x0000000008000940       0x10 ./Core/Src/main.o
                0x0000000008000940                DiagnosticMotor
 .text.HAL_TIM_PeriodElapsedCallback
                0x0000000008000950       0x44 ./Core/Src/main.o
                0x0000000008000950                HAL_TIM_PeriodElapsedCallback
 .text.Error_Handler
                0x0000000008000994       0x2c ./Core/Src/main.o
                0x0000000008000994                Error_Handler
 .text.SystemClock_Config
                0x00000000080009c0       0xa0 ./Core/Src/main.o
                0x00000000080009c0                SystemClock_Config
 .text.startup.main
                0x0000000008000a60      0x19c ./Core/Src/main.o
                0x0000000008000a60                main
 .text.HAL_MspInit
                0x0000000008000bfc       0x38 ./Core/Src/stm32f4xx_hal_msp.o
                0x0000000008000bfc                HAL_MspInit
 .text.HAL_TIM_Base_MspInit
                0x0000000008000c34       0xa0 ./Core/Src/stm32f4xx_hal_msp.o
                0x0000000008000c34                HAL_TIM_Base_MspInit
 .text.HAL_UART_MspInit
                0x0000000008000cd4       0x6c ./Core/Src/stm32f4xx_hal_msp.o
                0x0000000008000cd4                HAL_UART_MspInit
 .text.HAL_InitTick
                0x0000000008000d40       0xa0 ./Core/Src/stm32f4xx_hal_timebase_tim.o
                0x0000000008000d40                HAL_InitTick
 .text.NMI_Handler
                0x0000000008000de0        0x2 ./Core/Src/stm32f4xx_it.o
                0x0000000008000de0                NMI_Handler
 .text.HardFault_Handler
                0x0000000008000de2        0x2 ./Core/Src/stm32f4xx_it.o
                0x0000000008000de2                HardFault_Handler
 .text.MemManage_Handler
                0x0000000008000de4        0x2 ./Core/Src/stm32f4xx_it.o
                0x0000000008000de4                MemManage_Handler
 .text.BusFault_Handler
                0x0000000008000de6        0x2 ./Core/Src/stm32f4xx_it.o
                0x0000000008000de6                BusFault_Handler
 .text.UsageFault_Handler
                0x0000000008000de8        0x2 ./Core/Src/stm32f4xx_it.o
                0x0000000008000de8                UsageFault_Handler
 .text.DebugMon_Handler
                0x0000000008000dea        0x2 ./Core/Src/stm32f4xx_it.o
                0x0000000008000dea                DebugMon_Handler
 .text.TIM1_UP_TIM10_IRQHandler
                0x0000000008000dec        0xc ./Core/Src/stm32f4xx_it.o
                0x0000000008000dec                TIM1_UP_TIM10_IRQHandler
 .text.TIM1_TRG_COM_TIM11_IRQHandler
                0x0000000008000df8        0xc ./Core/Src/stm32f4xx_it.o
                0x0000000008000df8                TIM1_TRG_COM_TIM11_IRQHandler
 .text.TIM6_DAC_IRQHandler
                0x0000000008000e04        0xc ./Core/Src/stm32f4xx_it.o
                0x0000000008000e04                TIM6_DAC_IRQHandler
 .text.TIM7_IRQHandler
                0x0000000008000e10        0xc ./Core/Src/stm32f4xx_it.o
                0x0000000008000e10                TIM7_IRQHandler
 .text._sbrk    0x0000000008000e1c       0x40 ./Core/Src/sysmem.o
                0x0000000008000e1c                _sbrk
 .text.SystemInit
                0x0000000008000e5c       0x14 ./Core/Src/system_stm32f4xx.o
                0x0000000008000e5c                SystemInit
 .text.Reset_Handler
                0x0000000008000e70       0x50 ./Core/Startup/startup_stm32f446retx.o
                0x0000000008000e70                Reset_Handler
 .text.Default_Handler
                0x0000000008000ec0        0x2 ./Core/Startup/startup_stm32f446retx.o
                0x0000000008000ec0                RTC_Alarm_IRQHandler
                0x0000000008000ec0                EXTI2_IRQHandler
                0x0000000008000ec0                TIM8_CC_IRQHandler
                0x0000000008000ec0                FMPI2C1_EV_IRQHandler
                0x0000000008000ec0                SPI4_IRQHandler
                0x0000000008000ec0                TIM1_CC_IRQHandler
                0x0000000008000ec0                DMA2_Stream5_IRQHandler
                0x0000000008000ec0                DMA1_Stream5_IRQHandler
                0x0000000008000ec0                PVD_IRQHandler
                0x0000000008000ec0                SDIO_IRQHandler
                0x0000000008000ec0                TAMP_STAMP_IRQHandler
                0x0000000008000ec0                CAN2_RX1_IRQHandler
                0x0000000008000ec0                EXTI3_IRQHandler
                0x0000000008000ec0                TIM8_TRG_COM_TIM14_IRQHandler
                0x0000000008000ec0                TIM8_UP_TIM13_IRQHandler
                0x0000000008000ec0                I2C3_ER_IRQHandler
                0x0000000008000ec0                EXTI0_IRQHandler
                0x0000000008000ec0                I2C2_EV_IRQHandler
                0x0000000008000ec0                DMA1_Stream2_IRQHandler
                0x0000000008000ec0                CAN1_RX0_IRQHandler
                0x0000000008000ec0                FPU_IRQHandler
                0x0000000008000ec0                OTG_HS_WKUP_IRQHandler
                0x0000000008000ec0                CAN2_SCE_IRQHandler
                0x0000000008000ec0                DMA2_Stream2_IRQHandler
                0x0000000008000ec0                SPI1_IRQHandler
                0x0000000008000ec0                TIM1_BRK_TIM9_IRQHandler
                0x0000000008000ec0                DCMI_IRQHandler
                0x0000000008000ec0                CAN2_RX0_IRQHandler
                0x0000000008000ec0                DMA2_Stream3_IRQHandler
                0x0000000008000ec0                SAI2_IRQHandler
                0x0000000008000ec0                USART6_IRQHandler
                0x0000000008000ec0                USART3_IRQHandler
                0x0000000008000ec0                CAN1_RX1_IRQHandler
                0x0000000008000ec0                UART5_IRQHandler
                0x0000000008000ec0                DMA2_Stream0_IRQHandler
                0x0000000008000ec0                TIM4_IRQHandler
                0x0000000008000ec0                QUADSPI_IRQHandler
                0x0000000008000ec0                I2C1_EV_IRQHandler
                0x0000000008000ec0                DMA1_Stream6_IRQHandler
                0x0000000008000ec0                DMA1_Stream1_IRQHandler
                0x0000000008000ec0                UART4_IRQHandler
                0x0000000008000ec0                TIM3_IRQHandler
                0x0000000008000ec0                RCC_IRQHandler
                0x0000000008000ec0                TIM8_BRK_TIM12_IRQHandler
                0x0000000008000ec0                Default_Handler
                0x0000000008000ec0                CEC_IRQHandler
                0x0000000008000ec0                EXTI15_10_IRQHandler
                0x0000000008000ec0                ADC_IRQHandler
                0x0000000008000ec0                DMA1_Stream7_IRQHandler
                0x0000000008000ec0                CAN2_TX_IRQHandler
                0x0000000008000ec0                TIM5_IRQHandler
                0x0000000008000ec0                DMA2_Stream7_IRQHandler
                0x0000000008000ec0                I2C3_EV_IRQHandler
                0x0000000008000ec0                EXTI9_5_IRQHandler
                0x0000000008000ec0                RTC_WKUP_IRQHandler
                0x0000000008000ec0                SPDIF_RX_IRQHandler
                0x0000000008000ec0                SPI2_IRQHandler
                0x0000000008000ec0                OTG_HS_EP1_IN_IRQHandler
                0x0000000008000ec0                DMA1_Stream0_IRQHandler
                0x0000000008000ec0                CAN1_TX_IRQHandler
                0x0000000008000ec0                SVC_Handler
                0x0000000008000ec0                FMPI2C1_ER_IRQHandler
                0x0000000008000ec0                EXTI4_IRQHandler
                0x0000000008000ec0                OTG_HS_EP1_OUT_IRQHandler
                0x0000000008000ec0                WWDG_IRQHandler
                0x0000000008000ec0                TIM2_IRQHandler
                0x0000000008000ec0                OTG_FS_WKUP_IRQHandler
                0x0000000008000ec0                OTG_HS_IRQHandler
                0x0000000008000ec0                EXTI1_IRQHandler
                0x0000000008000ec0                USART2_IRQHandler
                0x0000000008000ec0                I2C2_ER_IRQHandler
                0x0000000008000ec0                DMA2_Stream1_IRQHandler
                0x0000000008000ec0                CAN1_SCE_IRQHandler
                0x0000000008000ec0                FLASH_IRQHandler
                0x0000000008000ec0                DMA2_Stream4_IRQHandler
                0x0000000008000ec0                USART1_IRQHandler
                0x0000000008000ec0                OTG_FS_IRQHandler
                0x0000000008000ec0                SPI3_IRQHandler
                0x0000000008000ec0                DMA1_Stream4_IRQHandler
                0x0000000008000ec0                I2C1_ER_IRQHandler
                0x0000000008000ec0                FMC_IRQHandler
                0x0000000008000ec0                DMA2_Stream6_IRQHandler
                0x0000000008000ec0                SAI1_IRQHandler
                0x0000000008000ec0                DMA1_Stream3_IRQHandler
 *fill*         0x0000000008000ec2        0x2 
 .text.HAL_Init
                0x0000000008000ec4       0x34 ./Drivers/STM32F4xx_HAL_Driver/Src/stm32f4xx_hal.o
                0x0000000008000ec4                HAL_Init
 .text.HAL_IncTick
                0x0000000008000ef8       0x18 ./Drivers/STM32F4xx_HAL_Driver/Src/stm32f4xx_hal.o
                0x0000000008000ef8                HAL_IncTick
 .text.HAL_GetTick
                0x0000000008000f10        0xc ./Drivers/STM32F4xx_HAL_Driver/Src/stm32f4xx_hal.o
                0x0000000008000f10                HAL_GetTick
 .text.HAL_NVIC_SetPriorityGrouping
                0x0000000008000f1c       0x24 ./Drivers/STM32F4xx_HAL_Driver/Src/stm32f4xx_hal_cortex.o
                0x0000000008000f1c                HAL_NVIC_SetPriorityGrouping
 .text.HAL_NVIC_SetPriority
                0x0000000008000f40       0x64 ./Drivers/STM32F4xx_HAL_Driver/Src/stm32f4xx_hal_cortex.o
                0x0000000008000f40                HAL_NVIC_SetPriority
 .text.HAL_NVIC_EnableIRQ
                0x0000000008000fa4       0x1c ./Drivers/STM32F4xx_HAL_Driver/Src/stm32f4xx_hal_cortex.o
                0x0000000008000fa4                HAL_NVIC_EnableIRQ
 .text.HAL_GPIO_Init
                0x0000000008000fc0      0x1a8 ./Drivers/STM32F4xx_HAL_Driver/Src/stm32f4xx_hal_gpio.o
                0x0000000008000fc0                HAL_GPIO_Init
 .text.HAL_GPIO_WritePin
                0x0000000008001168        0xa ./Drivers/STM32F4xx_HAL_Driver/Src/stm32f4xx_hal_gpio.o
                0x0000000008001168                HAL_GPIO_WritePin
 *fill*         0x0000000008001172        0x2 
 .text.HAL_RCC_ClockConfig
                0x0000000008001174      0x138 ./Drivers/STM32F4xx_HAL_Driver/Src/stm32f4xx_hal_rcc.o
                0x0000000008001174                HAL_RCC_ClockConfig
 .text.HAL_RCC_GetPCLK1Freq
                0x00000000080012ac       0x20 ./Drivers/STM32F4xx_HAL_Driver/Src/stm32f4xx_hal_rcc.o
                0x00000000080012ac                HAL_RCC_GetPCLK1Freq
 .text.HAL_RCC_GetPCLK2Freq
                0x00000000080012cc       0x20 ./Drivers/STM32F4xx_HAL_Driver/Src/stm32f4xx_hal_rcc.o
                0x00000000080012cc                HAL_RCC_GetPCLK2Freq
 .text.HAL_RCC_GetClockConfig
                0x00000000080012ec       0x3c ./Drivers/STM32F4xx_HAL_Driver/Src/stm32f4xx_hal_rcc.o
                0x00000000080012ec                HAL_RCC_GetClockConfig
 .text.HAL_RCC_GetSysClockFreq
                0x0000000008001328       0x90 ./Drivers/STM32F4xx_HAL_Driver/Src/stm32f4xx_hal_rcc_ex.o
                0x0000000008001328                HAL_RCC_GetSysClockFreq
 .text.HAL_RCC_OscConfig
                0x00000000080013b8      0x390 ./Drivers/STM32F4xx_HAL_Driver/Src/stm32f4xx_hal_rcc_ex.o
                0x00000000080013b8                HAL_RCC_OscConfig
 .text.HAL_TIM_Base_Start_IT
                0x0000000008001748       0x74 ./Drivers/STM32F4xx_HAL_Driver/Src/stm32f4xx_hal_tim.o
                0x0000000008001748                HAL_TIM_Base_Start_IT
 .text.HAL_TIM_OC_DelayElapsedCallback
                0x00000000080017bc        0x2 ./Drivers/STM32F4xx_HAL_Driver/Src/stm32f4xx_hal_tim.o
                0x00000000080017bc                HAL_TIM_OC_DelayElapsedCallback
 .text.HAL_TIM_IC_CaptureCallback
                0x00000000080017be        0x2 ./Drivers/STM32F4xx_HAL_Driver/Src/stm32f4xx_hal_tim.o
                0x00000000080017be                HAL_TIM_IC_CaptureCallback
 .text.HAL_TIM_PWM_PulseFinishedCallback
                0x00000000080017c0        0x2 ./Drivers/STM32F4xx_HAL_Driver/Src/stm32f4xx_hal_tim.o
                0x00000000080017c0                HAL_TIM_PWM_PulseFinishedCallback
 .text.HAL_TIM_TriggerCallback
                0x00000000080017c2        0x2 ./Drivers/STM32F4xx_HAL_Driver/Src/stm32f4xx_hal_tim.o
                0x00000000080017c2                HAL_TIM_TriggerCallback
 .text.HAL_TIM_IRQHandler
                0x00000000080017c4      0x144 ./Drivers/STM32F4xx_HAL_Driver/Src/stm32f4xx_hal_tim.o
                0x00000000080017c4                HAL_TIM_IRQHandler
 .text.TIM_Base_SetConfig
                0x0000000008001908       0xcc ./Drivers/STM32F4xx_HAL_Driver/Src/stm32f4xx_hal_tim.o
                0x0000000008001908                TIM_Base_SetConfig
 .text.HAL_TIM_Base_Init
                0x00000000080019d4       0x58 ./Drivers/STM32F4xx_HAL_Driver/Src/stm32f4xx_hal_tim.o
                0x00000000080019d4                HAL_TIM_Base_Init
 .text.HAL_TIMEx_MasterConfigSynchronization
                0x0000000008001a2c       0x7c ./Drivers/STM32F4xx_HAL_Driver/Src/stm32f4xx_hal_tim_ex.o
                0x0000000008001a2c                HAL_TIMEx_MasterConfigSynchronization
 .text.HAL_TIMEx_CommutCallback
                0x0000000008001aa8        0x2 ./Drivers/STM32F4xx_HAL_Driver/Src/stm32f4xx_hal_tim_ex.o
                0x0000000008001aa8                HAL_TIMEx_CommutCallback
 .text.HAL_TIMEx_BreakCallback
                0x0000000008001aaa        0x2 ./Drivers/STM32F4xx_HAL_Driver/Src/stm32f4xx_hal_tim_ex.o
                0x0000000008001aaa                HAL_TIMEx_BreakCallback
 .text.UART_SetConfig
                0x0000000008001aac       0xbc ./Drivers/STM32F4xx_HAL_Driver/Src/stm32f4xx_hal_uart.o
 .text.UART_WaitOnFlagUntilTimeout.constprop.0
                0x0000000008001b68       0x6c ./Drivers/STM32F4xx_HAL_Driver/Src/stm32f4xx_hal_uart.o
 .text.HAL_UART_Init
                0x0000000008001bd4       0x5c ./Drivers/STM32F4xx_HAL_Driver/Src/stm32f4xx_hal_uart.o
                0x0000000008001bd4                HAL_UART_Init
 .text.HAL_UART_Transmit
                0x0000000008001c30       0xaa ./Drivers/STM32F4xx_HAL_Driver/Src/stm32f4xx_hal_uart.o
                0x0000000008001c30                HAL_UART_Transmit
 *fill*         0x0000000008001cda        0x2 
 .text._tx_byte_pool_create
                0x0000000008001cdc      0x14c ./Middlewares/ST/threadx/common/src/tx_byte_pool_create.o
                0x0000000008001cdc                _tx_byte_pool_create
 .text._tx_initialize_high_level
                0x0000000008001e28       0x74 ./Middlewares/ST/threadx/common/src/tx_initialize_high_level.o
                0x0000000008001e28                _tx_initialize_high_level
 .text._tx_initialize_kernel_enter
                0x0000000008001e9c       0x48 ./Middlewares/ST/threadx/common/src/tx_initialize_kernel_enter.o
                0x0000000008001e9c                _tx_initialize_kernel_enter
 .text._tx_thread_create
                0x0000000008001ee4      0x1d4 ./Middlewares/ST/threadx/common/src/tx_thread_create.o
                0x0000000008001ee4                _tx_thread_create
 .text._tx_thread_initialize
                0x00000000080020b8       0x68 ./Middlewares/ST/threadx/common/src/tx_thread_initialize.o
                0x00000000080020b8                _tx_thread_initialize
 .text._tx_thread_shell_entry
                0x0000000008002120       0x54 ./Middlewares/ST/threadx/common/src/tx_thread_shell_entry.o
                0x0000000008002120                _tx_thread_shell_entry
 .text._tx_thread_system_preempt_check
                0x0000000008002174       0x3c ./Middlewares/ST/threadx/common/src/tx_thread_system_preempt_check.o
                0x0000000008002174                _tx_thread_system_preempt_check
 .text._tx_thread_system_resume
                0x00000000080021b0      0x1b8 ./Middlewares/ST/threadx/common/src/tx_thread_system_resume.o
                0x00000000080021b0                _tx_thread_system_resume
 .text._tx_thread_system_suspend
                0x0000000008002368      0x1c0 ./Middlewares/ST/threadx/common/src/tx_thread_system_suspend.o
                0x0000000008002368                _tx_thread_system_suspend
 .text._tx_thread_time_slice
                0x0000000008002528      0x114 ./Middlewares/ST/threadx/common/src/tx_thread_time_slice.o
                0x0000000008002528                _tx_thread_time_slice
 .text._tx_thread_timeout
                0x000000000800263c       0x40 ./Middlewares/ST/threadx/common/src/tx_thread_timeout.o
                0x000000000800263c                _tx_thread_timeout
 .text._tx_timer_expiration_process
                0x000000000800267c       0x20 ./Middlewares/ST/threadx/common/src/tx_timer_expiration_process.o
                0x000000000800267c                _tx_timer_expiration_process
 .text._tx_timer_initialize
                0x000000000800269c       0xd4 ./Middlewares/ST/threadx/common/src/tx_timer_initialize.o
                0x000000000800269c                _tx_timer_initialize
 .text._tx_timer_system_activate
                0x0000000008002770       0x50 ./Middlewares/ST/threadx/common/src/tx_timer_system_activate.o
                0x0000000008002770                _tx_timer_system_activate
 .text._tx_timer_system_deactivate
                0x00000000080027c0       0x2a ./Middlewares/ST/threadx/common/src/tx_timer_system_deactivate.o
                0x00000000080027c0                _tx_timer_system_deactivate
 *fill*         0x00000000080027ea        0x2 
 .text._tx_timer_thread_entry
                0x00000000080027ec      0x120 ./Middlewares/ST/threadx/common/src/tx_timer_thread_entry.o
                0x00000000080027ec                _tx_timer_thread_entry
 .text._tx_trace_initialize
                0x000000000800290c       0x34 ./Middlewares/ST/threadx/common/src/tx_trace_initialize.o
                0x000000000800290c                _tx_trace_initialize
 .text._tx_trace_object_register
                0x0000000008002940       0xfc ./Middlewares/ST/threadx/common/src/tx_trace_object_register.o
                0x0000000008002940                _tx_trace_object_register
 .text._txe_byte_pool_create
                0x0000000008002a3c       0xc4 ./Middlewares/ST/threadx/common/src/txe_byte_pool_create.o
                0x0000000008002a3c                _txe_byte_pool_create
 .text._txe_thread_create
                0x0000000008002b00      0x150 ./Middlewares/ST/threadx/common/src/txe_thread_create.o
                0x0000000008002b00                _txe_thread_create
 .text.__errno  0x0000000008002c50        0xc c:/program files/stm32cubeide_1.12.1/st/stm32cubeide_1.12.1/stm32cubeide/plugins/com.st.stm32cube.ide.mcu.externaltools.gnu-tools-for-stm32.10.3-2021.10.win32_1.0.200.202301161003/tools/bin/../lib/gcc/arm-none-eabi/10.3.1/../../../../arm-none-eabi/lib/thumb/v7e-m+fp/hard\libc_nano.a(lib_a-errno.o)
                0x0000000008002c50                __errno
 .text.__libc_init_array
                0x0000000008002c5c       0x48 c:/program files/stm32cubeide_1.12.1/st/stm32cubeide_1.12.1/stm32cubeide/plugins/com.st.stm32cube.ide.mcu.externaltools.gnu-tools-for-stm32.10.3-2021.10.win32_1.0.200.202301161003/tools/bin/../lib/gcc/arm-none-eabi/10.3.1/../../../../arm-none-eabi/lib/thumb/v7e-m+fp/hard\libc_nano.a(lib_a-init.o)
                0x0000000008002c5c                __libc_init_array
 .text.memset   0x0000000008002ca4       0x10 c:/program files/stm32cubeide_1.12.1/st/stm32cubeide_1.12.1/stm32cubeide/plugins/com.st.stm32cube.ide.mcu.externaltools.gnu-tools-for-stm32.10.3-2021.10.win32_1.0.200.202301161003/tools/bin/../lib/gcc/arm-none-eabi/10.3.1/../../../../arm-none-eabi/lib/thumb/v7e-m+fp/hard\libc_nano.a(lib_a-memset.o)
                0x0000000008002ca4                memset
 .text.sprintf  0x0000000008002cb4       0x40 c:/program files/stm32cubeide_1.12.1/st/stm32cubeide_1.12.1/stm32cubeide/plugins/com.st.stm32cube.ide.mcu.externaltools.gnu-tools-for-stm32.10.3-2021.10.win32_1.0.200.202301161003/tools/bin/../lib/gcc/arm-none-eabi/10.3.1/../../../../arm-none-eabi/lib/thumb/v7e-m+fp/hard\libc_nano.a(lib_a-sprintf.o)
                0x0000000008002cb4                siprintf
                0x0000000008002cb4                sprintf
 .text.strcpy   0x0000000008002cf4       0x10 c:/program files/stm32cubeide_1.12.1/st/stm32cubeide_1.12.1/stm32cubeide/plugins/com.st.stm32cube.ide.mcu.externaltools.gnu-tools-for-stm32.10.3-2021.10.win32_1.0.200.202301161003/tools/bin/../lib/gcc/arm-none-eabi/10.3.1/../../../../arm-none-eabi/lib/thumb/v7e-m+fp/hard\libc_nano.a(lib_a-strcpy.o)
                0x0000000008002cf4                strcpy
 .text.__ssputs_r
                0x0000000008002d04       0xb6 c:/program files/stm32cubeide_1.12.1/st/stm32cubeide_1.12.1/stm32cubeide/plugins/com.st.stm32cube.ide.mcu.externaltools.gnu-tools-for-stm32.10.3-2021.10.win32_1.0.200.202301161003/tools/bin/../lib/gcc/arm-none-eabi/10.3.1/../../../../arm-none-eabi/lib/thumb/v7e-m+fp/hard\libc_nano.a(lib_a-nano-svfprintf.o)
                0x0000000008002d04                __ssputs_r
 *fill*         0x0000000008002dba        0x2 
 .text._svfprintf_r
                0x0000000008002dbc      0x200 c:/program files/stm32cubeide_1.12.1/st/stm32cubeide_1.12.1/stm32cubeide/plugins/com.st.stm32cube.ide.mcu.externaltools.gnu-tools-for-stm32.10.3-2021.10.win32_1.0.200.202301161003/tools/bin/../lib/gcc/arm-none-eabi/10.3.1/../../../../arm-none-eabi/lib/thumb/v7e-m+fp/hard\libc_nano.a(lib_a-nano-svfprintf.o)
                0x0000000008002dbc                _svfiprintf_r
                0x0000000008002dbc                _svfprintf_r
 .text._printf_common
                0x0000000008002fbc       0xda c:/program files/stm32cubeide_1.12.1/st/stm32cubeide_1.12.1/stm32cubeide/plugins/com.st.stm32cube.ide.mcu.externaltools.gnu-tools-for-stm32.10.3-2021.10.win32_1.0.200.202301161003/tools/bin/../lib/gcc/arm-none-eabi/10.3.1/../../../../arm-none-eabi/lib/thumb/v7e-m+fp/hard\libc_nano.a(lib_a-nano-vfprintf_i.o)
                0x0000000008002fbc                _printf_common
 *fill*         0x0000000008003096        0x2 
 .text._printf_i
                0x0000000008003098      0x24c c:/program files/stm32cubeide_1.12.1/st/stm32cubeide_1.12.1/stm32cubeide/plugins/com.st.stm32cube.ide.mcu.externaltools.gnu-tools-for-stm32.10.3-2021.10.win32_1.0.200.202301161003/tools/bin/../lib/gcc/arm-none-eabi/10.3.1/../../../../arm-none-eabi/lib/thumb/v7e-m+fp/hard\libc_nano.a(lib_a-nano-vfprintf_i.o)
                0x0000000008003098                _printf_i
 .text.memcpy   0x00000000080032e4       0x1c c:/program files/stm32cubeide_1.12.1/st/stm32cubeide_1.12.1/stm32cubeide/plugins/com.st.stm32cube.ide.mcu.externaltools.gnu-tools-for-stm32.10.3-2021.10.win32_1.0.200.202301161003/tools/bin/../lib/gcc/arm-none-eabi/10.3.1/../../../../arm-none-eabi/lib/thumb/v7e-m+fp/hard\libc_nano.a(lib_a-memcpy-stub.o)
                0x00000000080032e4                memcpy
 .text.memmove  0x0000000008003300       0x34 c:/program files/stm32cubeide_1.12.1/st/stm32cubeide_1.12.1/stm32cubeide/plugins/com.st.stm32cube.ide.mcu.externaltools.gnu-tools-for-stm32.10.3-2021.10.win32_1.0.200.202301161003/tools/bin/../lib/gcc/arm-none-eabi/10.3.1/../../../../arm-none-eabi/lib/thumb/v7e-m+fp/hard\libc_nano.a(lib_a-memmove.o)
                0x0000000008003300                memmove
 .text._free_r  0x0000000008003334       0x98 c:/program files/stm32cubeide_1.12.1/st/stm32cubeide_1.12.1/stm32cubeide/plugins/com.st.stm32cube.ide.mcu.externaltools.gnu-tools-for-stm32.10.3-2021.10.win32_1.0.200.202301161003/tools/bin/../lib/gcc/arm-none-eabi/10.3.1/../../../../arm-none-eabi/lib/thumb/v7e-m+fp/hard\libc_nano.a(lib_a-nano-freer.o)
                0x0000000008003334                _free_r
 .text.sbrk_aligned
                0x00000000080033cc       0x40 c:/program files/stm32cubeide_1.12.1/st/stm32cubeide_1.12.1/stm32cubeide/plugins/com.st.stm32cube.ide.mcu.externaltools.gnu-tools-for-stm32.10.3-2021.10.win32_1.0.200.202301161003/tools/bin/../lib/gcc/arm-none-eabi/10.3.1/../../../../arm-none-eabi/lib/thumb/v7e-m+fp/hard\libc_nano.a(lib_a-nano-mallocr.o)
 .text._malloc_r
                0x000000000800340c       0xe8 c:/program files/stm32cubeide_1.12.1/st/stm32cubeide_1.12.1/stm32cubeide/plugins/com.st.stm32cube.ide.mcu.externaltools.gnu-tools-for-stm32.10.3-2021.10.win32_1.0.200.202301161003/tools/bin/../lib/gcc/arm-none-eabi/10.3.1/../../../../arm-none-eabi/lib/thumb/v7e-m+fp/hard\libc_nano.a(lib_a-nano-mallocr.o)
                0x000000000800340c                _malloc_r
 .text._realloc_r
                0x00000000080034f4       0x5e c:/program files/stm32cubeide_1.12.1/st/stm32cubeide_1.12.1/stm32cubeide/plugins/com.st.stm32cube.ide.mcu.externaltools.gnu-tools-for-stm32.10.3-2021.10.win32_1.0.200.202301161003/tools/bin/../lib/gcc/arm-none-eabi/10.3.1/../../../../arm-none-eabi/lib/thumb/v7e-m+fp/hard\libc_nano.a(lib_a-nano-reallocr.o)
                0x00000000080034f4                _realloc_r
 *fill*         0x0000000008003552        0x2 
 .text._sbrk_r  0x0000000008003554       0x20 c:/program files/stm32cubeide_1.12.1/st/stm32cubeide_1.12.1/stm32cubeide/plugins/com.st.stm32cube.ide.mcu.externaltools.gnu-tools-for-stm32.10.3-2021.10.win32_1.0.200.202301161003/tools/bin/../lib/gcc/arm-none-eabi/10.3.1/../../../../arm-none-eabi/lib/thumb/v7e-m+fp/hard\libc_nano.a(lib_a-sbrkr.o)
                0x0000000008003554                _sbrk_r
 .text.__malloc_lock
                0x0000000008003574        0xc c:/program files/stm32cubeide_1.12.1/st/stm32cubeide_1.12.1/stm32cubeide/plugins/com.st.stm32cube.ide.mcu.externaltools.gnu-tools-for-stm32.10.3-2021.10.win32_1.0.200.202301161003/tools/bin/../lib/gcc/arm-none-eabi/10.3.1/../../../../arm-none-eabi/lib/thumb/v7e-m+fp/hard\libc_nano.a(lib_a-mlock.o)
                0x0000000008003574                __malloc_lock
 .text.__malloc_unlock
                0x0000000008003580        0xc c:/program files/stm32cubeide_1.12.1/st/stm32cubeide_1.12.1/stm32cubeide/plugins/com.st.stm32cube.ide.mcu.externaltools.gnu-tools-for-stm32.10.3-2021.10.win32_1.0.200.202301161003/tools/bin/../lib/gcc/arm-none-eabi/10.3.1/../../../../arm-none-eabi/lib/thumb/v7e-m+fp/hard\libc_nano.a(lib_a-mlock.o)
                0x0000000008003580                __malloc_unlock
 .text._malloc_usable_size_r
                0x000000000800358c       0x10 c:/program files/stm32cubeide_1.12.1/st/stm32cubeide_1.12.1/stm32cubeide/plugins/com.st.stm32cube.ide.mcu.externaltools.gnu-tools-for-stm32.10.3-2021.10.win32_1.0.200.202301161003/tools/bin/../lib/gcc/arm-none-eabi/10.3.1/../../../../arm-none-eabi/lib/thumb/v7e-m+fp/hard\libc_nano.a(lib_a-nano-msizer.o)
                0x000000000800358c                _malloc_usable_size_r
 .text.__retarget_lock_acquire_recursive
                0x000000000800359c        0x2 c:/program files/stm32cubeide_1.12.1/st/stm32cubeide_1.12.1/stm32cubeide/plugins/com.st.stm32cube.ide.mcu.externaltools.gnu-tools-for-stm32.10.3-2021.10.win32_1.0.200.202301161003/tools/bin/../lib/gcc/arm-none-eabi/10.3.1/../../../../arm-none-eabi/lib/thumb/v7e-m+fp/hard\libc_nano.a(lib_a-lock.o)
                0x000000000800359c                __retarget_lock_acquire_recursive
 .text.__retarget_lock_release_recursive
                0x000000000800359e        0x2 c:/program files/stm32cubeide_1.12.1/st/stm32cubeide_1.12.1/stm32cubeide/plugins/com.st.stm32cube.ide.mcu.externaltools.gnu-tools-for-stm32.10.3-2021.10.win32_1.0.200.202301161003/tools/bin/../lib/gcc/arm-none-eabi/10.3.1/../../../../arm-none-eabi/lib/thumb/v7e-m+fp/hard\libc_nano.a(lib_a-lock.o)
                0x000000000800359e                __retarget_lock_release_recursive
 *(.glue_7)
 .glue_7        0x00000000080035a0        0x0 linker stubs
 *(.glue_7t)
 .glue_7t       0x00000000080035a0        0x0 linker stubs
 *(.eh_frame)
 .eh_frame      0x00000000080035a0        0x0 c:/program files/stm32cubeide_1.12.1/st/stm32cubeide_1.12.1/stm32cubeide/plugins/com.st.stm32cube.ide.mcu.externaltools.gnu-tools-for-stm32.10.3-2021.10.win32_1.0.200.202301161003/tools/bin/../lib/gcc/arm-none-eabi/10.3.1/thumb/v7e-m+fp/hard/crtbegin.o
 *(.init)
 .init          0x00000000080035a0        0x4 c:/program files/stm32cubeide_1.12.1/st/stm32cubeide_1.12.1/stm32cubeide/plugins/com.st.stm32cube.ide.mcu.externaltools.gnu-tools-for-stm32.10.3-2021.10.win32_1.0.200.202301161003/tools/bin/../lib/gcc/arm-none-eabi/10.3.1/thumb/v7e-m+fp/hard/crti.o
                0x00000000080035a0                _init
 .init          0x00000000080035a4        0x8 c:/program files/stm32cubeide_1.12.1/st/stm32cubeide_1.12.1/stm32cubeide/plugins/com.st.stm32cube.ide.mcu.externaltools.gnu-tools-for-stm32.10.3-2021.10.win32_1.0.200.202301161003/tools/bin/../lib/gcc/arm-none-eabi/10.3.1/thumb/v7e-m+fp/hard/crtn.o
 *(.fini)
 .fini          0x00000000080035ac        0x4 c:/program files/stm32cubeide_1.12.1/st/stm32cubeide_1.12.1/stm32cubeide/plugins/com.st.stm32cube.ide.mcu.externaltools.gnu-tools-for-stm32.10.3-2021.10.win32_1.0.200.202301161003/tools/bin/../lib/gcc/arm-none-eabi/10.3.1/thumb/v7e-m+fp/hard/crti.o
                0x00000000080035ac                _fini
 .fini          0x00000000080035b0        0x8 c:/program files/stm32cubeide_1.12.1/st/stm32cubeide_1.12.1/stm32cubeide/plugins/com.st.stm32cube.ide.mcu.externaltools.gnu-tools-for-stm32.10.3-2021.10.win32_1.0.200.202301161003/tools/bin/../lib/gcc/arm-none-eabi/10.3.1/thumb/v7e-m+fp/hard/crtn.o
                0x00000000080035b8                . = ALIGN (0x4)
                0x00000000080035b8                _etext = .

.vfp11_veneer   0x00000000080035b8        0x0
 .vfp11_veneer  0x00000000080035b8        0x0 linker stubs

.v4_bx          0x00000000080035b8        0x0
 .v4_bx         0x00000000080035b8        0x0 linker stubs

.iplt           0x00000000080035b8        0x0
 .iplt          0x00000000080035b8        0x0 c:/program files/stm32cubeide_1.12.1/st/stm32cubeide_1.12.1/stm32cubeide/plugins/com.st.stm32cube.ide.mcu.externaltools.gnu-tools-for-stm32.10.3-2021.10.win32_1.0.200.202301161003/tools/bin/../lib/gcc/arm-none-eabi/10.3.1/thumb/v7e-m+fp/hard/crtbegin.o

.rodata         0x00000000080035b8       0xd8
                0x00000000080035b8                . = ALIGN (0x4)
 *(.rodata)
 *(.rodata*)
 .rodata.tx_application_define.str1.1
                0x00000000080035b8       0x13 ./AZURE_RTOS/App/app_azure_rtos.o
 .rodata.my_Thread_entry_1.str1.1
                0x00000000080035cb       0x12 ./Core/Src/app_threadx.o
 .rodata.App_ThreadX_Init.str1.1
                0x00000000080035dd        0xf ./Core/Src/app_threadx.o
 .rodata.MX_ThreadX_Init.str1.1
                0x00000000080035ec        0xd ./Core/Src/app_threadx.o
 .rodata.Error_Handler.str1.1
                0x00000000080035f9       0x13 ./Core/Src/main.o
 .rodata.main.str1.1
                0x000000000800360c       0x22 ./Core/Src/main.o
 .rodata.AHBPrescTable
                0x000000000800362e       0x10 ./Core/Src/system_stm32f4xx.o
                0x000000000800362e                AHBPrescTable
 .rodata.APBPrescTable
                0x000000000800363e        0x8 ./Core/Src/system_stm32f4xx.o
                0x000000000800363e                APBPrescTable
 .rodata._tx_timer_initialize.str1.1
                0x0000000008003646       0x14 ./Middlewares/ST/threadx/common/src/tx_timer_initialize.o
 .rodata._svfprintf_r.str1.1
                0x000000000800365a       0x11 c:/program files/stm32cubeide_1.12.1/st/stm32cubeide_1.12.1/stm32cubeide/plugins/com.st.stm32cube.ide.mcu.externaltools.gnu-tools-for-stm32.10.3-2021.10.win32_1.0.200.202301161003/tools/bin/../lib/gcc/arm-none-eabi/10.3.1/../../../../arm-none-eabi/lib/thumb/v7e-m+fp/hard\libc_nano.a(lib_a-nano-svfprintf.o)
 .rodata._printf_i.str1.1
                0x000000000800366b       0x22 c:/program files/stm32cubeide_1.12.1/st/stm32cubeide_1.12.1/stm32cubeide/plugins/com.st.stm32cube.ide.mcu.externaltools.gnu-tools-for-stm32.10.3-2021.10.win32_1.0.200.202301161003/tools/bin/../lib/gcc/arm-none-eabi/10.3.1/../../../../arm-none-eabi/lib/thumb/v7e-m+fp/hard\libc_nano.a(lib_a-nano-vfprintf_i.o)
                0x0000000008003690                . = ALIGN (0x4)
 *fill*         0x000000000800368d        0x3 

.ARM.extab      0x0000000008003690        0x0
                0x0000000008003690                . = ALIGN (0x4)
 *(.ARM.extab* .gnu.linkonce.armextab.*)
                0x0000000008003690                . = ALIGN (0x4)

.ARM            0x0000000008003690        0x8
                0x0000000008003690                . = ALIGN (0x4)
                0x0000000008003690                __exidx_start = .
 *(.ARM.exidx*)
 .ARM.exidx     0x0000000008003690        0x8 c:/program files/stm32cubeide_1.12.1/st/stm32cubeide_1.12.1/stm32cubeide/plugins/com.st.stm32cube.ide.mcu.externaltools.gnu-tools-for-stm32.10.3-2021.10.win32_1.0.200.202301161003/tools/bin/../lib/gcc/arm-none-eabi/10.3.1/thumb/v7e-m+fp/hard\libgcc.a(_udivmoddi4.o)
                0x0000000008003698                __exidx_end = .
                0x0000000008003698                . = ALIGN (0x4)

.rel.dyn        0x0000000008003698        0x0
 .rel.iplt      0x0000000008003698        0x0 c:/program files/stm32cubeide_1.12.1/st/stm32cubeide_1.12.1/stm32cubeide/plugins/com.st.stm32cube.ide.mcu.externaltools.gnu-tools-for-stm32.10.3-2021.10.win32_1.0.200.202301161003/tools/bin/../lib/gcc/arm-none-eabi/10.3.1/thumb/v7e-m+fp/hard/crtbegin.o

.preinit_array  0x0000000008003698        0x0
                0x0000000008003698                . = ALIGN (0x4)
                0x0000000008003698                PROVIDE (__preinit_array_start = .)
 *(.preinit_array*)
                0x0000000008003698                PROVIDE (__preinit_array_end = .)
                0x0000000008003698                . = ALIGN (0x4)

.init_array     0x0000000008003698        0x4
                0x0000000008003698                . = ALIGN (0x4)
                0x0000000008003698                PROVIDE (__init_array_start = .)
 *(SORT_BY_NAME(.init_array.*))
 *(.init_array*)
 .init_array    0x0000000008003698        0x4 c:/program files/stm32cubeide_1.12.1/st/stm32cubeide_1.12.1/stm32cubeide/plugins/com.st.stm32cube.ide.mcu.externaltools.gnu-tools-for-stm32.10.3-2021.10.win32_1.0.200.202301161003/tools/bin/../lib/gcc/arm-none-eabi/10.3.1/thumb/v7e-m+fp/hard/crtbegin.o
                0x000000000800369c                PROVIDE (__init_array_end = .)
                0x000000000800369c                . = ALIGN (0x4)

.fini_array     0x000000000800369c        0x4
                0x000000000800369c                . = ALIGN (0x4)
                [!provide]                        PROVIDE (__fini_array_start = .)
 *(SORT_BY_NAME(.fini_array.*))
 *(.fini_array*)
 .fini_array    0x000000000800369c        0x4 c:/program files/stm32cubeide_1.12.1/st/stm32cubeide_1.12.1/stm32cubeide/plugins/com.st.stm32cube.ide.mcu.externaltools.gnu-tools-for-stm32.10.3-2021.10.win32_1.0.200.202301161003/tools/bin/../lib/gcc/arm-none-eabi/10.3.1/thumb/v7e-m+fp/hard/crtbegin.o
                [!provide]                        PROVIDE (__fini_array_end = .)
                0x00000000080036a0                . = ALIGN (0x4)
                0x00000000080036a0                _sidata = LOADADDR (.data)

.data           0x0000000020000000       0x78 load address 0x00000000080036a0
                0x0000000020000000                . = ALIGN (0x4)
                0x0000000020000000                _sdata = .
 *(.data)
 *(.data*)
 .data.ThransholdSerialTX
                0x0000000020000000        0x4 ./Core/Src/app_threadx.o
                0x0000000020000000                ThransholdSerialTX
 .data.SystemCoreClock
                0x0000000020000004        0x4 ./Core/Src/system_stm32f4xx.o
                0x0000000020000004                SystemCoreClock
 .data.uwTickFreq
                0x0000000020000008        0x1 ./Drivers/STM32F4xx_HAL_Driver/Src/stm32f4xx_hal.o
                0x0000000020000008                uwTickFreq
 *fill*         0x0000000020000009        0x3 
 .data.uwTickPrio
                0x000000002000000c        0x4 ./Drivers/STM32F4xx_HAL_Driver/Src/stm32f4xx_hal.o
                0x000000002000000c                uwTickPrio
 .data._tx_thread_system_state
                0x0000000020000010        0x4 ./Middlewares/ST/threadx/common/src/tx_thread_initialize.o
                0x0000000020000010                _tx_thread_system_state
 .data._impure_ptr
                0x0000000020000014        0x4 c:/program files/stm32cubeide_1.12.1/st/stm32cubeide_1.12.1/stm32cubeide/plugins/com.st.stm32cube.ide.mcu.externaltools.gnu-tools-for-stm32.10.3-2021.10.win32_1.0.200.202301161003/tools/bin/../lib/gcc/arm-none-eabi/10.3.1/../../../../arm-none-eabi/lib/thumb/v7e-m+fp/hard\libc_nano.a(lib_a-impure.o)
                0x0000000020000014                _impure_ptr
 .data.impure_data
                0x0000000020000018       0x60 c:/program files/stm32cubeide_1.12.1/st/stm32cubeide_1.12.1/stm32cubeide/plugins/com.st.stm32cube.ide.mcu.externaltools.gnu-tools-for-stm32.10.3-2021.10.win32_1.0.200.202301161003/tools/bin/../lib/gcc/arm-none-eabi/10.3.1/../../../../arm-none-eabi/lib/thumb/v7e-m+fp/hard\libc_nano.a(lib_a-impure.o)
 *(.RamFunc)
 *(.RamFunc*)
                0x0000000020000078                . = ALIGN (0x4)
                0x0000000020000078                _edata = .

.igot.plt       0x0000000020000078        0x0 load address 0x0000000008003718
 .igot.plt      0x0000000020000078        0x0 c:/program files/stm32cubeide_1.12.1/st/stm32cubeide_1.12.1/stm32cubeide/plugins/com.st.stm32cube.ide.mcu.externaltools.gnu-tools-for-stm32.10.3-2021.10.win32_1.0.200.202301161003/tools/bin/../lib/gcc/arm-none-eabi/10.3.1/thumb/v7e-m+fp/hard/crtbegin.o
                0x0000000020000078                . = ALIGN (0x4)

.bss            0x0000000020000078     0x1194 load address 0x0000000008003718
                0x0000000020000078                _sbss = .
                0x0000000020000078                __bss_start__ = _sbss
 *(.bss)
 .bss           0x0000000020000078       0x1c c:/program files/stm32cubeide_1.12.1/st/stm32cubeide_1.12.1/stm32cubeide/plugins/com.st.stm32cube.ide.mcu.externaltools.gnu-tools-for-stm32.10.3-2021.10.win32_1.0.200.202301161003/tools/bin/../lib/gcc/arm-none-eabi/10.3.1/thumb/v7e-m+fp/hard/crtbegin.o
 *(.bss*)
 .bss.tx_app_byte_pool
                0x0000000020000094       0x34 ./AZURE_RTOS/App/app_azure_rtos.o
 .bss.tx_byte_pool_buffer
                0x00000000200000c8      0x400 ./AZURE_RTOS/App/app_azure_rtos.o
 .bss.CR        0x00000000200004c8        0x4 ./Core/Src/app_threadx.o
                0x00000000200004c8                CR
 .bss.Counter   0x00000000200004cc        0x4 ./Core/Src/app_threadx.o
                0x00000000200004cc                Counter
 .bss.CounterDiag
                0x00000000200004d0        0x4 ./Core/Src/app_threadx.o
                0x00000000200004d0                CounterDiag
 .bss.CouterSerial
                0x00000000200004d4        0x4 ./Core/Src/app_threadx.o
                0x00000000200004d4                CouterSerial
 .bss.HEADER2   0x00000000200004d8        0xe ./Core/Src/app_threadx.o
                0x00000000200004d8                HEADER2
 .bss.MSG       0x00000000200004e6       0x56 ./Core/Src/app_threadx.o
                0x00000000200004e6                MSG
 .bss.SerialTX  0x000000002000053c        0x4 ./Core/Src/app_threadx.o
                0x000000002000053c                SerialTX
 .bss.thread_ptr1
                0x0000000020000540       0xb0 ./Core/Src/app_threadx.o
                0x0000000020000540                thread_ptr1
 .bss.thread_stack1
                0x00000000200005f0      0x400 ./Core/Src/app_threadx.o
                0x00000000200005f0                thread_stack1
 .bss.HEADER1   0x00000000200009f0       0x23 ./Core/Src/main.o
                0x00000000200009f0                HEADER1
 .bss.HEADER4   0x0000000020000a13       0x10 ./Core/Src/main.o
                0x0000000020000a13                HEADER4
 .bss.TickSerial
                0x0000000020000a23        0x1 ./Core/Src/main.o
                0x0000000020000a23                TickSerial
 .bss.htim10    0x0000000020000a24       0x48 ./Core/Src/main.o
                0x0000000020000a24                htim10
 .bss.htim11    0x0000000020000a6c       0x48 ./Core/Src/main.o
                0x0000000020000a6c                htim11
 .bss.htim7     0x0000000020000ab4       0x48 ./Core/Src/main.o
                0x0000000020000ab4                htim7
 .bss.huart2    0x0000000020000afc       0x44 ./Core/Src/main.o
                0x0000000020000afc                huart2
 .bss.htim6     0x0000000020000b40       0x48 ./Core/Src/stm32f4xx_hal_timebase_tim.o
                0x0000000020000b40                htim6
 .bss.__sbrk_heap_end
                0x0000000020000b88        0x4 ./Core/Src/sysmem.o
 .bss.uwTick    0x0000000020000b8c        0x4 ./Drivers/STM32F4xx_HAL_Driver/Src/stm32f4xx_hal.o
                0x0000000020000b8c                uwTick
 .bss._tx_block_pool_created_count
                0x0000000020000b90        0x4 ./Middlewares/ST/threadx/common/src/tx_initialize_high_level.o
                0x0000000020000b90                _tx_block_pool_created_count
 .bss._tx_block_pool_created_ptr
                0x0000000020000b94        0x4 ./Middlewares/ST/threadx/common/src/tx_initialize_high_level.o
                0x0000000020000b94                _tx_block_pool_created_ptr
 .bss._tx_byte_pool_created_count
                0x0000000020000b98        0x4 ./Middlewares/ST/threadx/common/src/tx_initialize_high_level.o
                0x0000000020000b98                _tx_byte_pool_created_count
 .bss._tx_byte_pool_created_ptr
                0x0000000020000b9c        0x4 ./Middlewares/ST/threadx/common/src/tx_initialize_high_level.o
                0x0000000020000b9c                _tx_byte_pool_created_ptr
 .bss._tx_event_flags_created_count
                0x0000000020000ba0        0x4 ./Middlewares/ST/threadx/common/src/tx_initialize_high_level.o
                0x0000000020000ba0                _tx_event_flags_created_count
 .bss._tx_event_flags_created_ptr
                0x0000000020000ba4        0x4 ./Middlewares/ST/threadx/common/src/tx_initialize_high_level.o
                0x0000000020000ba4                _tx_event_flags_created_ptr
 .bss._tx_initialize_unused_memory
                0x0000000020000ba8        0x4 ./Middlewares/ST/threadx/common/src/tx_initialize_high_level.o
                0x0000000020000ba8                _tx_initialize_unused_memory
 .bss._tx_mutex_created_count
                0x0000000020000bac        0x4 ./Middlewares/ST/threadx/common/src/tx_initialize_high_level.o
                0x0000000020000bac                _tx_mutex_created_count
 .bss._tx_mutex_created_ptr
                0x0000000020000bb0        0x4 ./Middlewares/ST/threadx/common/src/tx_initialize_high_level.o
                0x0000000020000bb0                _tx_mutex_created_ptr
 .bss._tx_queue_created_count
                0x0000000020000bb4        0x4 ./Middlewares/ST/threadx/common/src/tx_initialize_high_level.o
                0x0000000020000bb4                _tx_queue_created_count
 .bss._tx_queue_created_ptr
                0x0000000020000bb8        0x4 ./Middlewares/ST/threadx/common/src/tx_initialize_high_level.o
                0x0000000020000bb8                _tx_queue_created_ptr
 .bss._tx_semaphore_created_count
                0x0000000020000bbc        0x4 ./Middlewares/ST/threadx/common/src/tx_initialize_high_level.o
                0x0000000020000bbc                _tx_semaphore_created_count
 .bss._tx_semaphore_created_ptr
                0x0000000020000bc0        0x4 ./Middlewares/ST/threadx/common/src/tx_initialize_high_level.o
                0x0000000020000bc0                _tx_semaphore_created_ptr
 .bss._tx_build_options
                0x0000000020000bc4        0x4 ./Middlewares/ST/threadx/common/src/tx_thread_initialize.o
                0x0000000020000bc4                _tx_build_options
 .bss._tx_thread_created_count
                0x0000000020000bc8        0x4 ./Middlewares/ST/threadx/common/src/tx_thread_initialize.o
                0x0000000020000bc8                _tx_thread_created_count
 .bss._tx_thread_created_ptr
                0x0000000020000bcc        0x4 ./Middlewares/ST/threadx/common/src/tx_thread_initialize.o
                0x0000000020000bcc                _tx_thread_created_ptr
 .bss._tx_thread_current_ptr
                0x0000000020000bd0        0x4 ./Middlewares/ST/threadx/common/src/tx_thread_initialize.o
                0x0000000020000bd0                _tx_thread_current_ptr
 .bss._tx_thread_execute_ptr
                0x0000000020000bd4        0x4 ./Middlewares/ST/threadx/common/src/tx_thread_initialize.o
                0x0000000020000bd4                _tx_thread_execute_ptr
 .bss._tx_thread_highest_priority
                0x0000000020000bd8        0x4 ./Middlewares/ST/threadx/common/src/tx_thread_initialize.o
                0x0000000020000bd8                _tx_thread_highest_priority
 .bss._tx_thread_mutex_release
                0x0000000020000bdc        0x4 ./Middlewares/ST/threadx/common/src/tx_thread_initialize.o
                0x0000000020000bdc                _tx_thread_mutex_release
 .bss._tx_thread_preempt_disable
                0x0000000020000be0        0x4 ./Middlewares/ST/threadx/common/src/tx_thread_initialize.o
                0x0000000020000be0                _tx_thread_preempt_disable
 .bss._tx_thread_priority_list
                0x0000000020000be4       0x80 ./Middlewares/ST/threadx/common/src/tx_thread_initialize.o
                0x0000000020000be4                _tx_thread_priority_list
 .bss._tx_thread_priority_maps
                0x0000000020000c64        0x4 ./Middlewares/ST/threadx/common/src/tx_thread_initialize.o
                0x0000000020000c64                _tx_thread_priority_maps
 .bss._tx_thread_system_stack_ptr
                0x0000000020000c68        0x4 ./Middlewares/ST/threadx/common/src/tx_thread_initialize.o
                0x0000000020000c68                _tx_thread_system_stack_ptr
 .bss._tx_timer_created_count
                0x0000000020000c6c        0x4 ./Middlewares/ST/threadx/common/src/tx_timer_initialize.o
                0x0000000020000c6c                _tx_timer_created_count
 .bss._tx_timer_created_ptr
                0x0000000020000c70        0x4 ./Middlewares/ST/threadx/common/src/tx_timer_initialize.o
                0x0000000020000c70                _tx_timer_created_ptr
 .bss._tx_timer_current_ptr
                0x0000000020000c74        0x4 ./Middlewares/ST/threadx/common/src/tx_timer_initialize.o
                0x0000000020000c74                _tx_timer_current_ptr
 .bss._tx_timer_expired
                0x0000000020000c78        0x4 ./Middlewares/ST/threadx/common/src/tx_timer_initialize.o
                0x0000000020000c78                _tx_timer_expired
 .bss._tx_timer_expired_time_slice
                0x0000000020000c7c        0x4 ./Middlewares/ST/threadx/common/src/tx_timer_initialize.o
                0x0000000020000c7c                _tx_timer_expired_time_slice
 .bss._tx_timer_expired_timer_ptr
                0x0000000020000c80        0x4 ./Middlewares/ST/threadx/common/src/tx_timer_initialize.o
                0x0000000020000c80                _tx_timer_expired_timer_ptr
 .bss._tx_timer_list
                0x0000000020000c84       0x80 ./Middlewares/ST/threadx/common/src/tx_timer_initialize.o
                0x0000000020000c84                _tx_timer_list
 .bss._tx_timer_list_end
                0x0000000020000d04        0x4 ./Middlewares/ST/threadx/common/src/tx_timer_initialize.o
                0x0000000020000d04                _tx_timer_list_end
 .bss._tx_timer_list_start
                0x0000000020000d08        0x4 ./Middlewares/ST/threadx/common/src/tx_timer_initialize.o
                0x0000000020000d08                _tx_timer_list_start
 .bss._tx_timer_priority
                0x0000000020000d0c        0x4 ./Middlewares/ST/threadx/common/src/tx_timer_initialize.o
                0x0000000020000d0c                _tx_timer_priority
 .bss._tx_timer_stack_size
                0x0000000020000d10        0x4 ./Middlewares/ST/threadx/common/src/tx_timer_initialize.o
                0x0000000020000d10                _tx_timer_stack_size
 .bss._tx_timer_stack_start
                0x0000000020000d14        0x4 ./Middlewares/ST/threadx/common/src/tx_timer_initialize.o
                0x0000000020000d14                _tx_timer_stack_start
 .bss._tx_timer_system_clock
                0x0000000020000d18        0x4 ./Middlewares/ST/threadx/common/src/tx_timer_initialize.o
                0x0000000020000d18                _tx_timer_system_clock
 .bss._tx_timer_thread
                0x0000000020000d1c       0xb0 ./Middlewares/ST/threadx/common/src/tx_timer_initialize.o
                0x0000000020000d1c                _tx_timer_thread
 .bss._tx_timer_thread_stack_area
                0x0000000020000dcc      0x400 ./Middlewares/ST/threadx/common/src/tx_timer_initialize.o
                0x0000000020000dcc                _tx_timer_thread_stack_area
 .bss._tx_timer_time_slice
                0x00000000200011cc        0x4 ./Middlewares/ST/threadx/common/src/tx_timer_initialize.o
                0x00000000200011cc                _tx_timer_time_slice
 .bss._tx_trace_available_registry_entries
                0x00000000200011d0        0x4 ./Middlewares/ST/threadx/common/src/tx_trace_initialize.o
                0x00000000200011d0                _tx_trace_available_registry_entries
 .bss._tx_trace_buffer_current_ptr
                0x00000000200011d4        0x4 ./Middlewares/ST/threadx/common/src/tx_trace_initialize.o
                0x00000000200011d4                _tx_trace_buffer_current_ptr
 .bss._tx_trace_buffer_end_ptr
                0x00000000200011d8        0x4 ./Middlewares/ST/threadx/common/src/tx_trace_initialize.o
                0x00000000200011d8                _tx_trace_buffer_end_ptr
 .bss._tx_trace_buffer_start_ptr
                0x00000000200011dc        0x4 ./Middlewares/ST/threadx/common/src/tx_trace_initialize.o
                0x00000000200011dc                _tx_trace_buffer_start_ptr
 .bss._tx_trace_event_enable_bits
                0x00000000200011e0        0x4 ./Middlewares/ST/threadx/common/src/tx_trace_initialize.o
                0x00000000200011e0                _tx_trace_event_enable_bits
 .bss._tx_trace_full_notify_function
                0x00000000200011e4        0x4 ./Middlewares/ST/threadx/common/src/tx_trace_initialize.o
                0x00000000200011e4                _tx_trace_full_notify_function
 .bss._tx_trace_header_ptr
                0x00000000200011e8        0x4 ./Middlewares/ST/threadx/common/src/tx_trace_initialize.o
                0x00000000200011e8                _tx_trace_header_ptr
 .bss._tx_trace_registry_end_ptr
                0x00000000200011ec        0x4 ./Middlewares/ST/threadx/common/src/tx_trace_initialize.o
                0x00000000200011ec                _tx_trace_registry_end_ptr
 .bss._tx_trace_registry_search_start
                0x00000000200011f0        0x4 ./Middlewares/ST/threadx/common/src/tx_trace_initialize.o
                0x00000000200011f0                _tx_trace_registry_search_start
 .bss._tx_trace_registry_start_ptr
                0x00000000200011f4        0x4 ./Middlewares/ST/threadx/common/src/tx_trace_initialize.o
                0x00000000200011f4                _tx_trace_registry_start_ptr
 .bss._tx_trace_total_registry_entries
                0x00000000200011f8        0x4 ./Middlewares/ST/threadx/common/src/tx_trace_initialize.o
                0x00000000200011f8                _tx_trace_total_registry_entries
 .bss.__malloc_free_list
                0x00000000200011fc        0x4 c:/program files/stm32cubeide_1.12.1/st/stm32cubeide_1.12.1/stm32cubeide/plugins/com.st.stm32cube.ide.mcu.externaltools.gnu-tools-for-stm32.10.3-2021.10.win32_1.0.200.202301161003/tools/bin/../lib/gcc/arm-none-eabi/10.3.1/../../../../arm-none-eabi/lib/thumb/v7e-m+fp/hard\libc_nano.a(lib_a-nano-mallocr.o)
                0x00000000200011fc                __malloc_free_list
 .bss.__malloc_sbrk_start
                0x0000000020001200        0x4 c:/program files/stm32cubeide_1.12.1/st/stm32cubeide_1.12.1/stm32cubeide/plugins/com.st.stm32cube.ide.mcu.externaltools.gnu-tools-for-stm32.10.3-2021.10.win32_1.0.200.202301161003/tools/bin/../lib/gcc/arm-none-eabi/10.3.1/../../../../arm-none-eabi/lib/thumb/v7e-m+fp/hard\libc_nano.a(lib_a-nano-mallocr.o)
                0x0000000020001200                __malloc_sbrk_start
 .bss.errno     0x0000000020001204        0x4 c:/program files/stm32cubeide_1.12.1/st/stm32cubeide_1.12.1/stm32cubeide/plugins/com.st.stm32cube.ide.mcu.externaltools.gnu-tools-for-stm32.10.3-2021.10.win32_1.0.200.202301161003/tools/bin/../lib/gcc/arm-none-eabi/10.3.1/../../../../arm-none-eabi/lib/thumb/v7e-m+fp/hard\libc_nano.a(lib_a-reent.o)
                0x0000000020001204                errno
 .bss.__lock___malloc_recursive_mutex
                0x0000000020001208        0x1 c:/program files/stm32cubeide_1.12.1/st/stm32cubeide_1.12.1/stm32cubeide/plugins/com.st.stm32cube.ide.mcu.externaltools.gnu-tools-for-stm32.10.3-2021.10.win32_1.0.200.202301161003/tools/bin/../lib/gcc/arm-none-eabi/10.3.1/../../../../arm-none-eabi/lib/thumb/v7e-m+fp/hard\libc_nano.a(lib_a-lock.o)
                0x0000000020001208                __lock___malloc_recursive_mutex
 *(COMMON)
                0x000000002000120c                . = ALIGN (0x4)
 *fill*         0x0000000020001209        0x3 
                0x000000002000120c                _ebss = .
                0x000000002000120c                __bss_end__ = _ebss

._user_heap_stack
                0x000000002000120c      0x604 load address 0x0000000008003718
                0x0000000020001210                . = ALIGN (0x8)
 *fill*         0x000000002000120c        0x4 
                [!provide]                        PROVIDE (end = .)
                0x0000000020001210                PROVIDE (_end = .)
                0x0000000020001410                . = (. + _Min_Heap_Size)
 *fill*         0x0000000020001210      0x200 
                0x0000000020001810                . = (. + _Min_Stack_Size)
 *fill*         0x0000000020001410      0x400 
                0x0000000020001810                . = ALIGN (0x8)

/DISCARD/
 libc.a(*)
 libm.a(*)
 libgcc.a(*)

.ARM.attributes
                0x0000000000000000       0x30
 *(.ARM.attributes)
 .ARM.attributes
                0x0000000000000000       0x1e c:/program files/stm32cubeide_1.12.1/st/stm32cubeide_1.12.1/stm32cubeide/plugins/com.st.stm32cube.ide.mcu.externaltools.gnu-tools-for-stm32.10.3-2021.10.win32_1.0.200.202301161003/tools/bin/../lib/gcc/arm-none-eabi/10.3.1/thumb/v7e-m+fp/hard/crti.o
 .ARM.attributes
                0x000000000000001e       0x34 c:/program files/stm32cubeide_1.12.1/st/stm32cubeide_1.12.1/stm32cubeide/plugins/com.st.stm32cube.ide.mcu.externaltools.gnu-tools-for-stm32.10.3-2021.10.win32_1.0.200.202301161003/tools/bin/../lib/gcc/arm-none-eabi/10.3.1/thumb/v7e-m+fp/hard/crtbegin.o
 .ARM.attributes
                0x0000000000000052       0x34 ./AZURE_RTOS/App/app_azure_rtos.o
 .ARM.attributes
                0x0000000000000086       0x34 ./Core/Src/app_threadx.o
 .ARM.attributes
                0x00000000000000ba       0x34 ./Core/Src/main.o
 .ARM.attributes
                0x00000000000000ee       0x34 ./Core/Src/stm32f4xx_hal_msp.o
 .ARM.attributes
                0x0000000000000122       0x34 ./Core/Src/stm32f4xx_hal_timebase_tim.o
 .ARM.attributes
                0x0000000000000156       0x34 ./Core/Src/stm32f4xx_it.o
 .ARM.attributes
                0x000000000000018a       0x34 ./Core/Src/sysmem.o
 .ARM.attributes
                0x00000000000001be       0x34 ./Core/Src/system_stm32f4xx.o
 .ARM.attributes
                0x00000000000001f2       0x20 ./Core/Src/tx_initialize_low_level.o
 .ARM.attributes
                0x0000000000000212       0x21 ./Core/Startup/startup_stm32f446retx.o
 .ARM.attributes
                0x0000000000000233       0x34 ./Drivers/STM32F4xx_HAL_Driver/Src/stm32f4xx_hal.o
 .ARM.attributes
                0x0000000000000267       0x34 ./Drivers/STM32F4xx_HAL_Driver/Src/stm32f4xx_hal_cortex.o
 .ARM.attributes
                0x000000000000029b       0x34 ./Drivers/STM32F4xx_HAL_Driver/Src/stm32f4xx_hal_gpio.o
 .ARM.attributes
                0x00000000000002cf       0x34 ./Drivers/STM32F4xx_HAL_Driver/Src/stm32f4xx_hal_rcc.o
 .ARM.attributes
                0x0000000000000303       0x34 ./Drivers/STM32F4xx_HAL_Driver/Src/stm32f4xx_hal_rcc_ex.o
 .ARM.attributes
                0x0000000000000337       0x34 ./Drivers/STM32F4xx_HAL_Driver/Src/stm32f4xx_hal_tim.o
 .ARM.attributes
                0x000000000000036b       0x34 ./Drivers/STM32F4xx_HAL_Driver/Src/stm32f4xx_hal_tim_ex.o
 .ARM.attributes
                0x000000000000039f       0x34 ./Drivers/STM32F4xx_HAL_Driver/Src/stm32f4xx_hal_uart.o
 .ARM.attributes
                0x00000000000003d3       0x34 ./Middlewares/ST/threadx/common/src/tx_byte_pool_create.o
 .ARM.attributes
                0x0000000000000407       0x34 ./Middlewares/ST/threadx/common/src/tx_initialize_high_level.o
 .ARM.attributes
                0x000000000000043b       0x34 ./Middlewares/ST/threadx/common/src/tx_initialize_kernel_enter.o
 .ARM.attributes
                0x000000000000046f       0x34 ./Middlewares/ST/threadx/common/src/tx_thread_create.o
 .ARM.attributes
                0x00000000000004a3       0x34 ./Middlewares/ST/threadx/common/src/tx_thread_initialize.o
 .ARM.attributes
                0x00000000000004d7       0x34 ./Middlewares/ST/threadx/common/src/tx_thread_shell_entry.o
 .ARM.attributes
                0x000000000000050b       0x34 ./Middlewares/ST/threadx/common/src/tx_thread_system_preempt_check.o
 .ARM.attributes
                0x000000000000053f       0x34 ./Middlewares/ST/threadx/common/src/tx_thread_system_resume.o
 .ARM.attributes
                0x0000000000000573       0x34 ./Middlewares/ST/threadx/common/src/tx_thread_system_suspend.o
 .ARM.attributes
                0x00000000000005a7       0x34 ./Middlewares/ST/threadx/common/src/tx_thread_time_slice.o
 .ARM.attributes
                0x00000000000005db       0x34 ./Middlewares/ST/threadx/common/src/tx_thread_timeout.o
 .ARM.attributes
                0x000000000000060f       0x34 ./Middlewares/ST/threadx/common/src/tx_timer_expiration_process.o
 .ARM.attributes
                0x0000000000000643       0x34 ./Middlewares/ST/threadx/common/src/tx_timer_initialize.o
 .ARM.attributes
                0x0000000000000677       0x34 ./Middlewares/ST/threadx/common/src/tx_timer_system_activate.o
 .ARM.attributes
                0x00000000000006ab       0x34 ./Middlewares/ST/threadx/common/src/tx_timer_system_deactivate.o
 .ARM.attributes
                0x00000000000006df       0x34 ./Middlewares/ST/threadx/common/src/tx_timer_thread_entry.o
 .ARM.attributes
                0x0000000000000713       0x34 ./Middlewares/ST/threadx/common/src/tx_trace_initialize.o
 .ARM.attributes
                0x0000000000000747       0x34 ./Middlewares/ST/threadx/common/src/tx_trace_object_register.o
 .ARM.attributes
                0x000000000000077b       0x34 ./Middlewares/ST/threadx/common/src/txe_byte_pool_create.o
 .ARM.attributes
                0x00000000000007af       0x34 ./Middlewares/ST/threadx/common/src/txe_thread_create.o
 .ARM.attributes
                0x00000000000007e3       0x20 ./Middlewares/ST/threadx/ports/cortex_m4/gnu/src/tx_thread_schedule.o
 .ARM.attributes
                0x0000000000000803       0x20 ./Middlewares/ST/threadx/ports/cortex_m4/gnu/src/tx_thread_stack_build.o
 .ARM.attributes
                0x0000000000000823       0x20 ./Middlewares/ST/threadx/ports/cortex_m4/gnu/src/tx_timer_interrupt.o
 .ARM.attributes
                0x0000000000000843       0x34 c:/program files/stm32cubeide_1.12.1/st/stm32cubeide_1.12.1/stm32cubeide/plugins/com.st.stm32cube.ide.mcu.externaltools.gnu-tools-for-stm32.10.3-2021.10.win32_1.0.200.202301161003/tools/bin/../lib/gcc/arm-none-eabi/10.3.1/../../../../arm-none-eabi/lib/thumb/v7e-m+fp/hard\libc_nano.a(lib_a-errno.o)
 .ARM.attributes
                0x0000000000000877       0x34 c:/program files/stm32cubeide_1.12.1/st/stm32cubeide_1.12.1/stm32cubeide/plugins/com.st.stm32cube.ide.mcu.externaltools.gnu-tools-for-stm32.10.3-2021.10.win32_1.0.200.202301161003/tools/bin/../lib/gcc/arm-none-eabi/10.3.1/../../../../arm-none-eabi/lib/thumb/v7e-m+fp/hard\libc_nano.a(lib_a-impure.o)
 .ARM.attributes
                0x00000000000008ab       0x34 c:/program files/stm32cubeide_1.12.1/st/stm32cubeide_1.12.1/stm32cubeide/plugins/com.st.stm32cube.ide.mcu.externaltools.gnu-tools-for-stm32.10.3-2021.10.win32_1.0.200.202301161003/tools/bin/../lib/gcc/arm-none-eabi/10.3.1/../../../../arm-none-eabi/lib/thumb/v7e-m+fp/hard\libc_nano.a(lib_a-init.o)
 .ARM.attributes
                0x00000000000008df       0x34 c:/program files/stm32cubeide_1.12.1/st/stm32cubeide_1.12.1/stm32cubeide/plugins/com.st.stm32cube.ide.mcu.externaltools.gnu-tools-for-stm32.10.3-2021.10.win32_1.0.200.202301161003/tools/bin/../lib/gcc/arm-none-eabi/10.3.1/../../../../arm-none-eabi/lib/thumb/v7e-m+fp/hard\libc_nano.a(lib_a-memset.o)
 .ARM.attributes
                0x0000000000000913       0x34 c:/program files/stm32cubeide_1.12.1/st/stm32cubeide_1.12.1/stm32cubeide/plugins/com.st.stm32cube.ide.mcu.externaltools.gnu-tools-for-stm32.10.3-2021.10.win32_1.0.200.202301161003/tools/bin/../lib/gcc/arm-none-eabi/10.3.1/../../../../arm-none-eabi/lib/thumb/v7e-m+fp/hard\libc_nano.a(lib_a-sprintf.o)
 .ARM.attributes
                0x0000000000000947       0x34 c:/program files/stm32cubeide_1.12.1/st/stm32cubeide_1.12.1/stm32cubeide/plugins/com.st.stm32cube.ide.mcu.externaltools.gnu-tools-for-stm32.10.3-2021.10.win32_1.0.200.202301161003/tools/bin/../lib/gcc/arm-none-eabi/10.3.1/../../../../arm-none-eabi/lib/thumb/v7e-m+fp/hard\libc_nano.a(lib_a-strcpy.o)
 .ARM.attributes
                0x000000000000097b       0x34 c:/program files/stm32cubeide_1.12.1/st/stm32cubeide_1.12.1/stm32cubeide/plugins/com.st.stm32cube.ide.mcu.externaltools.gnu-tools-for-stm32.10.3-2021.10.win32_1.0.200.202301161003/tools/bin/../lib/gcc/arm-none-eabi/10.3.1/../../../../arm-none-eabi/lib/thumb/v7e-m+fp/hard\libc_nano.a(lib_a-nano-svfprintf.o)
 .ARM.attributes
                0x00000000000009af       0x34 c:/program files/stm32cubeide_1.12.1/st/stm32cubeide_1.12.1/stm32cubeide/plugins/com.st.stm32cube.ide.mcu.externaltools.gnu-tools-for-stm32.10.3-2021.10.win32_1.0.200.202301161003/tools/bin/../lib/gcc/arm-none-eabi/10.3.1/../../../../arm-none-eabi/lib/thumb/v7e-m+fp/hard\libc_nano.a(lib_a-nano-vfprintf_i.o)
 .ARM.attributes
                0x00000000000009e3       0x1c c:/program files/stm32cubeide_1.12.1/st/stm32cubeide_1.12.1/stm32cubeide/plugins/com.st.stm32cube.ide.mcu.externaltools.gnu-tools-for-stm32.10.3-2021.10.win32_1.0.200.202301161003/tools/bin/../lib/gcc/arm-none-eabi/10.3.1/../../../../arm-none-eabi/lib/thumb/v7e-m+fp/hard\libc_nano.a(lib_a-memchr.o)
 .ARM.attributes
                0x00000000000009ff       0x34 c:/program files/stm32cubeide_1.12.1/st/stm32cubeide_1.12.1/stm32cubeide/plugins/com.st.stm32cube.ide.mcu.externaltools.gnu-tools-for-stm32.10.3-2021.10.win32_1.0.200.202301161003/tools/bin/../lib/gcc/arm-none-eabi/10.3.1/../../../../arm-none-eabi/lib/thumb/v7e-m+fp/hard\libc_nano.a(lib_a-memcpy-stub.o)
 .ARM.attributes
                0x0000000000000a33       0x34 c:/program files/stm32cubeide_1.12.1/st/stm32cubeide_1.12.1/stm32cubeide/plugins/com.st.stm32cube.ide.mcu.externaltools.gnu-tools-for-stm32.10.3-2021.10.win32_1.0.200.202301161003/tools/bin/../lib/gcc/arm-none-eabi/10.3.1/../../../../arm-none-eabi/lib/thumb/v7e-m+fp/hard\libc_nano.a(lib_a-memmove.o)
 .ARM.attributes
                0x0000000000000a67       0x34 c:/program files/stm32cubeide_1.12.1/st/stm32cubeide_1.12.1/stm32cubeide/plugins/com.st.stm32cube.ide.mcu.externaltools.gnu-tools-for-stm32.10.3-2021.10.win32_1.0.200.202301161003/tools/bin/../lib/gcc/arm-none-eabi/10.3.1/../../../../arm-none-eabi/lib/thumb/v7e-m+fp/hard\libc_nano.a(lib_a-nano-freer.o)
 .ARM.attributes
                0x0000000000000a9b       0x34 c:/program files/stm32cubeide_1.12.1/st/stm32cubeide_1.12.1/stm32cubeide/plugins/com.st.stm32cube.ide.mcu.externaltools.gnu-tools-for-stm32.10.3-2021.10.win32_1.0.200.202301161003/tools/bin/../lib/gcc/arm-none-eabi/10.3.1/../../../../arm-none-eabi/lib/thumb/v7e-m+fp/hard\libc_nano.a(lib_a-nano-mallocr.o)
 .ARM.attributes
                0x0000000000000acf       0x34 c:/program files/stm32cubeide_1.12.1/st/stm32cubeide_1.12.1/stm32cubeide/plugins/com.st.stm32cube.ide.mcu.externaltools.gnu-tools-for-stm32.10.3-2021.10.win32_1.0.200.202301161003/tools/bin/../lib/gcc/arm-none-eabi/10.3.1/../../../../arm-none-eabi/lib/thumb/v7e-m+fp/hard\libc_nano.a(lib_a-nano-reallocr.o)
 .ARM.attributes
                0x0000000000000b03       0x34 c:/program files/stm32cubeide_1.12.1/st/stm32cubeide_1.12.1/stm32cubeide/plugins/com.st.stm32cube.ide.mcu.externaltools.gnu-tools-for-stm32.10.3-2021.10.win32_1.0.200.202301161003/tools/bin/../lib/gcc/arm-none-eabi/10.3.1/../../../../arm-none-eabi/lib/thumb/v7e-m+fp/hard\libc_nano.a(lib_a-sbrkr.o)
 .ARM.attributes
                0x0000000000000b37       0x34 c:/program files/stm32cubeide_1.12.1/st/stm32cubeide_1.12.1/stm32cubeide/plugins/com.st.stm32cube.ide.mcu.externaltools.gnu-tools-for-stm32.10.3-2021.10.win32_1.0.200.202301161003/tools/bin/../lib/gcc/arm-none-eabi/10.3.1/../../../../arm-none-eabi/lib/thumb/v7e-m+fp/hard\libc_nano.a(lib_a-mlock.o)
 .ARM.attributes
                0x0000000000000b6b       0x34 c:/program files/stm32cubeide_1.12.1/st/stm32cubeide_1.12.1/stm32cubeide/plugins/com.st.stm32cube.ide.mcu.externaltools.gnu-tools-for-stm32.10.3-2021.10.win32_1.0.200.202301161003/tools/bin/../lib/gcc/arm-none-eabi/10.3.1/../../../../arm-none-eabi/lib/thumb/v7e-m+fp/hard\libc_nano.a(lib_a-nano-msizer.o)
 .ARM.attributes
                0x0000000000000b9f       0x34 c:/program files/stm32cubeide_1.12.1/st/stm32cubeide_1.12.1/stm32cubeide/plugins/com.st.stm32cube.ide.mcu.externaltools.gnu-tools-for-stm32.10.3-2021.10.win32_1.0.200.202301161003/tools/bin/../lib/gcc/arm-none-eabi/10.3.1/../../../../arm-none-eabi/lib/thumb/v7e-m+fp/hard\libc_nano.a(lib_a-reent.o)
 .ARM.attributes
                0x0000000000000bd3       0x34 c:/program files/stm32cubeide_1.12.1/st/stm32cubeide_1.12.1/stm32cubeide/plugins/com.st.stm32cube.ide.mcu.externaltools.gnu-tools-for-stm32.10.3-2021.10.win32_1.0.200.202301161003/tools/bin/../lib/gcc/arm-none-eabi/10.3.1/../../../../arm-none-eabi/lib/thumb/v7e-m+fp/hard\libc_nano.a(lib_a-lock.o)
 .ARM.attributes
                0x0000000000000c07       0x1e c:/program files/stm32cubeide_1.12.1/st/stm32cubeide_1.12.1/stm32cubeide/plugins/com.st.stm32cube.ide.mcu.externaltools.gnu-tools-for-stm32.10.3-2021.10.win32_1.0.200.202301161003/tools/bin/../lib/gcc/arm-none-eabi/10.3.1/thumb/v7e-m+fp/hard\libgcc.a(_aeabi_uldivmod.o)
 .ARM.attributes
                0x0000000000000c25       0x34 c:/program files/stm32cubeide_1.12.1/st/stm32cubeide_1.12.1/stm32cubeide/plugins/com.st.stm32cube.ide.mcu.externaltools.gnu-tools-for-stm32.10.3-2021.10.win32_1.0.200.202301161003/tools/bin/../lib/gcc/arm-none-eabi/10.3.1/thumb/v7e-m+fp/hard\libgcc.a(_udivmoddi4.o)
 .ARM.attributes
                0x0000000000000c59       0x1e c:/program files/stm32cubeide_1.12.1/st/stm32cubeide_1.12.1/stm32cubeide/plugins/com.st.stm32cube.ide.mcu.externaltools.gnu-tools-for-stm32.10.3-2021.10.win32_1.0.200.202301161003/tools/bin/../lib/gcc/arm-none-eabi/10.3.1/thumb/v7e-m+fp/hard\libgcc.a(_dvmd_tls.o)
 .ARM.attributes
                0x0000000000000c77       0x1e c:/program files/stm32cubeide_1.12.1/st/stm32cubeide_1.12.1/stm32cubeide/plugins/com.st.stm32cube.ide.mcu.externaltools.gnu-tools-for-stm32.10.3-2021.10.win32_1.0.200.202301161003/tools/bin/../lib/gcc/arm-none-eabi/10.3.1/thumb/v7e-m+fp/hard/crtn.o
OUTPUT(MotionControl.elf elf32-littlearm)
LOAD linker stubs
LOAD c:/program files/stm32cubeide_1.12.1/st/stm32cubeide_1.12.1/stm32cubeide/plugins/com.st.stm32cube.ide.mcu.externaltools.gnu-tools-for-stm32.10.3-2021.10.win32_1.0.200.202301161003/tools/bin/../lib/gcc/arm-none-eabi/10.3.1/../../../../arm-none-eabi/lib/thumb/v7e-m+fp/hard\libc.a
LOAD c:/program files/stm32cubeide_1.12.1/st/stm32cubeide_1.12.1/stm32cubeide/plugins/com.st.stm32cube.ide.mcu.externaltools.gnu-tools-for-stm32.10.3-2021.10.win32_1.0.200.202301161003/tools/bin/../lib/gcc/arm-none-eabi/10.3.1/../../../../arm-none-eabi/lib/thumb/v7e-m+fp/hard\libm.a
LOAD c:/program files/stm32cubeide_1.12.1/st/stm32cubeide_1.12.1/stm32cubeide/plugins/com.st.stm32cube.ide.mcu.externaltools.gnu-tools-for-stm32.10.3-2021.10.win32_1.0.200.202301161003/tools/bin/../lib/gcc/arm-none-eabi/10.3.1/thumb/v7e-m+fp/hard\libgcc.a

.comment        0x0000000000000000       0x50
 .comment       0x0000000000000000       0x50 ./AZURE_RTOS/App/app_azure_rtos.o
                                         0x51 (size before relaxing)
 .comment       0x0000000000000050       0x51 ./Core/Src/app_threadx.o
 .comment       0x0000000000000050       0x51 ./Core/Src/main.o
 .comment       0x0000000000000050       0x51 ./Core/Src/stm32f4xx_hal_msp.o
 .comment       0x0000000000000050       0x51 ./Core/Src/stm32f4xx_hal_timebase_tim.o
 .comment       0x0000000000000050       0x51 ./Core/Src/stm32f4xx_it.o
 .comment       0x0000000000000050       0x51 ./Core/Src/sysmem.o
 .comment       0x0000000000000050       0x51 ./Core/Src/system_stm32f4xx.o
 .comment       0x0000000000000050       0x51 ./Drivers/STM32F4xx_HAL_Driver/Src/stm32f4xx_hal.o
 .comment       0x0000000000000050       0x51 ./Drivers/STM32F4xx_HAL_Driver/Src/stm32f4xx_hal_cortex.o
 .comment       0x0000000000000050       0x51 ./Drivers/STM32F4xx_HAL_Driver/Src/stm32f4xx_hal_gpio.o
 .comment       0x0000000000000050       0x51 ./Drivers/STM32F4xx_HAL_Driver/Src/stm32f4xx_hal_rcc.o
 .comment       0x0000000000000050       0x51 ./Drivers/STM32F4xx_HAL_Driver/Src/stm32f4xx_hal_rcc_ex.o
 .comment       0x0000000000000050       0x51 ./Drivers/STM32F4xx_HAL_Driver/Src/stm32f4xx_hal_tim.o
 .comment       0x0000000000000050       0x51 ./Drivers/STM32F4xx_HAL_Driver/Src/stm32f4xx_hal_tim_ex.o
 .comment       0x0000000000000050       0x51 ./Drivers/STM32F4xx_HAL_Driver/Src/stm32f4xx_hal_uart.o
 .comment       0x0000000000000050       0x51 ./Middlewares/ST/threadx/common/src/tx_byte_pool_create.o
 .comment       0x0000000000000050       0x51 ./Middlewares/ST/threadx/common/src/tx_initialize_high_level.o
 .comment       0x0000000000000050       0x51 ./Middlewares/ST/threadx/common/src/tx_initialize_kernel_enter.o
 .comment       0x0000000000000050       0x51 ./Middlewares/ST/threadx/common/src/tx_thread_create.o
 .comment       0x0000000000000050       0x51 ./Middlewares/ST/threadx/common/src/tx_thread_initialize.o
 .comment       0x0000000000000050       0x51 ./Middlewares/ST/threadx/common/src/tx_thread_shell_entry.o
 .comment       0x0000000000000050       0x51 ./Middlewares/ST/threadx/common/src/tx_thread_system_preempt_check.o
 .comment       0x0000000000000050       0x51 ./Middlewares/ST/threadx/common/src/tx_thread_system_resume.o
 .comment       0x0000000000000050       0x51 ./Middlewares/ST/threadx/common/src/tx_thread_system_suspend.o